Component: ARM Compiler 5.06 update 5 (build 528) Tool: armlink [4d35e2]

==============================================================================

Section Cross References

    main.o(.text) refers to hw2.o(.text) for initialize_serial_debug
    main.o(.text) refers to hw3.o(.text) for hw3_main
    main.o(.text) refers to hw3.o(.data) for STUDENT_NAME
    hw3_staff.o(.text) refers to hw3_staff.o(.data) for lfsr
    hw3_staff.o(.text) refers to hw3_staff.o(.constdata) for MOV_DIR
    hw3.o(.text) refers to lcd.o(.text) for lcd_config_gpio
    hw3.o(.text) refers to ps2.o(.text) for ps2_hw3_initialize
    hw3.o(.text) refers to hw3_staff.o(.text) for hw3_hardware_validate
    lcd.o(.text) refers to lcd.o(i.lcd_write_data_u16) for lcd_write_data_u16
    lcd.o(.text) refers to gpio_port.o(.text) for gpio_enable_port
    ps2.o(.text) refers to gpio_port.o(.text) for gpio_enable_port
    ps2.o(.text) refers to adc.o(.text) for initialize_adc
    startup_tm4c123.o(RESET) refers to startup_tm4c123.o(STACK) for __initial_sp
    startup_tm4c123.o(RESET) refers to startup_tm4c123.o(.text) for Reset_Handler
    startup_tm4c123.o(RESET) refers to hw3_interrupts.o(.text) for ADC0SS2_Handler
    startup_tm4c123.o(.text) refers to system_tm4c123.o(.text) for SystemInit
    startup_tm4c123.o(.text) refers to entry.o(.ARM.Collect$$$$00000000) for __main
    system_tm4c123.o(.text) refers to system_tm4c123.o(.data) for SystemCoreClock
    entry.o(.ARM.Collect$$$$00000000) refers (Special) to entry10a.o(.ARM.Collect$$$$0000000D) for __rt_final_cpp
    entry.o(.ARM.Collect$$$$00000000) refers (Special) to entry11a.o(.ARM.Collect$$$$0000000F) for __rt_final_exit
    entry.o(.ARM.Collect$$$$00000000) refers (Special) to entry7b.o(.ARM.Collect$$$$00000008) for _main_clock
    entry.o(.ARM.Collect$$$$00000000) refers (Special) to entry8b.o(.ARM.Collect$$$$0000000A) for _main_cpp_init
    entry.o(.ARM.Collect$$$$00000000) refers (Special) to entry9a.o(.ARM.Collect$$$$0000000B) for _main_init
    entry.o(.ARM.Collect$$$$00000000) refers (Special) to entry5.o(.ARM.Collect$$$$00000004) for _main_scatterload
    entry.o(.ARM.Collect$$$$00000000) refers (Special) to entry2.o(.ARM.Collect$$$$00000001) for _main_stk
    entry2.o(.ARM.Collect$$$$00000001) refers to entry2.o(.ARM.Collect$$$$00002712) for __lit__00000000
    entry2.o(.ARM.Collect$$$$00002712) refers to startup_tm4c123.o(STACK) for __initial_sp
    entry2.o(__vectab_stack_and_reset_area) refers to startup_tm4c123.o(STACK) for __initial_sp
    entry2.o(__vectab_stack_and_reset_area) refers to entry.o(.ARM.Collect$$$$00000000) for __main
    entry5.o(.ARM.Collect$$$$00000004) refers to init.o(.text) for __scatterload
    entry9a.o(.ARM.Collect$$$$0000000B) refers to main.o(.text) for main
    entry9b.o(.ARM.Collect$$$$0000000C) refers to main.o(.text) for main
    init.o(.text) refers to entry5.o(.ARM.Collect$$$$00000004) for __main_after_scatterload


==============================================================================

Removing Unused input sections from the image.

    Removing main.o(.rev16_text), (4 bytes).
    Removing main.o(.revsh_text), (4 bytes).
    Removing main.o(.rrx_text), (6 bytes).
    Removing hw3_staff.o(.rev16_text), (4 bytes).
    Removing hw3_staff.o(.revsh_text), (4 bytes).
    Removing hw3_staff.o(.rrx_text), (6 bytes).
    Removing hw3.o(.rev16_text), (4 bytes).
    Removing hw3.o(.revsh_text), (4 bytes).
    Removing hw3.o(.rrx_text), (6 bytes).
    Removing hw3_interrupts.o(.rev16_text), (4 bytes).
    Removing hw3_interrupts.o(.revsh_text), (4 bytes).
    Removing hw3_interrupts.o(.rrx_text), (6 bytes).
    Removing hw3_interrupts.o(.data), (4 bytes).
    Removing hw3_images.o(.constdata), (927 bytes).
    Removing gpio_port.o(.rev16_text), (4 bytes).
    Removing gpio_port.o(.revsh_text), (4 bytes).
    Removing gpio_port.o(.rrx_text), (6 bytes).
    Removing timers.o(.rev16_text), (4 bytes).
    Removing timers.o(.revsh_text), (4 bytes).
    Removing timers.o(.rrx_text), (6 bytes).
    Removing timers.o(.text), (372 bytes).
    Removing adc.o(.rev16_text), (4 bytes).
    Removing adc.o(.revsh_text), (4 bytes).
    Removing adc.o(.rrx_text), (6 bytes).
    Removing lcd.o(.rev16_text), (4 bytes).
    Removing lcd.o(.revsh_text), (4 bytes).
    Removing lcd.o(.rrx_text), (6 bytes).
    Removing ps2.o(.rev16_text), (4 bytes).
    Removing ps2.o(.revsh_text), (4 bytes).
    Removing ps2.o(.rrx_text), (6 bytes).
    Removing startup_tm4c123.o(HEAP), (0 bytes).
    Removing system_tm4c123.o(.rev16_text), (4 bytes).
    Removing system_tm4c123.o(.revsh_text), (4 bytes).
    Removing system_tm4c123.o(.rrx_text), (6 bytes).
    Removing hw2.o(.rev16_text), (4 bytes).
    Removing hw2.o(.revsh_text), (4 bytes).
    Removing hw2.o(.rrx_text), (6 bytes).

37 unused section(s) (total 1457 bytes) removed from the image.

==============================================================================

Image Symbol Table

    Local Symbols

    Symbol Name                              Value     Ov Type        Size  Object(Section)

    RESET                                    0x00000000   Section      620  startup_tm4c123.o(RESET)
    ../clib/microlib/init/entry.s            0x00000000   Number         0  entry11b.o ABSOLUTE
    ../clib/microlib/init/entry.s            0x00000000   Number         0  entry9b.o ABSOLUTE
    ../clib/microlib/init/entry.s            0x00000000   Number         0  entry11a.o ABSOLUTE
    ../clib/microlib/init/entry.s            0x00000000   Number         0  entry10b.o ABSOLUTE
    ../clib/microlib/init/entry.s            0x00000000   Number         0  entry9a.o ABSOLUTE
    ../clib/microlib/init/entry.s            0x00000000   Number         0  entry10a.o ABSOLUTE
    ../clib/microlib/init/entry.s            0x00000000   Number         0  entry8b.o ABSOLUTE
    ../clib/microlib/init/entry.s            0x00000000   Number         0  entry8a.o ABSOLUTE
    ../clib/microlib/init/entry.s            0x00000000   Number         0  entry.o ABSOLUTE
    ../clib/microlib/init/entry.s            0x00000000   Number         0  entry7b.o ABSOLUTE
    ../clib/microlib/init/entry.s            0x00000000   Number         0  entry2.o ABSOLUTE
    ../clib/microlib/init/entry.s            0x00000000   Number         0  entry7a.o ABSOLUTE
    ../clib/microlib/init/entry.s            0x00000000   Number         0  entry5.o ABSOLUTE
    ..\\drivers\\c\\adc.c                    0x00000000   Number         0  adc.o ABSOLUTE
    ..\\drivers\\c\\gpio_port.c              0x00000000   Number         0  gpio_port.o ABSOLUTE
    ..\\drivers\\c\\timers.c                 0x00000000   Number         0  timers.o ABSOLUTE
    ..\\peripherals\\c\\lcd.c                0x00000000   Number         0  lcd.o ABSOLUTE
    ..\\peripherals\\c\\ps2.c                0x00000000   Number         0  ps2.o ABSOLUTE
    ..\drivers\c\adc.c                       0x00000000   Number         0  adc.o ABSOLUTE
    ..\drivers\c\gpio_port.c                 0x00000000   Number         0  gpio_port.o ABSOLUTE
    ..\drivers\c\timers.c                    0x00000000   Number         0  timers.o ABSOLUTE
    ..\peripherals\c\lcd.c                   0x00000000   Number         0  lcd.o ABSOLUTE
    ..\peripherals\c\ps2.c                   0x00000000   Number         0  ps2.o ABSOLUTE
    RTE\Device\TM4C123GH6PM\startup_TM4C123.s 0x00000000   Number         0  startup_tm4c123.o ABSOLUTE
    RTE\Device\TM4C123GH6PM\system_TM4C123.c 0x00000000   Number         0  system_tm4c123.o ABSOLUTE
    RTE\\Device\\TM4C123GH6PM\\system_TM4C123.c 0x00000000   Number         0  system_tm4c123.o ABSOLUTE
    dc.s                                     0x00000000   Number         0  dc.o ABSOLUTE
    handlers.s                               0x00000000   Number         0  handlers.o ABSOLUTE
    hw2.c                                    0x00000000   Number         0  hw2.o ABSOLUTE
    hw2.c                                    0x00000000   Number         0  hw2.o ABSOLUTE
    hw3.c                                    0x00000000   Number         0  hw3.o ABSOLUTE
    hw3.c                                    0x00000000   Number         0  hw3.o ABSOLUTE
    hw3_images.c                             0x00000000   Number         0  hw3_images.o ABSOLUTE
    hw3_interrupts.c                         0x00000000   Number         0  hw3_interrupts.o ABSOLUTE
    hw3_interrupts.c                         0x00000000   Number         0  hw3_interrupts.o ABSOLUTE
    hw3_staff.c                              0x00000000   Number         0  hw3_staff.o ABSOLUTE
    hw3_staff.c                              0x00000000   Number         0  hw3_staff.o ABSOLUTE
    init.s                                   0x00000000   Number         0  init.o ABSOLUTE
    main.c                                   0x00000000   Number         0  main.o ABSOLUTE
    main.c                                   0x00000000   Number         0  main.o ABSOLUTE
    .ARM.Collect$$$$00000000                 0x0000026c   Section        0  entry.o(.ARM.Collect$$$$00000000)
    .ARM.Collect$$$$00000001                 0x0000026c   Section        4  entry2.o(.ARM.Collect$$$$00000001)
    .ARM.Collect$$$$00000004                 0x00000270   Section        4  entry5.o(.ARM.Collect$$$$00000004)
    .ARM.Collect$$$$00000008                 0x00000274   Section        0  entry7b.o(.ARM.Collect$$$$00000008)
    .ARM.Collect$$$$0000000A                 0x00000274   Section        0  entry8b.o(.ARM.Collect$$$$0000000A)
    .ARM.Collect$$$$0000000B                 0x00000274   Section        8  entry9a.o(.ARM.Collect$$$$0000000B)
    .ARM.Collect$$$$0000000D                 0x0000027c   Section        0  entry10a.o(.ARM.Collect$$$$0000000D)
    .ARM.Collect$$$$0000000F                 0x0000027c   Section        0  entry11a.o(.ARM.Collect$$$$0000000F)
    .ARM.Collect$$$$00002712                 0x0000027c   Section        4  entry2.o(.ARM.Collect$$$$00002712)
    __lit__00000000                          0x0000027c   Data           4  entry2.o(.ARM.Collect$$$$00002712)
    .text                                    0x00000280   Section        0  main.o(.text)
    .text                                    0x00000310   Section        0  hw3_staff.o(.text)
    .text                                    0x00000390   Section        0  hw3.o(.text)
    .text                                    0x000003c6   Section        0  hw3_interrupts.o(.text)
    .text                                    0x000003d0   Section        0  gpio_port.o(.text)
    verify_base_addr                         0x000003d1   Thumb Code    64  gpio_port.o(.text)
    .text                                    0x00000644   Section        0  adc.o(.text)
    .text                                    0x000006e0   Section        0  lcd.o(.text)
    delayms                                  0x000006e1   Thumb Code    26  lcd.o(.text)
    lcd_write_cmd_u8                         0x000006fb   Thumb Code    34  lcd.o(.text)
    lcd_write_data_u8                        0x0000071d   Thumb Code    36  lcd.o(.text)
    .text                                    0x00000b74   Section        0  ps2.o(.text)
    initialize_adc_gpio_pins                 0x00000b75   Thumb Code    34  ps2.o(.text)
    .text                                    0x00000c78   Section      252  startup_tm4c123.o(.text)
    $v0                                      0x00000c78   Number         0  startup_tm4c123.o(.text)
    .text                                    0x00000d74   Section        0  system_tm4c123.o(.text)
    getOscClk                                0x00000d75   Thumb Code   182  system_tm4c123.o(.text)
    .text                                    0x00000fc0   Section        0  hw2.o(.text)
    .text                                    0x00001110   Section       36  init.o(.text)
    i.__scatterload_copy                     0x00001134   Section       14  handlers.o(i.__scatterload_copy)
    i.__scatterload_null                     0x00001142   Section        2  handlers.o(i.__scatterload_null)
    i.__scatterload_zeroinit                 0x00001144   Section       14  handlers.o(i.__scatterload_zeroinit)
    i.lcd_write_data_u16                     0x00001154   Section        0  lcd.o(i.lcd_write_data_u16)
    .constdata                               0x000011a0   Section       20  hw3_staff.o(.constdata)
    MOVE_AMOUNT                              0x000011a0   Data          16  hw3_staff.o(.constdata)
    MOV_DIR                                  0x000011b0   Data           4  hw3_staff.o(.constdata)
    .data                                    0x20000000   Section        2  hw3_staff.o(.data)
    lfsr                                     0x20000000   Data           2  hw3_staff.o(.data)
    .data                                    0x20000002   Section       30  hw3.o(.data)
    .data                                    0x20000020   Section        4  system_tm4c123.o(.data)
    STACK                                    0x20000028   Section      512  startup_tm4c123.o(STACK)

    Global Symbols

    Symbol Name                              Value     Ov Type        Size  Object(Section)

    BuildAttributes$$THM_ISAv4$E$P$D$K$B$S$7EM$VFPi3$EXTD16$VFPS$VFMA$PE$A:L22UL41UL21$X:L11$S22US41US21$IEEE1$IW$USESV6$~STKCKD$USESV7$~SHL$OSPACE$EBA8$MICROLIB$REQ8$PRES8$EABIv2 0x00000000   Number         0  anon$$obj.o ABSOLUTE
    __ARM_use_no_argv                        0x00000000   Number         0  main.o ABSOLUTE
    __Vectors                                0x00000000   Data           4  startup_tm4c123.o(RESET)
    __cpp_initialize__aeabi_                  - Undefined Weak Reference
    __cxa_finalize                            - Undefined Weak Reference
    __decompress                              - Undefined Weak Reference
    _clock_init                               - Undefined Weak Reference
    _microlib_exit                            - Undefined Weak Reference
    __Vectors_End                            0x0000026c   Data           0  startup_tm4c123.o(RESET)
    __Vectors_Size                           0x0000026c   Number         0  startup_tm4c123.o ABSOLUTE
    __main                                   0x0000026d   Thumb Code     0  entry.o(.ARM.Collect$$$$00000000)
    _main_stk                                0x0000026d   Thumb Code     0  entry2.o(.ARM.Collect$$$$00000001)
    _main_scatterload                        0x00000271   Thumb Code     0  entry5.o(.ARM.Collect$$$$00000004)
    __main_after_scatterload                 0x00000275   Thumb Code     0  entry5.o(.ARM.Collect$$$$00000004)
    _main_clock                              0x00000275   Thumb Code     0  entry7b.o(.ARM.Collect$$$$00000008)
    _main_cpp_init                           0x00000275   Thumb Code     0  entry8b.o(.ARM.Collect$$$$0000000A)
    _main_init                               0x00000275   Thumb Code     0  entry9a.o(.ARM.Collect$$$$0000000B)
    __rt_final_cpp                           0x0000027d   Thumb Code     0  entry10a.o(.ARM.Collect$$$$0000000D)
    __rt_final_exit                          0x0000027d   Thumb Code     0  entry11a.o(.ARM.Collect$$$$0000000F)
    main                                     0x00000281   Thumb Code    42  main.o(.text)
    generate_random_number                   0x00000311   Thumb Code    48  hw3_staff.o(.text)
    get_new_direction                        0x00000341   Thumb Code    36  hw3_staff.o(.text)
    get_new_move_count                       0x00000365   Thumb Code    28  hw3_staff.o(.text)
    hw3_hardware_validate                    0x00000381   Thumb Code     4  hw3_staff.o(.text)
    contact_edge                             0x00000391   Thumb Code     6  hw3.o(.text)
    move_image                               0x00000397   Thumb Code     6  hw3.o(.text)
    check_game_over                          0x0000039d   Thumb Code     8  hw3.o(.text)
    init_hardware                            0x000003a5   Thumb Code    22  hw3.o(.text)
    hw3_main                                 0x000003bb   Thumb Code    12  hw3.o(.text)
    TIMER2A_Handler                          0x000003c7   Thumb Code     2  hw3_interrupts.o(.text)
    TIMER3A_Handler                          0x000003c9   Thumb Code     2  hw3_interrupts.o(.text)
    TIMER4A_Handler                          0x000003cb   Thumb Code     2  hw3_interrupts.o(.text)
    ADC0SS2_Handler                          0x000003cd   Thumb Code     2  hw3_interrupts.o(.text)
    gpio_get_irq_num                         0x00000411   Thumb Code    74  gpio_port.o(.text)
    gpio_enable_port                         0x0000045b   Thumb Code   156  gpio_port.o(.text)
    gpio_config_digital_enable               0x000004f7   Thumb Code    34  gpio_port.o(.text)
    gpio_config_enable_output                0x00000519   Thumb Code    34  gpio_port.o(.text)
    gpio_config_enable_input                 0x0000053b   Thumb Code    34  gpio_port.o(.text)
    gpio_config_enable_pullup                0x0000055d   Thumb Code    34  gpio_port.o(.text)
    gpio_config_enable_pulldown              0x0000057f   Thumb Code    34  gpio_port.o(.text)
    gpio_config_analog_enable                0x000005a1   Thumb Code    34  gpio_port.o(.text)
    gpio_config_alternate_function           0x000005c3   Thumb Code    34  gpio_port.o(.text)
    gpio_config_port_control                 0x000005e5   Thumb Code    50  gpio_port.o(.text)
    gpio_config_open_drain                   0x00000617   Thumb Code     6  gpio_port.o(.text)
    gpio_config_falling_edge_irq             0x0000061d   Thumb Code     6  gpio_port.o(.text)
    initialize_adc                           0x00000645   Thumb Code    86  adc.o(.text)
    get_adc_value                            0x0000069b   Thumb Code    58  adc.o(.text)
    lcd_set_pos                              0x00000741   Thumb Code    58  lcd.o(.text)
    lcd_clear_screen                         0x0000077b   Thumb Code    52  lcd.o(.text)
    lcd_draw_image                           0x000007af   Thumb Code   242  lcd.o(.text)
    lcd_config_gpio                          0x000008a1   Thumb Code   152  lcd.o(.text)
    lcd_config_screen                        0x00000939   Thumb Code   566  lcd.o(.text)
    ps2_initialize                           0x00000b97   Thumb Code    14  ps2.o(.text)
    ps2_hw3_initialize                       0x00000ba5   Thumb Code   154  ps2.o(.text)
    ps2_get_x                                0x00000c3f   Thumb Code    16  ps2.o(.text)
    ps2_get_y                                0x00000c4f   Thumb Code    16  ps2.o(.text)
    Reset_Handler                            0x00000c79   Thumb Code     8  startup_tm4c123.o(.text)
    NMI_Handler                              0x00000c81   Thumb Code     2  startup_tm4c123.o(.text)
    HardFault_Handler                        0x00000c83   Thumb Code     2  startup_tm4c123.o(.text)
    MemManage_Handler                        0x00000c85   Thumb Code     2  startup_tm4c123.o(.text)
    BusFault_Handler                         0x00000c87   Thumb Code     2  startup_tm4c123.o(.text)
    UsageFault_Handler                       0x00000c89   Thumb Code     2  startup_tm4c123.o(.text)
    SVC_Handler                              0x00000c8b   Thumb Code     2  startup_tm4c123.o(.text)
    DebugMon_Handler                         0x00000c8d   Thumb Code     2  startup_tm4c123.o(.text)
    PendSV_Handler                           0x00000c8f   Thumb Code     2  startup_tm4c123.o(.text)
    SysTick_Handler                          0x00000c91   Thumb Code     2  startup_tm4c123.o(.text)
    GPIOA_Handler                            0x00000c93   Thumb Code     2  startup_tm4c123.o(.text)
    GPIOB_Handler                            0x00000c95   Thumb Code     2  startup_tm4c123.o(.text)
    GPIOC_Handler                            0x00000c97   Thumb Code     2  startup_tm4c123.o(.text)
    GPIOD_Handler                            0x00000c99   Thumb Code     2  startup_tm4c123.o(.text)
    GPIOE_Handler                            0x00000c9b   Thumb Code     2  startup_tm4c123.o(.text)
    UART0_Handler                            0x00000c9d   Thumb Code     2  startup_tm4c123.o(.text)
    UART1_Handler                            0x00000c9f   Thumb Code     2  startup_tm4c123.o(.text)
    SSI0_Handler                             0x00000ca1   Thumb Code     2  startup_tm4c123.o(.text)
    I2C0_Handler                             0x00000ca3   Thumb Code     2  startup_tm4c123.o(.text)
    PMW0_FAULT_Handler                       0x00000ca5   Thumb Code     2  startup_tm4c123.o(.text)
    PWM0_0_Handler                           0x00000ca7   Thumb Code     2  startup_tm4c123.o(.text)
    PWM0_1_Handler                           0x00000ca9   Thumb Code     2  startup_tm4c123.o(.text)
    PWM0_2_Handler                           0x00000cab   Thumb Code     2  startup_tm4c123.o(.text)
    QEI0_Handler                             0x00000cad   Thumb Code     2  startup_tm4c123.o(.text)
    ADC0SS0_Handler                          0x00000caf   Thumb Code     2  startup_tm4c123.o(.text)
    ADC0SS1_Handler                          0x00000cb1   Thumb Code     2  startup_tm4c123.o(.text)
    ADC0SS3_Handler                          0x00000cb5   Thumb Code     2  startup_tm4c123.o(.text)
    WDT0_Handler                             0x00000cb7   Thumb Code     2  startup_tm4c123.o(.text)
    TIMER0A_Handler                          0x00000cb9   Thumb Code     2  startup_tm4c123.o(.text)
    TIMER0B_Handler                          0x00000cbb   Thumb Code     2  startup_tm4c123.o(.text)
    TIMER1A_Handler                          0x00000cbd   Thumb Code     2  startup_tm4c123.o(.text)
    TIMER1B_Handler                          0x00000cbf   Thumb Code     2  startup_tm4c123.o(.text)
    TIMER2B_Handler                          0x00000cc3   Thumb Code     2  startup_tm4c123.o(.text)
    COMP0_Handler                            0x00000cc5   Thumb Code     2  startup_tm4c123.o(.text)
    COMP1_Handler                            0x00000cc7   Thumb Code     2  startup_tm4c123.o(.text)
    COMP2_Handler                            0x00000cc9   Thumb Code     2  startup_tm4c123.o(.text)
    SYSCTL_Handler                           0x00000ccb   Thumb Code     2  startup_tm4c123.o(.text)
    FLASH_Handler                            0x00000ccd   Thumb Code     2  startup_tm4c123.o(.text)
    GPIOF_Handler                            0x00000ccf   Thumb Code     2  startup_tm4c123.o(.text)
    GPIOG_Handler                            0x00000cd1   Thumb Code     2  startup_tm4c123.o(.text)
    GPIOH_Handler                            0x00000cd3   Thumb Code     2  startup_tm4c123.o(.text)
    UART2_Handler                            0x00000cd5   Thumb Code     2  startup_tm4c123.o(.text)
    SSI1_Handler                             0x00000cd7   Thumb Code     2  startup_tm4c123.o(.text)
    TIMER3B_Handler                          0x00000cdb   Thumb Code     2  startup_tm4c123.o(.text)
    I2C1_Handler                             0x00000cdd   Thumb Code     2  startup_tm4c123.o(.text)
    QEI1_Handler                             0x00000cdf   Thumb Code     2  startup_tm4c123.o(.text)
    CAN0_Handler                             0x00000ce1   Thumb Code     2  startup_tm4c123.o(.text)
    CAN1_Handler                             0x00000ce3   Thumb Code     2  startup_tm4c123.o(.text)
    CAN2_Handler                             0x00000ce5   Thumb Code     2  startup_tm4c123.o(.text)
    HIB_Handler                              0x00000ce7   Thumb Code     2  startup_tm4c123.o(.text)
    USB0_Handler                             0x00000ce9   Thumb Code     2  startup_tm4c123.o(.text)
    PWM0_3_Handler                           0x00000ceb   Thumb Code     2  startup_tm4c123.o(.text)
    UDMA_Handler                             0x00000ced   Thumb Code     2  startup_tm4c123.o(.text)
    UDMAERR_Handler                          0x00000cef   Thumb Code     2  startup_tm4c123.o(.text)
    ADC1SS0_Handler                          0x00000cf1   Thumb Code     2  startup_tm4c123.o(.text)
    ADC1SS1_Handler                          0x00000cf3   Thumb Code     2  startup_tm4c123.o(.text)
    ADC1SS2_Handler                          0x00000cf5   Thumb Code     2  startup_tm4c123.o(.text)
    ADC1SS3_Handler                          0x00000cf7   Thumb Code     2  startup_tm4c123.o(.text)
    GPIOJ_Handler                            0x00000cf9   Thumb Code     2  startup_tm4c123.o(.text)
    GPIOK_Handler                            0x00000cfb   Thumb Code     2  startup_tm4c123.o(.text)
    GPIOL_Handler                            0x00000cfd   Thumb Code     2  startup_tm4c123.o(.text)
    SSI2_Handler                             0x00000cff   Thumb Code     2  startup_tm4c123.o(.text)
    SSI3_Handler                             0x00000d01   Thumb Code     2  startup_tm4c123.o(.text)
    UART3_Handler                            0x00000d03   Thumb Code     2  startup_tm4c123.o(.text)
    UART4_Handler                            0x00000d05   Thumb Code     2  startup_tm4c123.o(.text)
    UART5_Handler                            0x00000d07   Thumb Code     2  startup_tm4c123.o(.text)
    UART6_Handler                            0x00000d09   Thumb Code     2  startup_tm4c123.o(.text)
    UART7_Handler                            0x00000d0b   Thumb Code     2  startup_tm4c123.o(.text)
    I2C2_Handler                             0x00000d0d   Thumb Code     2  startup_tm4c123.o(.text)
    I2C3_Handler                             0x00000d0f   Thumb Code     2  startup_tm4c123.o(.text)
    TIMER4B_Handler                          0x00000d13   Thumb Code     2  startup_tm4c123.o(.text)
    TIMER5A_Handler                          0x00000d15   Thumb Code     2  startup_tm4c123.o(.text)
    TIMER5B_Handler                          0x00000d17   Thumb Code     2  startup_tm4c123.o(.text)
    WTIMER0A_Handler                         0x00000d19   Thumb Code     2  startup_tm4c123.o(.text)
    WTIMER0B_Handler                         0x00000d1b   Thumb Code     2  startup_tm4c123.o(.text)
    WTIMER1A_Handler                         0x00000d1d   Thumb Code     2  startup_tm4c123.o(.text)
    WTIMER1B_Handler                         0x00000d1f   Thumb Code     2  startup_tm4c123.o(.text)
    WTIMER2A_Handler                         0x00000d21   Thumb Code     2  startup_tm4c123.o(.text)
    WTIMER2B_Handler                         0x00000d23   Thumb Code     2  startup_tm4c123.o(.text)
    WTIMER3A_Handler                         0x00000d25   Thumb Code     2  startup_tm4c123.o(.text)
    WTIMER3B_Handler                         0x00000d27   Thumb Code     2  startup_tm4c123.o(.text)
    WTIMER4A_Handler                         0x00000d29   Thumb Code     2  startup_tm4c123.o(.text)
    WTIMER4B_Handler                         0x00000d2b   Thumb Code     2  startup_tm4c123.o(.text)
    WTIMER5A_Handler                         0x00000d2d   Thumb Code     2  startup_tm4c123.o(.text)
    WTIMER5B_Handler                         0x00000d2f   Thumb Code     2  startup_tm4c123.o(.text)
    FPU_Handler                              0x00000d31   Thumb Code     2  startup_tm4c123.o(.text)
    I2C4_Handler                             0x00000d33   Thumb Code     2  startup_tm4c123.o(.text)
    I2C5_Handler                             0x00000d35   Thumb Code     2  startup_tm4c123.o(.text)
    GPIOM_Handler                            0x00000d37   Thumb Code     2  startup_tm4c123.o(.text)
    GPION_Handler                            0x00000d39   Thumb Code     2  startup_tm4c123.o(.text)
    QEI2_Handler                             0x00000d3b   Thumb Code     2  startup_tm4c123.o(.text)
    GPIOP0_Handler                           0x00000d3d   Thumb Code     2  startup_tm4c123.o(.text)
    GPIOP1_Handler                           0x00000d3f   Thumb Code     2  startup_tm4c123.o(.text)
    GPIOP2_Handler                           0x00000d41   Thumb Code     2  startup_tm4c123.o(.text)
    GPIOP3_Handler                           0x00000d43   Thumb Code     2  startup_tm4c123.o(.text)
    GPIOP4_Handler                           0x00000d45   Thumb Code     2  startup_tm4c123.o(.text)
    GPIOP5_Handler                           0x00000d47   Thumb Code     2  startup_tm4c123.o(.text)
    GPIOP6_Handler                           0x00000d49   Thumb Code     2  startup_tm4c123.o(.text)
    GPIOP7_Handler                           0x00000d4b   Thumb Code     2  startup_tm4c123.o(.text)
    GPIOQ0_Handler                           0x00000d4d   Thumb Code     2  startup_tm4c123.o(.text)
    GPIOQ1_Handler                           0x00000d4f   Thumb Code     2  startup_tm4c123.o(.text)
    GPIOQ2_Handler                           0x00000d51   Thumb Code     2  startup_tm4c123.o(.text)
    GPIOQ3_Handler                           0x00000d53   Thumb Code     2  startup_tm4c123.o(.text)
    GPIOQ4_Handler                           0x00000d55   Thumb Code     2  startup_tm4c123.o(.text)
    GPIOQ5_Handler                           0x00000d57   Thumb Code     2  startup_tm4c123.o(.text)
    GPIOQ6_Handler                           0x00000d59   Thumb Code     2  startup_tm4c123.o(.text)
    GPIOQ7_Handler                           0x00000d5b   Thumb Code     2  startup_tm4c123.o(.text)
    GPIOR_Handler                            0x00000d5d   Thumb Code     2  startup_tm4c123.o(.text)
    GPIOS_Handler                            0x00000d5f   Thumb Code     2  startup_tm4c123.o(.text)
    PMW1_0_Handler                           0x00000d61   Thumb Code     2  startup_tm4c123.o(.text)
    PWM1_1_Handler                           0x00000d63   Thumb Code     2  startup_tm4c123.o(.text)
    PWM1_2_Handler                           0x00000d65   Thumb Code     2  startup_tm4c123.o(.text)
    PWM1_3_Handler                           0x00000d67   Thumb Code     2  startup_tm4c123.o(.text)
    PWM1_FAULT_Handler                       0x00000d69   Thumb Code     2  startup_tm4c123.o(.text)
    SystemCoreClockUpdate                    0x00000e2b   Thumb Code   184  system_tm4c123.o(.text)
    SystemInit                               0x00000ee3   Thumb Code   112  system_tm4c123.o(.text)
    staff_uart_config_gpio                   0x00000fc1   Thumb Code    82  hw2.o(.text)
    staff_uart_config_polling                0x00001013   Thumb Code    68  hw2.o(.text)
    put_string                               0x00001057   Thumb Code    34  hw2.o(.text)
    put_char                                 0x00001079   Thumb Code    20  hw2.o(.text)
    get_char                                 0x0000108d   Thumb Code    62  hw2.o(.text)
    get_string                               0x000010cb   Thumb Code    40  hw2.o(.text)
    initialize_serial_debug                  0x000010f3   Thumb Code    12  hw2.o(.text)
    __scatterload                            0x00001111   Thumb Code    28  init.o(.text)
    __scatterload_rt2                        0x00001111   Thumb Code     0  init.o(.text)
    __scatterload_copy                       0x00001135   Thumb Code    14  handlers.o(i.__scatterload_copy)
    __scatterload_null                       0x00001143   Thumb Code     2  handlers.o(i.__scatterload_null)
    __scatterload_zeroinit                   0x00001145   Thumb Code    14  handlers.o(i.__scatterload_zeroinit)
    lcd_write_data_u16                       0x00001155   Thumb Code    60  lcd.o(i.lcd_write_data_u16)
    Region$$Table$$Base                      0x000011b4   Number         0  anon$$obj.o(Region$$Table)
    Region$$Table$$Limit                     0x000011d4   Number         0  anon$$obj.o(Region$$Table)
    SHIP_X_COORD                             0x20000002   Data           2  hw3.o(.data)
    SHIP_Y_COORD                             0x20000004   Data           2  hw3.o(.data)
    INVADER_X_COORD                          0x20000006   Data           2  hw3.o(.data)
    INVADER_Y_COORD                          0x20000008   Data           2  hw3.o(.data)
    MOVE_INVADER                             0x2000000a   Data           1  hw3.o(.data)
    MOVE_SHIP                                0x2000000b   Data           1  hw3.o(.data)
    STUDENT_NAME                             0x2000000c   Data          20  hw3.o(.data)
    SystemCoreClock                          0x20000020   Data           4  system_tm4c123.o(.data)
    __initial_sp                             0x20000228   Data           0  startup_tm4c123.o(STACK)



==============================================================================

Memory Map of the image

  Image Entry point : 0x00000c79

  Load Region LR_1 (Base: 0x00000000, Size: 0x000011f8, Max: 0xffffffff, ABSOLUTE)

    Execution Region ER_RO (Exec base: 0x00000000, Load base: 0x00000000, Size: 0x000011d4, Max: 0xffffffff, ABSOLUTE)

    Exec Addr    Load Addr    Size         Type   Attr      Idx    E Section Name        Object

    0x00000000   0x00000000   0x0000026c   Data   RO          328    RESET               startup_tm4c123.o
    0x0000026c   0x0000026c   0x00000000   Code   RO          432  * .ARM.Collect$$$$00000000  mc_w.l(entry.o)
    0x0000026c   0x0000026c   0x00000004   Code   RO          435    .ARM.Collect$$$$00000001  mc_w.l(entry2.o)
    0x00000270   0x00000270   0x00000004   Code   RO          438    .ARM.Collect$$$$00000004  mc_w.l(entry5.o)
    0x00000274   0x00000274   0x00000000   Code   RO          440    .ARM.Collect$$$$00000008  mc_w.l(entry7b.o)
    0x00000274   0x00000274   0x00000000   Code   RO          442    .ARM.Collect$$$$0000000A  mc_w.l(entry8b.o)
    0x00000274   0x00000274   0x00000008   Code   RO          443    .ARM.Collect$$$$0000000B  mc_w.l(entry9a.o)
    0x0000027c   0x0000027c   0x00000000   Code   RO          445    .ARM.Collect$$$$0000000D  mc_w.l(entry10a.o)
    0x0000027c   0x0000027c   0x00000000   Code   RO          447    .ARM.Collect$$$$0000000F  mc_w.l(entry11a.o)
    0x0000027c   0x0000027c   0x00000004   Code   RO          436    .ARM.Collect$$$$00002712  mc_w.l(entry2.o)
    0x00000280   0x00000280   0x00000090   Code   RO            4    .text               main.o
    0x00000310   0x00000310   0x00000080   Code   RO          105    .text               hw3_staff.o
    0x00000390   0x00000390   0x00000036   Code   RO          132    .text               hw3.o
    0x000003c6   0x000003c6   0x00000008   Code   RO          162    .text               hw3_interrupts.o
    0x000003ce   0x000003ce   0x00000002   PAD
    0x000003d0   0x000003d0   0x00000274   Code   RO          199    .text               gpio_port.o
    0x00000644   0x00000644   0x0000009c   Code   RO          247    .text               adc.o
    0x000006e0   0x000006e0   0x00000494   Code   RO          271    .text               lcd.o
    0x00000b74   0x00000b74   0x00000104   Code   RO          301    .text               ps2.o
    0x00000c78   0x00000c78   0x000000fc   Code   RO          329  * .text               startup_tm4c123.o
    0x00000d74   0x00000d74   0x0000024c   Code   RO          336    .text               system_tm4c123.o
    0x00000fc0   0x00000fc0   0x00000150   Code   RO          366    .text               hw3_f18.lib(hw2.o)
    0x00001110   0x00001110   0x00000024   Code   RO          449    .text               mc_w.l(init.o)
    0x00001134   0x00001134   0x0000000e   Code   RO          453    i.__scatterload_copy  mc_w.l(handlers.o)
    0x00001142   0x00001142   0x00000002   Code   RO          454    i.__scatterload_null  mc_w.l(handlers.o)
    0x00001144   0x00001144   0x0000000e   Code   RO          455    i.__scatterload_zeroinit  mc_w.l(handlers.o)
    0x00001152   0x00001152   0x00000002   PAD
    0x00001154   0x00001154   0x0000004c   Code   RO          289    i.lcd_write_data_u16  lcd.o
    0x000011a0   0x000011a0   0x00000014   Data   RO          106    .constdata          hw3_staff.o
    0x000011b4   0x000011b4   0x00000020   Data   RO          451    Region$$Table       anon$$obj.o


    Execution Region ER_RW (Exec base: 0x20000000, Load base: 0x000011d4, Size: 0x00000024, Max: 0xffffffff, ABSOLUTE)

    Exec Addr    Load Addr    Size         Type   Attr      Idx    E Section Name        Object

    0x20000000   0x000011d4   0x00000002   Data   RW          107    .data               hw3_staff.o
    0x20000002   0x000011d6   0x0000001e   Data   RW          133    .data               hw3.o
    0x20000020   0x000011f4   0x00000004   Data   RW          337    .data               system_tm4c123.o


    Execution Region ER_ZI (Exec base: 0x20000024, Load base: 0x000011f8, Size: 0x00000204, Max: 0xffffffff, ABSOLUTE)

    Exec Addr    Load Addr    Size         Type   Attr      Idx    E Section Name        Object

    0x20000024   0x000011f8   0x00000004   PAD
    0x20000028        -       0x00000200   Zero   RW          326    STACK               startup_tm4c123.o


==============================================================================

Image component sizes


      Code (inc. data)   RO Data    RW Data    ZI Data      Debug   Object Name

       156         12          0          0          0       1399   adc.o
       628         34          0          0          0       5018   gpio_port.o
        54          0          0         30          0       2329   hw3.o
         8          0          0          0          0        758   hw3_interrupts.o
       128         12         20          2          0       1692   hw3_staff.o
      1248         38          0          0          0       3729   lcd.o
       144        102          0          0          0      27987   main.o
       260         26          0          0          0      31351   ps2.o
       252         10        620          0        512       5416   startup_tm4c123.o
       588        134          0          4          0       1501   system_tm4c123.o

    ----------------------------------------------------------------------
      3468        368        672         36        516      81180   Object Totals
         0          0         32          0          0          0   (incl. Generated)
         2          0          0          0          4          0   (incl. Padding)

    ----------------------------------------------------------------------

      Code (inc. data)   RO Data    RW Data    ZI Data      Debug   Library Member Name

       336         18          0          0          0       1619   hw2.o
         0          0          0          0          0          0   entry.o
         0          0          0          0          0          0   entry10a.o
         0          0          0          0          0          0   entry11a.o
         8          4          0          0          0          0   entry2.o
         4          0          0          0          0          0   entry5.o
         0          0          0          0          0          0   entry7b.o
         0          0          0          0          0          0   entry8b.o
         8          4          0          0          0          0   entry9a.o
        30          0          0          0          0          0   handlers.o
        36          8          0          0          0         68   init.o

    ----------------------------------------------------------------------
       424         34          0          0          0       1687   Library Totals
         2          0          0          0          0          0   (incl. Padding)

    ----------------------------------------------------------------------

      Code (inc. data)   RO Data    RW Data    ZI Data      Debug   Library Name

       336         18          0          0          0       1619   hw3_f18.lib
        86         16          0          0          0         68   mc_w.l

    ----------------------------------------------------------------------
       424         34          0          0          0       1687   Library Totals

    ----------------------------------------------------------------------

==============================================================================


      Code (inc. data)   RO Data    RW Data    ZI Data      Debug   

      3892        402        672         36        516      81871   Grand Totals
      3892        402        672         36        516      81871   ELF Image Totals
      3892        402        672         36          0          0   ROM Totals

==============================================================================

    Total RO  Size (Code + RO Data)                 4564 (   4.46kB)
    Total RW  Size (RW Data + ZI Data)               552 (   0.54kB)
    Total ROM Size (Code + RO Data + RW Data)       4600 (   4.49kB)

==============================================================================

