<html>
<body>
<pre>
<h1>µVision Build Log</h1>
<h2>Tool Versions:</h2>
IDE-Version: µVision V5.21.1.0
Copyright (C) 2016 ARM Ltd and ARM Germany GmbH. All rights reserved.
License Information: Joe Krachey, UW-Madison, LIC=----
 
Tool Versions:
Toolchain:       MDK-Lite  Version: 5.21a
Toolchain Path:  C:\Keil_v5\ARM\ARMCC\Bin
C Compiler:      Armcc.exe V5.06 update 3 (build 300)
Assembler:       Armasm.exe V5.06 update 3 (build 300)
Linker/Locator:  ArmLink.exe V5.06 update 3 (build 300)
Library Manager: ArmAr.exe V5.06 update 3 (build 300)
Hex Converter:   FromElf.exe V5.06 update 3 (build 300)
CPU DLL:         SARMCM3.DLL V5.21a
Dialog DLL:      DCM.DLL V1.13.8.0
Target DLL:      lmidk-agdi.dll V???
Dialog DLL:      TCM.DLL V1.14.14.0
 
<h2>Project:</h2>
C:\Users\joe.krachey\Documents\ece353-src\student_S18\ICE-16-UART-Rx-IRQ\ICE-UART-Rx-IRQ.uvprojx
Project File Date:  08/14/2017

<h2>Output:</h2>
*** Using Compiler 'V5.06 update 3 (build 300)', folder: 'C:\Keil_v5\ARM\ARMCC\Bin'
Build target 'ICE-UART-Rx-IRQ'
compiling pc_buffer.c...
..\drivers\c\pc_buffer.c(66): warning:  #940-D: missing return statement at end of non-void function "pc_buffer_empty"
  }
..\drivers\c\pc_buffer.c(76): warning:  #940-D: missing return statement at end of non-void function "pc_buffer_full"
  }
..\drivers\c\pc_buffer.c: 2 warnings, 0 errors
compiling main.c...
compiling serial_debug.c...
..\peripherals\c\serial_debug.c(77): warning:  #177-D: variable "uart" was declared but never referenced
    UART0_Type *uart = (UART0_Type *)(uart_base);
..\peripherals\c\serial_debug.c(79): warning:  #550-D: variable "tx_buffer_empty" was set but never used
    bool  tx_buffer_empty;
..\peripherals\c\serial_debug.c(80): warning:  #550-D: variable "fifo_full" was set but never used
    bool  fifo_full;
..\peripherals\c\serial_debug.c(155): warning:  #177-D: variable "uart_base" was declared but never referenced
     uint32_t uart_base;
..\peripherals\c\serial_debug.c(156): warning:  #177-D: variable "tx_buffer" was declared but never referenced
     PC_Buffer *tx_buffer;
..\peripherals\c\serial_debug.c(193): warning:  #177-D: variable "uart" was declared but never referenced
    UART0_Type *uart = (UART0_Type *)(uart_base);
..\peripherals\c\serial_debug.c(210): warning:  #177-D: variable "uart" was declared but never referenced
      UART0_Type *uart = (UART0_Type *)(uart_base);    
..\peripherals\c\serial_debug.c(211): warning:  #177-D: variable "c" was declared but never referenced
      char c;
..\peripherals\c\serial_debug.c(208): warning:  #177-D: function "UART_Tx_Flow" was declared but never referenced
  __INLINE static void UART_Tx_Flow(uint32_t uart_base, PC_Buffer *tx_buffer)
..\peripherals\c\serial_debug.c: 9 warnings, 0 errors
linking...
Program Size: Code=14596 RO-data=808 RW-data=960 ZI-data=8192  
".\obj\ece353_base_project.axf" - 0 Error(s), 11 Warning(s).

<h2>Software Packages used:</h2>

Package Vendor: ARM
                http://www.keil.com/pack/ARM.CMSIS.4.5.0.pack
                ARM::CMSIS:CORE:4.3.0
                CMSIS (Cortex Microcontroller Software Interface Standard)
   * Component: CORE Version: 4.3.0

Package Vendor: Keil
                http://www.keil.com/pack/Keil.TM4C_DFP.1.1.0.pack
                Keil::Device:Startup:1.0.1
                Texas Instruments Tiva C Series Device Support and Examples
   * Component: Startup Version: 1.0.1

<h2>Collection of Component include folders:</h2>
  C:\Users\joe.krachey\Documents\ece353-src\student_S18\ICE-16-UART-Rx-IRQ\RTE
  C:\Keil_v5\ARM\PACK\ARM\CMSIS\4.5.0\CMSIS\Include
  C:\Keil_v5\ARM\PACK\Keil\TM4C_DFP\1.1.0\Device\Include\TM4C123

<h2>Collection of Component Files used:</h2>

   * Component: ARM::CMSIS:CORE:4.3.0

   * Component: Keil::Device:Startup:1.0.1
      Include file:  Device\Include\TM4C123\TM4C123.h
      Source file:   Device\Source\ARM\startup_TM4C123.s
      Source file:   Device\Source\system_TM4C123.c
Build Time Elapsed:  00:00:01
</pre>
</body>
</html>
