<html>
<body>
<pre>
<h1>µVision Build Log</h1>
<h2>Tool Versions:</h2>
IDE-Version: µVision V5.24.2.0
Copyright (C) 2017 ARM Ltd and ARM Germany GmbH. All rights reserved.
License Information: UW Madison CAE Flex license: MDK-ARM Professional: 100 user(s) (mdk_pro) Operation stops: 13 Nov 2019
 
Tool Versions:
Toolchain:       MDK-ARM Professional: 100 user(s)  Version: 5.24.1
Toolchain Path:  C:\Keil_v5\ARM\ARMCC\Bin
C Compiler:      Armcc.exe V5.06 update 5 (build 528)
Assembler:       Armasm.exe V5.06 update 5 (build 528)
Linker/Locator:  ArmLink.exe V5.06 update 5 (build 528)
Library Manager: ArmAr.exe V5.06 update 5 (build 528)
Hex Converter:   FromElf.exe V5.06 update 5 (build 528)
CPU DLL:         SARMCM3.DLL V5.24.1
Dialog DLL:      DCM.DLL V1.16.0.0
Target DLL:      lmidk-agdi.dll V???
Dialog DLL:      TCM.DLL V1.32.0.0
 
<h2>Project:</h2>
I:\ECE353\ICE_Distribution\Project\HW3.uvprojx
Project File Date:  12/08/2018

<h2>Output:</h2>
*** Using Compiler 'V5.06 update 5 (build 528)', folder: 'C:\Keil_v5\ARM\ARMCC\Bin'
Rebuild target 'Project'
compiling main.c...
init_hardware.h(33): warning:  #1-D: last line of file ends without a newline
  void initializeBoard(void);
hockey_main.h(26): warning:  #1295-D: Deprecated declaration hockey_main - give arg types
  void hockey_main();
hockey_main.h(28): warning:  #1-D: last line of file ends without a newline
  #endif
main.c: 3 warnings, 0 errors
compiling init_hardware.c...
init_hardware.h(33): warning:  #1-D: last line of file ends without a newline
  void initializeBoard(void);
hockey_main.h(26): warning:  #1295-D: Deprecated declaration hockey_main - give arg types
  void hockey_main();
hockey_main.h(28): warning:  #1-D: last line of file ends without a newline
  #endif
init_hardware.h(33): warning:  #1-D: last line of file ends without a newline
  void initializeBoard(void);
init_hardware.c: 4 warnings, 0 errors
compiling interrupts.c...
init_hardware.h(33): warning:  #1-D: last line of file ends without a newline
  void initializeBoard(void);
hockey_main.h(26): warning:  #1295-D: Deprecated declaration hockey_main - give arg types
  void hockey_main();
hockey_main.h(28): warning:  #1-D: last line of file ends without a newline
  #endif
interrupts.h(27): warning:  #1-D: last line of file ends without a newline
  #endif
interrupts.c(49): warning:  #1-D: last line of file ends without a newline
  }
interrupts.c: 5 warnings, 0 errors
compiling hockey_main.c...
hockey_main.h(26): warning:  #1295-D: Deprecated declaration hockey_main - give arg types
  void hockey_main();
hockey_main.h(28): warning:  #1-D: last line of file ends without a newline
  #endif
hockey_main.c(156): warning:  #1-D: last line of file ends without a newline
  }
hockey_main.c(110): warning:  #177-D: variable "push_val"  was declared but never referenced
  	uint8_t push_val;
hockey_main.c(114): warning:  #177-D: variable "i"  was declared but never referenced
  	int i;
hockey_main.c(115): warning:  #177-D: variable "x"  was declared but never referenced
  	int16_t x,y,z;
hockey_main.c(115): warning:  #177-D: variable "y"  was declared but never referenced
  	int16_t x,y,z;
hockey_main.c(115): warning:  #177-D: variable "z"  was declared but never referenced
  	int16_t x,y,z;
hockey_main.c(116): warning:  #177-D: variable "msg"  was declared but never referenced
  	char msg[80];
hockey_main.c(20): warning:  #177-D: variable "state"  was declared but never referenced
  static LED_STATES state = ALL_OFF;
hockey_main.c: 10 warnings, 0 errors
compiling i2c.c...
compiling gpio_port.c...
..\drivers\c\gpio_port.c(82): warning:  #188-D: enumerated type mixed with another type
         return 0;
..\drivers\c\gpio_port.c: 1 warning, 0 errors
compiling pc_buffer.c...
compiling spi.c...
compiling timers.c...
compiling uart.c...
..\drivers\c\uart.c(184): warning:  #188-D: enumerated type mixed with another type
         return 0;
..\drivers\c\uart.c: 1 warning, 0 errors
compiling ece353_images.c...
compiling accel.c...
compiling eeprom.c...
compiling ft6x06.c...
compiling lcd_images.c...
compiling launchpad_io.c...
compiling lcd.c...
compiling serial_debug.c...
..\peripherals\c\serial_debug.c(177): warning:  #177-D: variable "uart_base"  was declared but never referenced
     uint32_t uart_base;
..\peripherals\c\serial_debug.c(178): warning:  #177-D: variable "tx_buffer"  was declared but never referenced
     PC_Buffer *tx_buffer;
..\peripherals\c\serial_debug.c: 2 warnings, 0 errors
compiling spi_select.c...
compiling ws2812b_ice.c...
assembling startup_TM4C123.s...
compiling IO_Expander.c...
compiling system_TM4C123.c...
linking...
Program Size: Code=9172 RO-data=652 RW-data=28 ZI-data=540  
".\obj\ece353_base_project.axf" - 0 Error(s), 26 Warning(s).

<h2>Software Packages used:</h2>

Package Vendor: ARM
                http://www.keil.com/pack/ARM.CMSIS.5.0.1.pack
                ARM.CMSIS.5.0.1
                CMSIS (Cortex Microcontroller Software Interface Standard)
   * Component: CORE Version: 5.0.1

Package Vendor: Keil
                http://www.keil.com/pack/Keil.TM4C_DFP.1.1.0.pack
                Keil.TM4C_DFP.1.1.0
                Texas Instruments Tiva C Series Device Support and Examples
   * Component: Startup Version: 1.0.1

<h2>Collection of Component include folders:</h2>
  .\RTE\_Project
  C:\Keil_v5\ARM\PACK\ARM\CMSIS\5.0.1\CMSIS\Include
  C:\Keil_v5\ARM\PACK\Keil\TM4C_DFP\1.1.0\Device\Include\TM4C123

<h2>Collection of Component Files used:</h2>

   * Component: Keil::Device:Startup:1.0.1
      Include file:  Device\Include\TM4C123\TM4C123.h
      Source file:   Device\Source\ARM\startup_TM4C123.s
      Source file:   Device\Source\system_TM4C123.c

   * Component: ARM::CMSIS:CORE:5.0.1
Build Time Elapsed:  00:00:13
</pre>
</body>
</html>
