<html>
<body>
<pre>
<h1>µVision Build Log</h1>
<h2>Tool Versions:</h2>
IDE-Version: µVision V5.24.2.0
Copyright (C) 2017 ARM Ltd and ARM Germany GmbH. All rights reserved.
License Information: UW Madison CAE Flex license: MDK-ARM Professional: 100 user(s) (mdk_pro) Operation stops: 13 Nov 2019
 
Tool Versions:
Toolchain:       MDK-ARM Professional: 100 user(s)  Version: 5.24.1
Toolchain Path:  C:\Keil_v5\ARM\ARMCC\Bin
C Compiler:      Armcc.exe V5.06 update 5 (build 528)
Assembler:       Armasm.exe V5.06 update 5 (build 528)
Linker/Locator:  ArmLink.exe V5.06 update 5 (build 528)
Library Manager: ArmAr.exe V5.06 update 5 (build 528)
Hex Converter:   FromElf.exe V5.06 update 5 (build 528)
CPU DLL:         SARMCM3.DLL V5.24.1
Dialog DLL:      DCM.DLL V1.16.0.0
Target DLL:      lmidk-agdi.dll V???
Dialog DLL:      TCM.DLL V1.32.0.0
 
<h2>Project:</h2>
I:\ECE353\ICE_Distribution\Project\HW3.uvprojx
Project File Date:  12/01/2018

<h2>Output:</h2>
*** Using Compiler 'V5.06 update 5 (build 528)', folder: 'C:\Keil_v5\ARM\ARMCC\Bin'
Rebuild target 'Project'
compiling gpio_port.c...
..\drivers\c\gpio_port.c(82): warning:  #188-D: enumerated type mixed with another type
         return 0;
..\drivers\c\gpio_port.c: 1 warning, 0 errors
compiling interrupts.c...
interrupts.h(24): warning:  #1-D: last line of file ends without a newline
  #endif
interrupts.c(16): warning:  #1-D: last line of file ends without a newline
  }
interrupts.c: 2 warnings, 0 errors
compiling main.c...
IO_Expander.h(47): warning:  #47-D: incompatible redefinition of macro "SERIAL_DBG_RX_PCTL_M"  (declared at line 59 of "..\peripherals\include\serial_debug.h")
  #define   SERIAL_DBG_RX_PCTL_M    GPIO_PCTL_PF0_M
main.c(222): warning:  #128-D: loop is not reachable
    while(1){};
main.c(169): warning:  #177-D: variable "touch_event"  was declared but never referenced
  	uint8_t touch_event;
main.c(46): warning:  #177-D: variable "state"  was declared but never referenced
  static LED_STATES state = ALL_OFF;
main.c: 4 warnings, 0 errors
compiling pc_buffer.c...
compiling i2c.c...
compiling spi.c...
compiling timers.c...
compiling ece353_images.c...
compiling uart.c...
..\drivers\c\uart.c(184): warning:  #188-D: enumerated type mixed with another type
         return 0;
..\drivers\c\uart.c: 1 warning, 0 errors
compiling accel.c...
compiling eeprom.c...
compiling ft6x06.c...
compiling launchpad_io.c...
compiling lcd_images.c...
compiling lcd.c...
compiling spi_select.c...
compiling serial_debug.c...
..\peripherals\c\serial_debug.c(177): warning:  #177-D: variable "uart_base"  was declared but never referenced
     uint32_t uart_base;
..\peripherals\c\serial_debug.c(178): warning:  #177-D: variable "tx_buffer"  was declared but never referenced
     PC_Buffer *tx_buffer;
..\peripherals\c\serial_debug.c: 2 warnings, 0 errors
compiling ws2812b_ice.c...
assembling startup_TM4C123.s...
compiling IO_Expander.c...
compiling system_TM4C123.c...
linking...
Program Size: Code=6956 RO-data=652 RW-data=28 ZI-data=540  
".\obj\ece353_base_project.axf" - 0 Error(s), 10 Warning(s).

<h2>Software Packages used:</h2>

Package Vendor: ARM
                http://www.keil.com/pack/ARM.CMSIS.5.0.1.pack
                ARM.CMSIS.5.0.1
                CMSIS (Cortex Microcontroller Software Interface Standard)
   * Component: CORE Version: 5.0.1

Package Vendor: Keil
                http://www.keil.com/pack/Keil.TM4C_DFP.1.1.0.pack
                Keil.TM4C_DFP.1.1.0
                Texas Instruments Tiva C Series Device Support and Examples
   * Component: Startup Version: 1.0.1

<h2>Collection of Component include folders:</h2>
  .\RTE\_Project
  C:\Keil_v5\ARM\PACK\ARM\CMSIS\5.0.1\CMSIS\Include
  C:\Keil_v5\ARM\PACK\Keil\TM4C_DFP\1.1.0\Device\Include\TM4C123

<h2>Collection of Component Files used:</h2>

   * Component: Keil::Device:Startup:1.0.1
      Source file:   Device\Source\system_TM4C123.c
      Source file:   Device\Source\ARM\startup_TM4C123.s
      Include file:  Device\Include\TM4C123\TM4C123.h

   * Component: ARM::CMSIS:CORE:5.0.1
Build Time Elapsed:  00:00:19
</pre>
</body>
</html>
