Component: ARM Compiler 5.06 update 5 (build 528) Tool: armlink [4d35e2]

==============================================================================

Section Cross References

    main.o(.text) refers to serial_debug.o(.text) for init_serial_debug
    main.o(.text) refers to spi_select.o(.text) for spi_select_init
    main.o(.text) refers to printf1.o(i.__0printf$1) for __2printf
    main.o(.text) refers to wireless.o(.text) for wireless_configure_device
    main.o(.text) refers to main.o(.data) for myID
    main.o(.text) refers to interrupts.o(.data) for AlertOneSec
    interrupts.o(.text) refers to interrupts.o(.data) for count
    pc_buffer.o(.text) refers to malloc.o(i.malloc) for malloc
    serial_debug.o(.text) refers to gpio_port.o(.text) for gpio_enable_port
    serial_debug.o(.text) refers to pc_buffer.o(.text) for pc_buffer_init
    serial_debug.o(.text) refers to uart.o(.text) for uart_init
    serial_debug.o(.text) refers to main.o(.text) for DisableInterrupts
    serial_debug.o(.text) refers to serial_debug.o(.data) for Rx_Interrupts_Enabled
    serial_debug.o(.text) refers to serial_debug.o(.bss) for UART0_Tx_Buffer
    serial_debug.o(.text) refers to stdout.o(.data) for __stdout
    spi_select.o(.text) refers to gpio_port.o(.text) for gpio_enable_port
    startup_tm4c123.o(RESET) refers to startup_tm4c123.o(STACK) for __initial_sp
    startup_tm4c123.o(RESET) refers to startup_tm4c123.o(.text) for Reset_Handler
    startup_tm4c123.o(RESET) refers to interrupts.o(.text) for SysTick_Handler
    startup_tm4c123.o(RESET) refers to serial_debug.o(.text) for UART0_Handler
    startup_tm4c123.o(.text) refers to system_tm4c123.o(.text) for SystemInit
    startup_tm4c123.o(.text) refers to entry.o(.ARM.Collect$$$$00000000) for __main
    system_tm4c123.o(.text) refers to system_tm4c123.o(.data) for SystemCoreClock
    wireless.o(.text) refers to spi.o(.text) for spiTx
    wireless.o(.text) refers to gpio_port.o(.text) for gpio_enable_port
    wireless.o(.data) refers to wireless.o(.conststring) for .conststring
    entry.o(.ARM.Collect$$$$00000000) refers (Special) to entry10a.o(.ARM.Collect$$$$0000000D) for __rt_final_cpp
    entry.o(.ARM.Collect$$$$00000000) refers (Special) to entry11a.o(.ARM.Collect$$$$0000000F) for __rt_final_exit
    entry.o(.ARM.Collect$$$$00000000) refers (Special) to entry7b.o(.ARM.Collect$$$$00000008) for _main_clock
    entry.o(.ARM.Collect$$$$00000000) refers (Special) to entry8b.o(.ARM.Collect$$$$0000000A) for _main_cpp_init
    entry.o(.ARM.Collect$$$$00000000) refers (Special) to entry9a.o(.ARM.Collect$$$$0000000B) for _main_init
    entry.o(.ARM.Collect$$$$00000000) refers (Special) to entry5.o(.ARM.Collect$$$$00000004) for _main_scatterload
    entry.o(.ARM.Collect$$$$00000000) refers (Special) to entry2.o(.ARM.Collect$$$$00000001) for _main_stk
    printfb.o(i.__0fprintf$bare) refers to printfb.o(i._printf_core) for _printf_core
    printfb.o(i.__0fprintf$bare) refers to serial_debug.o(.text) for fputc
    printfb.o(i.__0printf$bare) refers to printfb.o(i._printf_core) for _printf_core
    printfb.o(i.__0printf$bare) refers to serial_debug.o(.text) for fputc
    printfb.o(i.__0printf$bare) refers to stdout.o(.data) for __stdout
    printfb.o(i.__0snprintf$bare) refers to printfb.o(i._printf_core) for _printf_core
    printfb.o(i.__0snprintf$bare) refers to printfb.o(i._snputc) for _snputc
    printfb.o(i.__0sprintf$bare) refers to printfb.o(i._printf_core) for _printf_core
    printfb.o(i.__0sprintf$bare) refers to printfb.o(i._sputc) for _sputc
    printfb.o(i.__0vfprintf$bare) refers to printfb.o(i._printf_core) for _printf_core
    printfb.o(i.__0vfprintf$bare) refers to serial_debug.o(.text) for fputc
    printfb.o(i.__0vprintf$bare) refers to printfb.o(i._printf_core) for _printf_core
    printfb.o(i.__0vprintf$bare) refers to serial_debug.o(.text) for fputc
    printfb.o(i.__0vprintf$bare) refers to stdout.o(.data) for __stdout
    printfb.o(i.__0vsnprintf$bare) refers to printfb.o(i._printf_core) for _printf_core
    printfb.o(i.__0vsnprintf$bare) refers to printfb.o(i._snputc) for _snputc
    printfb.o(i.__0vsprintf$bare) refers to printfb.o(i._printf_core) for _printf_core
    printfb.o(i.__0vsprintf$bare) refers to printfb.o(i._sputc) for _sputc
    printf0.o(i.__0fprintf$0) refers to printf0.o(i._printf_core) for _printf_core
    printf0.o(i.__0fprintf$0) refers to serial_debug.o(.text) for fputc
    printf0.o(i.__0printf$0) refers to printf0.o(i._printf_core) for _printf_core
    printf0.o(i.__0printf$0) refers to serial_debug.o(.text) for fputc
    printf0.o(i.__0printf$0) refers to stdout.o(.data) for __stdout
    printf0.o(i.__0snprintf$0) refers to printf0.o(i._printf_core) for _printf_core
    printf0.o(i.__0snprintf$0) refers to printf0.o(i._snputc) for _snputc
    printf0.o(i.__0sprintf$0) refers to printf0.o(i._printf_core) for _printf_core
    printf0.o(i.__0sprintf$0) refers to printf0.o(i._sputc) for _sputc
    printf0.o(i.__0vfprintf$0) refers to printf0.o(i._printf_core) for _printf_core
    printf0.o(i.__0vfprintf$0) refers to serial_debug.o(.text) for fputc
    printf0.o(i.__0vprintf$0) refers to printf0.o(i._printf_core) for _printf_core
    printf0.o(i.__0vprintf$0) refers to serial_debug.o(.text) for fputc
    printf0.o(i.__0vprintf$0) refers to stdout.o(.data) for __stdout
    printf0.o(i.__0vsnprintf$0) refers to printf0.o(i._printf_core) for _printf_core
    printf0.o(i.__0vsnprintf$0) refers to printf0.o(i._snputc) for _snputc
    printf0.o(i.__0vsprintf$0) refers to printf0.o(i._printf_core) for _printf_core
    printf0.o(i.__0vsprintf$0) refers to printf0.o(i._sputc) for _sputc
    printf1.o(i.__0fprintf$1) refers to printf1.o(i._printf_core) for _printf_core
    printf1.o(i.__0fprintf$1) refers to serial_debug.o(.text) for fputc
    printf1.o(i.__0printf$1) refers to printf1.o(i._printf_core) for _printf_core
    printf1.o(i.__0printf$1) refers to serial_debug.o(.text) for fputc
    printf1.o(i.__0printf$1) refers to stdout.o(.data) for __stdout
    printf1.o(i.__0snprintf$1) refers to printf1.o(i._printf_core) for _printf_core
    printf1.o(i.__0snprintf$1) refers to printf1.o(i._snputc) for _snputc
    printf1.o(i.__0sprintf$1) refers to printf1.o(i._printf_core) for _printf_core
    printf1.o(i.__0sprintf$1) refers to printf1.o(i._sputc) for _sputc
    printf1.o(i.__0vfprintf$1) refers to printf1.o(i._printf_core) for _printf_core
    printf1.o(i.__0vfprintf$1) refers to serial_debug.o(.text) for fputc
    printf1.o(i.__0vprintf$1) refers to printf1.o(i._printf_core) for _printf_core
    printf1.o(i.__0vprintf$1) refers to serial_debug.o(.text) for fputc
    printf1.o(i.__0vprintf$1) refers to stdout.o(.data) for __stdout
    printf1.o(i.__0vsnprintf$1) refers to printf1.o(i._printf_core) for _printf_core
    printf1.o(i.__0vsnprintf$1) refers to printf1.o(i._snputc) for _snputc
    printf1.o(i.__0vsprintf$1) refers to printf1.o(i._printf_core) for _printf_core
    printf1.o(i.__0vsprintf$1) refers to printf1.o(i._sputc) for _sputc
    printf1.o(i._printf_core) refers to uidiv.o(.text) for __aeabi_uidivmod
    printf2.o(i.__0fprintf$2) refers to printf2.o(i._printf_core) for _printf_core
    printf2.o(i.__0fprintf$2) refers to serial_debug.o(.text) for fputc
    printf2.o(i.__0printf$2) refers to printf2.o(i._printf_core) for _printf_core
    printf2.o(i.__0printf$2) refers to serial_debug.o(.text) for fputc
    printf2.o(i.__0printf$2) refers to stdout.o(.data) for __stdout
    printf2.o(i.__0snprintf$2) refers to printf2.o(i._printf_core) for _printf_core
    printf2.o(i.__0snprintf$2) refers to printf2.o(i._snputc) for _snputc
    printf2.o(i.__0sprintf$2) refers to printf2.o(i._printf_core) for _printf_core
    printf2.o(i.__0sprintf$2) refers to printf2.o(i._sputc) for _sputc
    printf2.o(i.__0vfprintf$2) refers to printf2.o(i._printf_core) for _printf_core
    printf2.o(i.__0vfprintf$2) refers to serial_debug.o(.text) for fputc
    printf2.o(i.__0vprintf$2) refers to printf2.o(i._printf_core) for _printf_core
    printf2.o(i.__0vprintf$2) refers to serial_debug.o(.text) for fputc
    printf2.o(i.__0vprintf$2) refers to stdout.o(.data) for __stdout
    printf2.o(i.__0vsnprintf$2) refers to printf2.o(i._printf_core) for _printf_core
    printf2.o(i.__0vsnprintf$2) refers to printf2.o(i._snputc) for _snputc
    printf2.o(i.__0vsprintf$2) refers to printf2.o(i._printf_core) for _printf_core
    printf2.o(i.__0vsprintf$2) refers to printf2.o(i._sputc) for _sputc
    printf3.o(i.__0fprintf$3) refers to printf3.o(i._printf_core) for _printf_core
    printf3.o(i.__0fprintf$3) refers to serial_debug.o(.text) for fputc
    printf3.o(i.__0printf$3) refers to printf3.o(i._printf_core) for _printf_core
    printf3.o(i.__0printf$3) refers to serial_debug.o(.text) for fputc
    printf3.o(i.__0printf$3) refers to stdout.o(.data) for __stdout
    printf3.o(i.__0snprintf$3) refers to printf3.o(i._printf_core) for _printf_core
    printf3.o(i.__0snprintf$3) refers to printf3.o(i._snputc) for _snputc
    printf3.o(i.__0sprintf$3) refers to printf3.o(i._printf_core) for _printf_core
    printf3.o(i.__0sprintf$3) refers to printf3.o(i._sputc) for _sputc
    printf3.o(i.__0vfprintf$3) refers to printf3.o(i._printf_core) for _printf_core
    printf3.o(i.__0vfprintf$3) refers to serial_debug.o(.text) for fputc
    printf3.o(i.__0vprintf$3) refers to printf3.o(i._printf_core) for _printf_core
    printf3.o(i.__0vprintf$3) refers to serial_debug.o(.text) for fputc
    printf3.o(i.__0vprintf$3) refers to stdout.o(.data) for __stdout
    printf3.o(i.__0vsnprintf$3) refers to printf3.o(i._printf_core) for _printf_core
    printf3.o(i.__0vsnprintf$3) refers to printf3.o(i._snputc) for _snputc
    printf3.o(i.__0vsprintf$3) refers to printf3.o(i._printf_core) for _printf_core
    printf3.o(i.__0vsprintf$3) refers to printf3.o(i._sputc) for _sputc
    printf3.o(i._printf_core) refers to uidiv.o(.text) for __aeabi_uidivmod
    printf4.o(i.__0fprintf$4) refers to printf4.o(i._printf_core) for _printf_core
    printf4.o(i.__0fprintf$4) refers to serial_debug.o(.text) for fputc
    printf4.o(i.__0printf$4) refers to printf4.o(i._printf_core) for _printf_core
    printf4.o(i.__0printf$4) refers to serial_debug.o(.text) for fputc
    printf4.o(i.__0printf$4) refers to stdout.o(.data) for __stdout
    printf4.o(i.__0snprintf$4) refers to printf4.o(i._printf_core) for _printf_core
    printf4.o(i.__0snprintf$4) refers to printf4.o(i._snputc) for _snputc
    printf4.o(i.__0sprintf$4) refers to printf4.o(i._printf_core) for _printf_core
    printf4.o(i.__0sprintf$4) refers to printf4.o(i._sputc) for _sputc
    printf4.o(i.__0vfprintf$4) refers to printf4.o(i._printf_core) for _printf_core
    printf4.o(i.__0vfprintf$4) refers to serial_debug.o(.text) for fputc
    printf4.o(i.__0vprintf$4) refers to printf4.o(i._printf_core) for _printf_core
    printf4.o(i.__0vprintf$4) refers to serial_debug.o(.text) for fputc
    printf4.o(i.__0vprintf$4) refers to stdout.o(.data) for __stdout
    printf4.o(i.__0vsnprintf$4) refers to printf4.o(i._printf_core) for _printf_core
    printf4.o(i.__0vsnprintf$4) refers to printf4.o(i._snputc) for _snputc
    printf4.o(i.__0vsprintf$4) refers to printf4.o(i._printf_core) for _printf_core
    printf4.o(i.__0vsprintf$4) refers to printf4.o(i._sputc) for _sputc
    printf4.o(i._printf_core) refers to uldiv.o(.text) for __aeabi_uldivmod
    printf5.o(i.__0fprintf$5) refers to printf5.o(i._printf_core) for _printf_core
    printf5.o(i.__0fprintf$5) refers to serial_debug.o(.text) for fputc
    printf5.o(i.__0printf$5) refers to printf5.o(i._printf_core) for _printf_core
    printf5.o(i.__0printf$5) refers to serial_debug.o(.text) for fputc
    printf5.o(i.__0printf$5) refers to stdout.o(.data) for __stdout
    printf5.o(i.__0snprintf$5) refers to printf5.o(i._printf_core) for _printf_core
    printf5.o(i.__0snprintf$5) refers to printf5.o(i._snputc) for _snputc
    printf5.o(i.__0sprintf$5) refers to printf5.o(i._printf_core) for _printf_core
    printf5.o(i.__0sprintf$5) refers to printf5.o(i._sputc) for _sputc
    printf5.o(i.__0vfprintf$5) refers to printf5.o(i._printf_core) for _printf_core
    printf5.o(i.__0vfprintf$5) refers to serial_debug.o(.text) for fputc
    printf5.o(i.__0vprintf$5) refers to printf5.o(i._printf_core) for _printf_core
    printf5.o(i.__0vprintf$5) refers to serial_debug.o(.text) for fputc
    printf5.o(i.__0vprintf$5) refers to stdout.o(.data) for __stdout
    printf5.o(i.__0vsnprintf$5) refers to printf5.o(i._printf_core) for _printf_core
    printf5.o(i.__0vsnprintf$5) refers to printf5.o(i._snputc) for _snputc
    printf5.o(i.__0vsprintf$5) refers to printf5.o(i._printf_core) for _printf_core
    printf5.o(i.__0vsprintf$5) refers to printf5.o(i._sputc) for _sputc
    printf5.o(i._printf_core) refers to uldiv.o(.text) for __aeabi_uldivmod
    printf6.o(i.__0fprintf$6) refers to printf6.o(i._printf_core) for _printf_core
    printf6.o(i.__0fprintf$6) refers to serial_debug.o(.text) for fputc
    printf6.o(i.__0printf$6) refers to printf6.o(i._printf_core) for _printf_core
    printf6.o(i.__0printf$6) refers to serial_debug.o(.text) for fputc
    printf6.o(i.__0printf$6) refers to stdout.o(.data) for __stdout
    printf6.o(i.__0snprintf$6) refers to printf6.o(i._printf_core) for _printf_core
    printf6.o(i.__0snprintf$6) refers to printf6.o(i._snputc) for _snputc
    printf6.o(i.__0sprintf$6) refers to printf6.o(i._printf_core) for _printf_core
    printf6.o(i.__0sprintf$6) refers to printf6.o(i._sputc) for _sputc
    printf6.o(i.__0vfprintf$6) refers to printf6.o(i._printf_core) for _printf_core
    printf6.o(i.__0vfprintf$6) refers to serial_debug.o(.text) for fputc
    printf6.o(i.__0vprintf$6) refers to printf6.o(i._printf_core) for _printf_core
    printf6.o(i.__0vprintf$6) refers to serial_debug.o(.text) for fputc
    printf6.o(i.__0vprintf$6) refers to stdout.o(.data) for __stdout
    printf6.o(i.__0vsnprintf$6) refers to printf6.o(i._printf_core) for _printf_core
    printf6.o(i.__0vsnprintf$6) refers to printf6.o(i._snputc) for _snputc
    printf6.o(i.__0vsprintf$6) refers to printf6.o(i._printf_core) for _printf_core
    printf6.o(i.__0vsprintf$6) refers to printf6.o(i._sputc) for _sputc
    printf6.o(i._printf_core) refers to printf6.o(i._printf_pre_padding) for _printf_pre_padding
    printf6.o(i._printf_core) refers to uidiv.o(.text) for __aeabi_uidivmod
    printf6.o(i._printf_core) refers to printf6.o(i._printf_post_padding) for _printf_post_padding
    printf7.o(i.__0fprintf$7) refers to printf7.o(i._printf_core) for _printf_core
    printf7.o(i.__0fprintf$7) refers to serial_debug.o(.text) for fputc
    printf7.o(i.__0printf$7) refers to printf7.o(i._printf_core) for _printf_core
    printf7.o(i.__0printf$7) refers to serial_debug.o(.text) for fputc
    printf7.o(i.__0printf$7) refers to stdout.o(.data) for __stdout
    printf7.o(i.__0snprintf$7) refers to printf7.o(i._printf_core) for _printf_core
    printf7.o(i.__0snprintf$7) refers to printf7.o(i._snputc) for _snputc
    printf7.o(i.__0sprintf$7) refers to printf7.o(i._printf_core) for _printf_core
    printf7.o(i.__0sprintf$7) refers to printf7.o(i._sputc) for _sputc
    printf7.o(i.__0vfprintf$7) refers to printf7.o(i._printf_core) for _printf_core
    printf7.o(i.__0vfprintf$7) refers to serial_debug.o(.text) for fputc
    printf7.o(i.__0vprintf$7) refers to printf7.o(i._printf_core) for _printf_core
    printf7.o(i.__0vprintf$7) refers to serial_debug.o(.text) for fputc
    printf7.o(i.__0vprintf$7) refers to stdout.o(.data) for __stdout
    printf7.o(i.__0vsnprintf$7) refers to printf7.o(i._printf_core) for _printf_core
    printf7.o(i.__0vsnprintf$7) refers to printf7.o(i._snputc) for _snputc
    printf7.o(i.__0vsprintf$7) refers to printf7.o(i._printf_core) for _printf_core
    printf7.o(i.__0vsprintf$7) refers to printf7.o(i._sputc) for _sputc
    printf7.o(i._printf_core) refers to printf7.o(i._printf_pre_padding) for _printf_pre_padding
    printf7.o(i._printf_core) refers to uldiv.o(.text) for __aeabi_uldivmod
    printf7.o(i._printf_core) refers to printf7.o(i._printf_post_padding) for _printf_post_padding
    printf8.o(i.__0fprintf$8) refers to printf8.o(i._printf_core) for _printf_core
    printf8.o(i.__0fprintf$8) refers to serial_debug.o(.text) for fputc
    printf8.o(i.__0printf$8) refers to printf8.o(i._printf_core) for _printf_core
    printf8.o(i.__0printf$8) refers to serial_debug.o(.text) for fputc
    printf8.o(i.__0printf$8) refers to stdout.o(.data) for __stdout
    printf8.o(i.__0snprintf$8) refers to printf8.o(i._printf_core) for _printf_core
    printf8.o(i.__0snprintf$8) refers to printf8.o(i._snputc) for _snputc
    printf8.o(i.__0sprintf$8) refers to printf8.o(i._printf_core) for _printf_core
    printf8.o(i.__0sprintf$8) refers to printf8.o(i._sputc) for _sputc
    printf8.o(i.__0vfprintf$8) refers to printf8.o(i._printf_core) for _printf_core
    printf8.o(i.__0vfprintf$8) refers to serial_debug.o(.text) for fputc
    printf8.o(i.__0vprintf$8) refers to printf8.o(i._printf_core) for _printf_core
    printf8.o(i.__0vprintf$8) refers to serial_debug.o(.text) for fputc
    printf8.o(i.__0vprintf$8) refers to stdout.o(.data) for __stdout
    printf8.o(i.__0vsnprintf$8) refers to printf8.o(i._printf_core) for _printf_core
    printf8.o(i.__0vsnprintf$8) refers to printf8.o(i._snputc) for _snputc
    printf8.o(i.__0vsprintf$8) refers to printf8.o(i._printf_core) for _printf_core
    printf8.o(i.__0vsprintf$8) refers to printf8.o(i._sputc) for _sputc
    printf8.o(i._printf_core) refers to printf8.o(i._printf_pre_padding) for _printf_pre_padding
    printf8.o(i._printf_core) refers to uldiv.o(.text) for __aeabi_uldivmod
    printf8.o(i._printf_core) refers to printf8.o(i._printf_post_padding) for _printf_post_padding
    printfa.o(i.__0fprintf) refers (Special) to iusefp.o(.text) for __I$use$fp
    printfa.o(i.__0fprintf) refers to printfa.o(i._printf_core) for _printf_core
    printfa.o(i.__0fprintf) refers to serial_debug.o(.text) for fputc
    printfa.o(i.__0printf) refers (Special) to iusefp.o(.text) for __I$use$fp
    printfa.o(i.__0printf) refers to printfa.o(i._printf_core) for _printf_core
    printfa.o(i.__0printf) refers to serial_debug.o(.text) for fputc
    printfa.o(i.__0printf) refers to stdout.o(.data) for __stdout
    printfa.o(i.__0snprintf) refers (Special) to iusefp.o(.text) for __I$use$fp
    printfa.o(i.__0snprintf) refers to printfa.o(i._printf_core) for _printf_core
    printfa.o(i.__0snprintf) refers to printfa.o(i._snputc) for _snputc
    printfa.o(i.__0sprintf) refers (Special) to iusefp.o(.text) for __I$use$fp
    printfa.o(i.__0sprintf) refers to printfa.o(i._printf_core) for _printf_core
    printfa.o(i.__0sprintf) refers to printfa.o(i._sputc) for _sputc
    printfa.o(i.__0vfprintf) refers (Special) to iusefp.o(.text) for __I$use$fp
    printfa.o(i.__0vfprintf) refers to printfa.o(i._printf_core) for _printf_core
    printfa.o(i.__0vfprintf) refers to serial_debug.o(.text) for fputc
    printfa.o(i.__0vprintf) refers (Special) to iusefp.o(.text) for __I$use$fp
    printfa.o(i.__0vprintf) refers to printfa.o(i._printf_core) for _printf_core
    printfa.o(i.__0vprintf) refers to serial_debug.o(.text) for fputc
    printfa.o(i.__0vprintf) refers to stdout.o(.data) for __stdout
    printfa.o(i.__0vsnprintf) refers (Special) to iusefp.o(.text) for __I$use$fp
    printfa.o(i.__0vsnprintf) refers to printfa.o(i._printf_core) for _printf_core
    printfa.o(i.__0vsnprintf) refers to printfa.o(i._snputc) for _snputc
    printfa.o(i.__0vsprintf) refers (Special) to iusefp.o(.text) for __I$use$fp
    printfa.o(i.__0vsprintf) refers to printfa.o(i._printf_core) for _printf_core
    printfa.o(i.__0vsprintf) refers to printfa.o(i._sputc) for _sputc
    printfa.o(i._fp_digits) refers (Special) to iusefp.o(.text) for __I$use$fp
    printfa.o(i._fp_digits) refers to dmul.o(.text) for __aeabi_dmul
    printfa.o(i._fp_digits) refers to ddiv.o(.text) for __aeabi_ddiv
    printfa.o(i._fp_digits) refers to cdrcmple.o(.text) for __aeabi_cdrcmple
    printfa.o(i._fp_digits) refers to dadd.o(.text) for __aeabi_dadd
    printfa.o(i._fp_digits) refers to dfixul.o(.text) for __aeabi_d2ulz
    printfa.o(i._fp_digits) refers to uldiv.o(.text) for __aeabi_uldivmod
    printfa.o(i._printf_core) refers (Special) to iusefp.o(.text) for __I$use$fp
    printfa.o(i._printf_core) refers to printfa.o(i._printf_pre_padding) for _printf_pre_padding
    printfa.o(i._printf_core) refers to uldiv.o(.text) for __aeabi_uldivmod
    printfa.o(i._printf_core) refers to printfa.o(i._printf_post_padding) for _printf_post_padding
    printfa.o(i._printf_core) refers to printfa.o(i._fp_digits) for _fp_digits
    printfa.o(i._printf_core) refers to uidiv.o(.text) for __aeabi_uidivmod
    printfa.o(i._printf_post_padding) refers (Special) to iusefp.o(.text) for __I$use$fp
    printfa.o(i._printf_pre_padding) refers (Special) to iusefp.o(.text) for __I$use$fp
    printfa.o(i._snputc) refers (Special) to iusefp.o(.text) for __I$use$fp
    printfa.o(i._sputc) refers (Special) to iusefp.o(.text) for __I$use$fp
    malloc.o(i.free) refers to mvars.o(.data) for __microlib_freelist
    malloc.o(i.malloc) refers to mvars.o(.data) for __microlib_freelist_initialised
    malloc.o(i.malloc) refers to mvars.o(.data) for __microlib_freelist
    malloc.o(i.malloc) refers to startup_tm4c123.o(HEAP) for __heap_base
    mallocr.o(i.__free$realloc) refers to mvars.o(.data) for __microlib_freelist
    mallocr.o(i.__malloc$realloc) refers to mallocr.o(i.internal_alloc) for internal_alloc
    mallocr.o(i.__malloc$realloc) refers to mvars.o(.data) for __microlib_freelist_initialised
    mallocr.o(i.__malloc$realloc) refers to startup_tm4c123.o(HEAP) for __heap_base
    mallocr.o(i.__malloc$realloc) refers to mvars.o(.data) for __microlib_freelist
    mallocr.o(i.internal_alloc) refers to memcpya.o(.text) for __aeabi_memcpy
    mallocr.o(i.internal_alloc) refers to mvars.o(.data) for __microlib_freelist
    mallocr.o(i.realloc) refers to mallocr.o(i.__free$realloc) for __free$realloc
    mallocr.o(i.realloc) refers to mallocr.o(i.internal_alloc) for internal_alloc
    mallocr.o(i.realloc) refers to mallocr.o(i.__malloc$realloc) for __malloc$realloc
    mallocr.o(i.realloc) refers to mvars.o(.data) for __microlib_freelist
    malloca.o(i.__aligned_malloc) refers to mvars.o(.data) for __microlib_freelist_initialised
    malloca.o(i.__aligned_malloc) refers to mvars.o(.data) for __microlib_freelist
    malloca.o(i.__aligned_malloc) refers to startup_tm4c123.o(HEAP) for __heap_base
    malloca.o(i.__free$memalign) refers to mvars.o(.data) for __microlib_freelist
    malloca.o(i.__malloc$memalign) refers to malloca.o(i.__aligned_malloc) for __aligned_malloc
    mallocra.o(i.__aligned_malloc$realloc) refers to mallocra.o(i.internal_alloc) for internal_alloc
    mallocra.o(i.__aligned_malloc$realloc) refers to mvars.o(.data) for __microlib_freelist_initialised
    mallocra.o(i.__aligned_malloc$realloc) refers to startup_tm4c123.o(HEAP) for __heap_base
    mallocra.o(i.__aligned_malloc$realloc) refers to mvars.o(.data) for __microlib_freelist
    mallocra.o(i.__free$realloc$memalign) refers to mvars.o(.data) for __microlib_freelist
    mallocra.o(i.__malloc$realloc$memalign) refers to mallocra.o(i.__aligned_malloc$realloc) for __aligned_malloc$realloc
    mallocra.o(i.__realloc$memalign) refers to mallocra.o(i.__free$realloc$memalign) for __free$realloc$memalign
    mallocra.o(i.__realloc$memalign) refers to mallocra.o(i.internal_alloc) for internal_alloc
    mallocra.o(i.__realloc$memalign) refers to mallocra.o(i.__malloc$realloc$memalign) for __malloc$realloc$memalign
    mallocra.o(i.__realloc$memalign) refers to mvars.o(.data) for __microlib_freelist
    mallocra.o(i.internal_alloc) refers to memcpya.o(.text) for __aeabi_memcpy
    mallocra.o(i.internal_alloc) refers to mvars.o(.data) for __microlib_freelist
    entry2.o(.ARM.Collect$$$$00000001) refers to entry2.o(.ARM.Collect$$$$00002712) for __lit__00000000
    entry2.o(.ARM.Collect$$$$00002712) refers to startup_tm4c123.o(STACK) for __initial_sp
    entry2.o(__vectab_stack_and_reset_area) refers to startup_tm4c123.o(STACK) for __initial_sp
    entry2.o(__vectab_stack_and_reset_area) refers to entry.o(.ARM.Collect$$$$00000000) for __main
    entry5.o(.ARM.Collect$$$$00000004) refers to init.o(.text) for __scatterload
    entry9a.o(.ARM.Collect$$$$0000000B) refers to main.o(.text) for main
    entry9b.o(.ARM.Collect$$$$0000000C) refers to main.o(.text) for main
    uldiv.o(.text) refers to llushr.o(.text) for __aeabi_llsr
    uldiv.o(.text) refers to llshl.o(.text) for __aeabi_llsl
    dadd.o(.text) refers to llshl.o(.text) for __aeabi_llsl
    dadd.o(.text) refers to llsshr.o(.text) for __aeabi_lasr
    dadd.o(.text) refers to depilogue.o(.text) for _double_epilogue
    dmul.o(.text) refers to depilogue.o(.text) for _double_epilogue
    ddiv.o(.text) refers to depilogue.o(.text) for _double_round
    dfixul.o(.text) refers to llushr.o(.text) for __aeabi_llsr
    dfixul.o(.text) refers to llshl.o(.text) for __aeabi_llsl
    init.o(.text) refers to entry5.o(.ARM.Collect$$$$00000004) for __main_after_scatterload
    depilogue.o(.text) refers to llshl.o(.text) for __aeabi_llsl
    depilogue.o(.text) refers to llushr.o(.text) for __aeabi_llsr


==============================================================================

Removing Unused input sections from the image.

    Removing main.o(.rev16_text), (4 bytes).
    Removing main.o(.revsh_text), (4 bytes).
    Removing main.o(.rrx_text), (6 bytes).
    Removing interrupts.o(.rev16_text), (4 bytes).
    Removing interrupts.o(.revsh_text), (4 bytes).
    Removing interrupts.o(.rrx_text), (6 bytes).
    Removing gpio_port.o(.rev16_text), (4 bytes).
    Removing gpio_port.o(.revsh_text), (4 bytes).
    Removing gpio_port.o(.rrx_text), (6 bytes).
    Removing spi.o(.rev16_text), (4 bytes).
    Removing spi.o(.revsh_text), (4 bytes).
    Removing spi.o(.rrx_text), (6 bytes).
    Removing uart.o(.rev16_text), (4 bytes).
    Removing uart.o(.revsh_text), (4 bytes).
    Removing uart.o(.rrx_text), (6 bytes).
    Removing serial_debug.o(.rev16_text), (4 bytes).
    Removing serial_debug.o(.revsh_text), (4 bytes).
    Removing serial_debug.o(.rrx_text), (6 bytes).
    Removing spi_select.o(.rev16_text), (4 bytes).
    Removing spi_select.o(.revsh_text), (4 bytes).
    Removing spi_select.o(.rrx_text), (6 bytes).
    Removing system_tm4c123.o(.rev16_text), (4 bytes).
    Removing system_tm4c123.o(.revsh_text), (4 bytes).
    Removing system_tm4c123.o(.rrx_text), (6 bytes).
    Removing wireless.o(.rev16_text), (4 bytes).
    Removing wireless.o(.revsh_text), (4 bytes).
    Removing wireless.o(.rrx_text), (6 bytes).
    Removing wireless.o(.conststring), (125 bytes).
    Removing wireless.o(.data), (24 bytes).
    Removing dadd.o(.text), (334 bytes).
    Removing dmul.o(.text), (228 bytes).
    Removing ddiv.o(.text), (222 bytes).
    Removing dfixul.o(.text), (48 bytes).
    Removing cdrcmple.o(.text), (48 bytes).
    Removing depilogue.o(.text), (186 bytes).

35 unused section(s) (total 1341 bytes) removed from the image.

==============================================================================

Image Symbol Table

    Local Symbols

    Symbol Name                              Value     Ov Type        Size  Object(Section)

    RESET                                    0x00000000   Section      620  startup_tm4c123.o(RESET)
    ../clib/microlib/division.c              0x00000000   Number         0  uldiv.o ABSOLUTE
    ../clib/microlib/division.c              0x00000000   Number         0  uidiv.o ABSOLUTE
    ../clib/microlib/init/entry.s            0x00000000   Number         0  entry11b.o ABSOLUTE
    ../clib/microlib/init/entry.s            0x00000000   Number         0  entry8a.o ABSOLUTE
    ../clib/microlib/init/entry.s            0x00000000   Number         0  entry7b.o ABSOLUTE
    ../clib/microlib/init/entry.s            0x00000000   Number         0  entry11a.o ABSOLUTE
    ../clib/microlib/init/entry.s            0x00000000   Number         0  entry7a.o ABSOLUTE
    ../clib/microlib/init/entry.s            0x00000000   Number         0  entry5.o ABSOLUTE
    ../clib/microlib/init/entry.s            0x00000000   Number         0  entry.o ABSOLUTE
    ../clib/microlib/init/entry.s            0x00000000   Number         0  entry2.o ABSOLUTE
    ../clib/microlib/init/entry.s            0x00000000   Number         0  entry10b.o ABSOLUTE
    ../clib/microlib/init/entry.s            0x00000000   Number         0  entry10a.o ABSOLUTE
    ../clib/microlib/init/entry.s            0x00000000   Number         0  entry9b.o ABSOLUTE
    ../clib/microlib/init/entry.s            0x00000000   Number         0  entry9a.o ABSOLUTE
    ../clib/microlib/init/entry.s            0x00000000   Number         0  entry8b.o ABSOLUTE
    ../clib/microlib/longlong.c              0x00000000   Number         0  llsshr.o ABSOLUTE
    ../clib/microlib/longlong.c              0x00000000   Number         0  llushr.o ABSOLUTE
    ../clib/microlib/longlong.c              0x00000000   Number         0  llshl.o ABSOLUTE
    ../clib/microlib/malloc/malloc.c         0x00000000   Number         0  malloc.o ABSOLUTE
    ../clib/microlib/malloc/malloc.c         0x00000000   Number         0  mallocra.o ABSOLUTE
    ../clib/microlib/malloc/malloc.c         0x00000000   Number         0  malloca.o ABSOLUTE
    ../clib/microlib/malloc/malloc.c         0x00000000   Number         0  mallocr.o ABSOLUTE
    ../clib/microlib/malloc/mvars.c          0x00000000   Number         0  mvars.o ABSOLUTE
    ../clib/microlib/printf/printf.c         0x00000000   Number         0  printf0.o ABSOLUTE
    ../clib/microlib/printf/printf.c         0x00000000   Number         0  printf3.o ABSOLUTE
    ../clib/microlib/printf/printf.c         0x00000000   Number         0  printf2.o ABSOLUTE
    ../clib/microlib/printf/printf.c         0x00000000   Number         0  printfb.o ABSOLUTE
    ../clib/microlib/printf/printf.c         0x00000000   Number         0  printf4.o ABSOLUTE
    ../clib/microlib/printf/printf.c         0x00000000   Number         0  printf7.o ABSOLUTE
    ../clib/microlib/printf/printf.c         0x00000000   Number         0  printf8.o ABSOLUTE
    ../clib/microlib/printf/printf.c         0x00000000   Number         0  printfa.o ABSOLUTE
    ../clib/microlib/printf/printf.c         0x00000000   Number         0  printf5.o ABSOLUTE
    ../clib/microlib/printf/printf.c         0x00000000   Number         0  printf1.o ABSOLUTE
    ../clib/microlib/printf/printf.c         0x00000000   Number         0  printf6.o ABSOLUTE
    ../clib/microlib/printf/stubs.s          0x00000000   Number         0  stubs.o ABSOLUTE
    ../clib/microlib/stdio/streams.c         0x00000000   Number         0  stdout.o ABSOLUTE
    ../clib/microlib/string/memcpy.c         0x00000000   Number         0  memcpya.o ABSOLUTE
    ../clib/microlib/string/memcpy.c         0x00000000   Number         0  memcpyb.o ABSOLUTE
    ../clib/microlib/stubs.s                 0x00000000   Number         0  iusefp.o ABSOLUTE
    ../fplib/microlib/fpadd.c                0x00000000   Number         0  dadd.o ABSOLUTE
    ../fplib/microlib/fpdiv.c                0x00000000   Number         0  ddiv.o ABSOLUTE
    ../fplib/microlib/fpepilogue.c           0x00000000   Number         0  depilogue.o ABSOLUTE
    ../fplib/microlib/fpfix.c                0x00000000   Number         0  dfixul.o ABSOLUTE
    ../fplib/microlib/fpmul.c                0x00000000   Number         0  dmul.o ABSOLUTE
    ..\\drivers\\c\\gpio_port.c              0x00000000   Number         0  gpio_port.o ABSOLUTE
    ..\\drivers\\c\\spi.c                    0x00000000   Number         0  spi.o ABSOLUTE
    ..\\drivers\\c\\uart.c                   0x00000000   Number         0  uart.o ABSOLUTE
    ..\\peripherals\\c\\serial_debug.c       0x00000000   Number         0  serial_debug.o ABSOLUTE
    ..\\peripherals\\c\\spi_select.c         0x00000000   Number         0  spi_select.o ABSOLUTE
    ..\drivers\c\gpio_port.c                 0x00000000   Number         0  gpio_port.o ABSOLUTE
    ..\drivers\c\pc_buffer.c                 0x00000000   Number         0  pc_buffer.o ABSOLUTE
    ..\drivers\c\spi.c                       0x00000000   Number         0  spi.o ABSOLUTE
    ..\drivers\c\uart.c                      0x00000000   Number         0  uart.o ABSOLUTE
    ..\peripherals\c\serial_debug.c          0x00000000   Number         0  serial_debug.o ABSOLUTE
    ..\peripherals\c\spi_select.c            0x00000000   Number         0  spi_select.o ABSOLUTE
    RTE\Device\TM4C123GH6PM\startup_TM4C123.s 0x00000000   Number         0  startup_tm4c123.o ABSOLUTE
    RTE\Device\TM4C123GH6PM\system_TM4C123.c 0x00000000   Number         0  system_tm4c123.o ABSOLUTE
    RTE\\Device\\TM4C123GH6PM\\system_TM4C123.c 0x00000000   Number         0  system_tm4c123.o ABSOLUTE
    cdrcmple.s                               0x00000000   Number         0  cdrcmple.o ABSOLUTE
    dc.s                                     0x00000000   Number         0  dc.o ABSOLUTE
    handlers.s                               0x00000000   Number         0  handlers.o ABSOLUTE
    init.s                                   0x00000000   Number         0  init.o ABSOLUTE
    interrupts.c                             0x00000000   Number         0  interrupts.o ABSOLUTE
    interrupts.c                             0x00000000   Number         0  interrupts.o ABSOLUTE
    main.c                                   0x00000000   Number         0  main.o ABSOLUTE
    main.c                                   0x00000000   Number         0  main.o ABSOLUTE
    wireless.c                               0x00000000   Number         0  wireless.o ABSOLUTE
    wireless.c                               0x00000000   Number         0  wireless.o ABSOLUTE
    .ARM.Collect$$$$00000000                 0x0000026c   Section        0  entry.o(.ARM.Collect$$$$00000000)
    .ARM.Collect$$$$00000001                 0x0000026c   Section        4  entry2.o(.ARM.Collect$$$$00000001)
    .ARM.Collect$$$$00000004                 0x00000270   Section        4  entry5.o(.ARM.Collect$$$$00000004)
    .ARM.Collect$$$$00000008                 0x00000274   Section        0  entry7b.o(.ARM.Collect$$$$00000008)
    .ARM.Collect$$$$0000000A                 0x00000274   Section        0  entry8b.o(.ARM.Collect$$$$0000000A)
    .ARM.Collect$$$$0000000B                 0x00000274   Section        8  entry9a.o(.ARM.Collect$$$$0000000B)
    .ARM.Collect$$$$0000000D                 0x0000027c   Section        0  entry10a.o(.ARM.Collect$$$$0000000D)
    .ARM.Collect$$$$0000000F                 0x0000027c   Section        0  entry11a.o(.ARM.Collect$$$$0000000F)
    .ARM.Collect$$$$00002712                 0x0000027c   Section        4  entry2.o(.ARM.Collect$$$$00002712)
    __lit__00000000                          0x0000027c   Data           4  entry2.o(.ARM.Collect$$$$00002712)
    .text                                    0x00000280   Section        0  main.o(.text)
    .text                                    0x0000041c   Section        0  interrupts.o(.text)
    .text                                    0x0000044c   Section        0  gpio_port.o(.text)
    verify_base_addr                         0x0000044d   Thumb Code    64  gpio_port.o(.text)
    .text                                    0x000006dc   Section        0  pc_buffer.o(.text)
    .text                                    0x00000758   Section        0  spi.o(.text)
    .text                                    0x00000908   Section        0  uart.o(.text)
    .text                                    0x00000b80   Section        0  serial_debug.o(.text)
    .text                                    0x00000d9c   Section        0  spi_select.o(.text)
    .text                                    0x00000e40   Section      252  startup_tm4c123.o(.text)
    $v0                                      0x00000e40   Number         0  startup_tm4c123.o(.text)
    .text                                    0x00000f3c   Section        0  system_tm4c123.o(.text)
    getOscClk                                0x00000f3d   Thumb Code   182  system_tm4c123.o(.text)
    .text                                    0x00001188   Section        0  wireless.o(.text)
    wireless_reg_read                        0x00001197   Thumb Code    40  wireless.o(.text)
    wireless_reg_write                       0x000011bf   Thumb Code    40  wireless.o(.text)
    wireless_rx_data_payload                 0x000011e7   Thumb Code    80  wireless.o(.text)
    wireless_set_rx_addr                     0x00001237   Thumb Code   118  wireless.o(.text)
    wireless_get_status                      0x000012ad   Thumb Code    32  wireless.o(.text)
    wireless_CSN_low                         0x0000161d   Thumb Code    18  wireless.o(.text)
    wireless_CSN_high                        0x0000162f   Thumb Code    18  wireless.o(.text)
    wireless_CE_low                          0x00001641   Thumb Code    16  wireless.o(.text)
    wireless_CE_high                         0x00001651   Thumb Code    16  wireless.o(.text)
    wireless_flush_tx_fifo                   0x00001661   Thumb Code    28  wireless.o(.text)
    wireless_flush_rx_fifo                   0x0000167d   Thumb Code    28  wireless.o(.text)
    wireless_rx_fifo_empty                   0x00001699   Thumb Code    24  wireless.o(.text)
    wireless_status_tx_ds_asserted           0x000016b1   Thumb Code    16  wireless.o(.text)
    wireless_status_tx_full_asserted         0x000016c1   Thumb Code    16  wireless.o(.text)
    wireless_clear_max_rt                    0x000016d1   Thumb Code    12  wireless.o(.text)
    .text                                    0x000016ec   Section        0  uidiv.o(.text)
    .text                                    0x00001718   Section       36  init.o(.text)
    i.__0printf$1                            0x0000173c   Section        0  printf1.o(i.__0printf$1)
    i.__scatterload_copy                     0x0000175c   Section       14  handlers.o(i.__scatterload_copy)
    i.__scatterload_null                     0x0000176a   Section        2  handlers.o(i.__scatterload_null)
    i.__scatterload_zeroinit                 0x0000176c   Section       14  handlers.o(i.__scatterload_zeroinit)
    i._printf_core                           0x0000177c   Section        0  printf1.o(i._printf_core)
    _printf_core                             0x0000177d   Thumb Code   336  printf1.o(i._printf_core)
    i.malloc                                 0x000018d0   Section        0  malloc.o(i.malloc)
    .data                                    0x20000000   Section       10  main.o(.data)
    .data                                    0x2000000c   Section        8  interrupts.o(.data)
    count                                    0x20000010   Data           4  interrupts.o(.data)
    .data                                    0x20000014   Section        2  serial_debug.o(.data)
    Rx_Interrupts_Enabled                    0x20000014   Data           1  serial_debug.o(.data)
    Tx_Interrupts_Enabled                    0x20000015   Data           1  serial_debug.o(.data)
    .data                                    0x20000018   Section        4  system_tm4c123.o(.data)
    .data                                    0x2000001c   Section        4  stdout.o(.data)
    .data                                    0x20000020   Section        4  mvars.o(.data)
    .data                                    0x20000024   Section        4  mvars.o(.data)
    .bss                                     0x20000028   Section       28  serial_debug.o(.bss)
    HEAP                                     0x20000048   Section        0  startup_tm4c123.o(HEAP)
    STACK                                    0x20000048   Section      512  startup_tm4c123.o(STACK)

    Global Symbols

    Symbol Name                              Value     Ov Type        Size  Object(Section)

    BuildAttributes$$THM_ISAv4$E$P$D$K$B$S$7EM$VFPi3$EXTD16$VFPS$VFMA$PE$A:L22UL41UL21$X:L11$S22US41US21$IEEE1$IW$USESV6$~STKCKD$USESV7$~SHL$OSPACE$ROPI$EBA8$MICROLIB$REQ8$PRES8$EABIv2 0x00000000   Number         0  anon$$obj.o ABSOLUTE
    __ARM_use_no_argv                        0x00000000   Number         0  main.o ABSOLUTE
    __Vectors                                0x00000000   Data           4  startup_tm4c123.o(RESET)
    _printf_a                                0x00000000   Number         0  stubs.o ABSOLUTE
    _printf_c                                0x00000000   Number         0  stubs.o ABSOLUTE
    _printf_charcount                        0x00000000   Number         0  stubs.o ABSOLUTE
    _printf_d                                0x00000000   Number         0  stubs.o ABSOLUTE
    _printf_e                                0x00000000   Number         0  stubs.o ABSOLUTE
    _printf_f                                0x00000000   Number         0  stubs.o ABSOLUTE
    _printf_flags                            0x00000000   Number         0  stubs.o ABSOLUTE
    _printf_fp_dec                           0x00000000   Number         0  stubs.o ABSOLUTE
    _printf_fp_hex                           0x00000000   Number         0  stubs.o ABSOLUTE
    _printf_g                                0x00000000   Number         0  stubs.o ABSOLUTE
    _printf_i                                0x00000000   Number         0  stubs.o ABSOLUTE
    _printf_int_dec                          0x00000000   Number         0  stubs.o ABSOLUTE
    _printf_l                                0x00000000   Number         0  stubs.o ABSOLUTE
    _printf_lc                               0x00000000   Number         0  stubs.o ABSOLUTE
    _printf_ll                               0x00000000   Number         0  stubs.o ABSOLUTE
    _printf_lld                              0x00000000   Number         0  stubs.o ABSOLUTE
    _printf_lli                              0x00000000   Number         0  stubs.o ABSOLUTE
    _printf_llo                              0x00000000   Number         0  stubs.o ABSOLUTE
    _printf_llu                              0x00000000   Number         0  stubs.o ABSOLUTE
    _printf_llx                              0x00000000   Number         0  stubs.o ABSOLUTE
    _printf_longlong_dec                     0x00000000   Number         0  stubs.o ABSOLUTE
    _printf_longlong_hex                     0x00000000   Number         0  stubs.o ABSOLUTE
    _printf_longlong_oct                     0x00000000   Number         0  stubs.o ABSOLUTE
    _printf_ls                               0x00000000   Number         0  stubs.o ABSOLUTE
    _printf_mbtowc                           0x00000000   Number         0  stubs.o ABSOLUTE
    _printf_n                                0x00000000   Number         0  stubs.o ABSOLUTE
    _printf_o                                0x00000000   Number         0  stubs.o ABSOLUTE
    _printf_p                                0x00000000   Number         0  stubs.o ABSOLUTE
    _printf_percent                          0x00000000   Number         0  stubs.o ABSOLUTE
    _printf_pre_padding                      0x00000000   Number         0  stubs.o ABSOLUTE
    _printf_return_value                     0x00000000   Number         0  stubs.o ABSOLUTE
    _printf_s                                0x00000000   Number         0  stubs.o ABSOLUTE
    _printf_sizespec                         0x00000000   Number         0  stubs.o ABSOLUTE
    _printf_str                              0x00000000   Number         0  stubs.o ABSOLUTE
    _printf_truncate_signed                  0x00000000   Number         0  stubs.o ABSOLUTE
    _printf_truncate_unsigned                0x00000000   Number         0  stubs.o ABSOLUTE
    _printf_u                                0x00000000   Number         0  stubs.o ABSOLUTE
    _printf_wc                               0x00000000   Number         0  stubs.o ABSOLUTE
    _printf_wctomb                           0x00000000   Number         0  stubs.o ABSOLUTE
    _printf_widthprec                        0x00000000   Number         0  stubs.o ABSOLUTE
    _printf_x                                0x00000000   Number         0  stubs.o ABSOLUTE
    __cpp_initialize__aeabi_                  - Undefined Weak Reference
    __cxa_finalize                            - Undefined Weak Reference
    __decompress                              - Undefined Weak Reference
    _clock_init                               - Undefined Weak Reference
    _microlib_exit                            - Undefined Weak Reference
    __Vectors_End                            0x0000026c   Data           0  startup_tm4c123.o(RESET)
    __Vectors_Size                           0x0000026c   Number         0  startup_tm4c123.o ABSOLUTE
    __main                                   0x0000026d   Thumb Code     0  entry.o(.ARM.Collect$$$$00000000)
    _main_stk                                0x0000026d   Thumb Code     0  entry2.o(.ARM.Collect$$$$00000001)
    _main_scatterload                        0x00000271   Thumb Code     0  entry5.o(.ARM.Collect$$$$00000004)
    __main_after_scatterload                 0x00000275   Thumb Code     0  entry5.o(.ARM.Collect$$$$00000004)
    _main_clock                              0x00000275   Thumb Code     0  entry7b.o(.ARM.Collect$$$$00000008)
    _main_cpp_init                           0x00000275   Thumb Code     0  entry8b.o(.ARM.Collect$$$$0000000A)
    _main_init                               0x00000275   Thumb Code     0  entry9a.o(.ARM.Collect$$$$0000000B)
    __rt_final_cpp                           0x0000027d   Thumb Code     0  entry10a.o(.ARM.Collect$$$$0000000D)
    __rt_final_exit                          0x0000027d   Thumb Code     0  entry11a.o(.ARM.Collect$$$$0000000F)
    DisableInterrupts                        0x00000281   Thumb Code     4  main.o(.text)
    EnableInterrupts                         0x00000285   Thumb Code     4  main.o(.text)
    initializeBoard                          0x00000289   Thumb Code    94  main.o(.text)
    main                                     0x000002e7   Thumb Code   150  main.o(.text)
    SysTick_Handler                          0x0000041d   Thumb Code    38  interrupts.o(.text)
    gpio_get_irq_num                         0x0000048d   Thumb Code    74  gpio_port.o(.text)
    gpio_enable_port                         0x000004d7   Thumb Code   156  gpio_port.o(.text)
    gpio_config_digital_enable               0x00000573   Thumb Code    34  gpio_port.o(.text)
    gpio_config_enable_output                0x00000595   Thumb Code    34  gpio_port.o(.text)
    gpio_config_enable_input                 0x000005b7   Thumb Code    34  gpio_port.o(.text)
    gpio_config_enable_pullup                0x000005d9   Thumb Code    34  gpio_port.o(.text)
    gpio_config_enable_pulldown              0x000005fb   Thumb Code    34  gpio_port.o(.text)
    gpio_config_analog_enable                0x0000061d   Thumb Code    34  gpio_port.o(.text)
    gpio_config_alternate_function           0x0000063f   Thumb Code    34  gpio_port.o(.text)
    gpio_config_port_control                 0x00000661   Thumb Code    50  gpio_port.o(.text)
    gpio_config_open_drain                   0x00000693   Thumb Code    34  gpio_port.o(.text)
    gpio_config_falling_edge_irq             0x000006b5   Thumb Code     6  gpio_port.o(.text)
    pc_buffer_init                           0x000006dd   Thumb Code    26  pc_buffer.o(.text)
    pc_buffer_add                            0x000006f7   Thumb Code    28  pc_buffer.o(.text)
    pc_buffer_remove                         0x00000713   Thumb Code    30  pc_buffer.o(.text)
    pc_buffer_empty                          0x00000731   Thumb Code    18  pc_buffer.o(.text)
    pc_buffer_full                           0x00000743   Thumb Code    22  pc_buffer.o(.text)
    spiVerifyBaseAddr                        0x00000759   Thumb Code    34  spi.o(.text)
    initialize_spi                           0x0000077b   Thumb Code   274  spi.o(.text)
    spiTx                                    0x0000088d   Thumb Code    94  spi.o(.text)
    verify_uart_base                         0x00000909   Thumb Code    54  uart.o(.text)
    uart_get_rcgc_mask                       0x0000093f   Thumb Code    68  uart.o(.text)
    uart_get_pr_mask                         0x00000983   Thumb Code    68  uart.o(.text)
    uart_get_irq_num                         0x000009c7   Thumb Code    68  uart.o(.text)
    uart_tx_poll                             0x00000a0b   Thumb Code    38  uart.o(.text)
    uart_tx_poll_string                      0x00000a31   Thumb Code    50  uart.o(.text)
    uart_rx_poll                             0x00000a63   Thumb Code    70  uart.o(.text)
    uart_init                                0x00000aa9   Thumb Code   198  uart.o(.text)
    init_serial_debug                        0x00000b81   Thumb Code   122  serial_debug.o(.text)
    serial_debug_rx                          0x00000bfb   Thumb Code    46  serial_debug.o(.text)
    serial_debug_tx                          0x00000c29   Thumb Code    84  serial_debug.o(.text)
    fputc                                    0x00000c7d   Thumb Code    66  serial_debug.o(.text)
    fgetc                                    0x00000cbf   Thumb Code    50  serial_debug.o(.text)
    UART0_Handler                            0x00000cf1   Thumb Code   146  serial_debug.o(.text)
    spi_select                               0x00000d9d   Thumb Code    62  spi_select.o(.text)
    spi_select_init                          0x00000ddb   Thumb Code    92  spi_select.o(.text)
    Reset_Handler                            0x00000e41   Thumb Code     8  startup_tm4c123.o(.text)
    NMI_Handler                              0x00000e49   Thumb Code     2  startup_tm4c123.o(.text)
    HardFault_Handler                        0x00000e4b   Thumb Code     2  startup_tm4c123.o(.text)
    MemManage_Handler                        0x00000e4d   Thumb Code     2  startup_tm4c123.o(.text)
    BusFault_Handler                         0x00000e4f   Thumb Code     2  startup_tm4c123.o(.text)
    UsageFault_Handler                       0x00000e51   Thumb Code     2  startup_tm4c123.o(.text)
    SVC_Handler                              0x00000e53   Thumb Code     2  startup_tm4c123.o(.text)
    DebugMon_Handler                         0x00000e55   Thumb Code     2  startup_tm4c123.o(.text)
    PendSV_Handler                           0x00000e57   Thumb Code     2  startup_tm4c123.o(.text)
    GPIOA_Handler                            0x00000e5b   Thumb Code     2  startup_tm4c123.o(.text)
    GPIOB_Handler                            0x00000e5d   Thumb Code     2  startup_tm4c123.o(.text)
    GPIOC_Handler                            0x00000e5f   Thumb Code     2  startup_tm4c123.o(.text)
    GPIOD_Handler                            0x00000e61   Thumb Code     2  startup_tm4c123.o(.text)
    GPIOE_Handler                            0x00000e63   Thumb Code     2  startup_tm4c123.o(.text)
    UART1_Handler                            0x00000e67   Thumb Code     2  startup_tm4c123.o(.text)
    SSI0_Handler                             0x00000e69   Thumb Code     2  startup_tm4c123.o(.text)
    I2C0_Handler                             0x00000e6b   Thumb Code     2  startup_tm4c123.o(.text)
    PMW0_FAULT_Handler                       0x00000e6d   Thumb Code     2  startup_tm4c123.o(.text)
    PWM0_0_Handler                           0x00000e6f   Thumb Code     2  startup_tm4c123.o(.text)
    PWM0_1_Handler                           0x00000e71   Thumb Code     2  startup_tm4c123.o(.text)
    PWM0_2_Handler                           0x00000e73   Thumb Code     2  startup_tm4c123.o(.text)
    QEI0_Handler                             0x00000e75   Thumb Code     2  startup_tm4c123.o(.text)
    ADC0SS0_Handler                          0x00000e77   Thumb Code     2  startup_tm4c123.o(.text)
    ADC0SS1_Handler                          0x00000e79   Thumb Code     2  startup_tm4c123.o(.text)
    ADC0SS2_Handler                          0x00000e7b   Thumb Code     2  startup_tm4c123.o(.text)
    ADC0SS3_Handler                          0x00000e7d   Thumb Code     2  startup_tm4c123.o(.text)
    WDT0_Handler                             0x00000e7f   Thumb Code     2  startup_tm4c123.o(.text)
    TIMER0A_Handler                          0x00000e81   Thumb Code     2  startup_tm4c123.o(.text)
    TIMER0B_Handler                          0x00000e83   Thumb Code     2  startup_tm4c123.o(.text)
    TIMER1A_Handler                          0x00000e85   Thumb Code     2  startup_tm4c123.o(.text)
    TIMER1B_Handler                          0x00000e87   Thumb Code     2  startup_tm4c123.o(.text)
    TIMER2A_Handler                          0x00000e89   Thumb Code     2  startup_tm4c123.o(.text)
    TIMER2B_Handler                          0x00000e8b   Thumb Code     2  startup_tm4c123.o(.text)
    COMP0_Handler                            0x00000e8d   Thumb Code     2  startup_tm4c123.o(.text)
    COMP1_Handler                            0x00000e8f   Thumb Code     2  startup_tm4c123.o(.text)
    COMP2_Handler                            0x00000e91   Thumb Code     2  startup_tm4c123.o(.text)
    SYSCTL_Handler                           0x00000e93   Thumb Code     2  startup_tm4c123.o(.text)
    FLASH_Handler                            0x00000e95   Thumb Code     2  startup_tm4c123.o(.text)
    GPIOF_Handler                            0x00000e97   Thumb Code     2  startup_tm4c123.o(.text)
    GPIOG_Handler                            0x00000e99   Thumb Code     2  startup_tm4c123.o(.text)
    GPIOH_Handler                            0x00000e9b   Thumb Code     2  startup_tm4c123.o(.text)
    UART2_Handler                            0x00000e9d   Thumb Code     2  startup_tm4c123.o(.text)
    SSI1_Handler                             0x00000e9f   Thumb Code     2  startup_tm4c123.o(.text)
    TIMER3A_Handler                          0x00000ea1   Thumb Code     2  startup_tm4c123.o(.text)
    TIMER3B_Handler                          0x00000ea3   Thumb Code     2  startup_tm4c123.o(.text)
    I2C1_Handler                             0x00000ea5   Thumb Code     2  startup_tm4c123.o(.text)
    QEI1_Handler                             0x00000ea7   Thumb Code     2  startup_tm4c123.o(.text)
    CAN0_Handler                             0x00000ea9   Thumb Code     2  startup_tm4c123.o(.text)
    CAN1_Handler                             0x00000eab   Thumb Code     2  startup_tm4c123.o(.text)
    CAN2_Handler                             0x00000ead   Thumb Code     2  startup_tm4c123.o(.text)
    HIB_Handler                              0x00000eaf   Thumb Code     2  startup_tm4c123.o(.text)
    USB0_Handler                             0x00000eb1   Thumb Code     2  startup_tm4c123.o(.text)
    PWM0_3_Handler                           0x00000eb3   Thumb Code     2  startup_tm4c123.o(.text)
    UDMA_Handler                             0x00000eb5   Thumb Code     2  startup_tm4c123.o(.text)
    UDMAERR_Handler                          0x00000eb7   Thumb Code     2  startup_tm4c123.o(.text)
    ADC1SS0_Handler                          0x00000eb9   Thumb Code     2  startup_tm4c123.o(.text)
    ADC1SS1_Handler                          0x00000ebb   Thumb Code     2  startup_tm4c123.o(.text)
    ADC1SS2_Handler                          0x00000ebd   Thumb Code     2  startup_tm4c123.o(.text)
    ADC1SS3_Handler                          0x00000ebf   Thumb Code     2  startup_tm4c123.o(.text)
    GPIOJ_Handler                            0x00000ec1   Thumb Code     2  startup_tm4c123.o(.text)
    GPIOK_Handler                            0x00000ec3   Thumb Code     2  startup_tm4c123.o(.text)
    GPIOL_Handler                            0x00000ec5   Thumb Code     2  startup_tm4c123.o(.text)
    SSI2_Handler                             0x00000ec7   Thumb Code     2  startup_tm4c123.o(.text)
    SSI3_Handler                             0x00000ec9   Thumb Code     2  startup_tm4c123.o(.text)
    UART3_Handler                            0x00000ecb   Thumb Code     2  startup_tm4c123.o(.text)
    UART4_Handler                            0x00000ecd   Thumb Code     2  startup_tm4c123.o(.text)
    UART5_Handler                            0x00000ecf   Thumb Code     2  startup_tm4c123.o(.text)
    UART6_Handler                            0x00000ed1   Thumb Code     2  startup_tm4c123.o(.text)
    UART7_Handler                            0x00000ed3   Thumb Code     2  startup_tm4c123.o(.text)
    I2C2_Handler                             0x00000ed5   Thumb Code     2  startup_tm4c123.o(.text)
    I2C3_Handler                             0x00000ed7   Thumb Code     2  startup_tm4c123.o(.text)
    TIMER4A_Handler                          0x00000ed9   Thumb Code     2  startup_tm4c123.o(.text)
    TIMER4B_Handler                          0x00000edb   Thumb Code     2  startup_tm4c123.o(.text)
    TIMER5A_Handler                          0x00000edd   Thumb Code     2  startup_tm4c123.o(.text)
    TIMER5B_Handler                          0x00000edf   Thumb Code     2  startup_tm4c123.o(.text)
    WTIMER0A_Handler                         0x00000ee1   Thumb Code     2  startup_tm4c123.o(.text)
    WTIMER0B_Handler                         0x00000ee3   Thumb Code     2  startup_tm4c123.o(.text)
    WTIMER1A_Handler                         0x00000ee5   Thumb Code     2  startup_tm4c123.o(.text)
    WTIMER1B_Handler                         0x00000ee7   Thumb Code     2  startup_tm4c123.o(.text)
    WTIMER2A_Handler                         0x00000ee9   Thumb Code     2  startup_tm4c123.o(.text)
    WTIMER2B_Handler                         0x00000eeb   Thumb Code     2  startup_tm4c123.o(.text)
    WTIMER3A_Handler                         0x00000eed   Thumb Code     2  startup_tm4c123.o(.text)
    WTIMER3B_Handler                         0x00000eef   Thumb Code     2  startup_tm4c123.o(.text)
    WTIMER4A_Handler                         0x00000ef1   Thumb Code     2  startup_tm4c123.o(.text)
    WTIMER4B_Handler                         0x00000ef3   Thumb Code     2  startup_tm4c123.o(.text)
    WTIMER5A_Handler                         0x00000ef5   Thumb Code     2  startup_tm4c123.o(.text)
    WTIMER5B_Handler                         0x00000ef7   Thumb Code     2  startup_tm4c123.o(.text)
    FPU_Handler                              0x00000ef9   Thumb Code     2  startup_tm4c123.o(.text)
    I2C4_Handler                             0x00000efb   Thumb Code     2  startup_tm4c123.o(.text)
    I2C5_Handler                             0x00000efd   Thumb Code     2  startup_tm4c123.o(.text)
    GPIOM_Handler                            0x00000eff   Thumb Code     2  startup_tm4c123.o(.text)
    GPION_Handler                            0x00000f01   Thumb Code     2  startup_tm4c123.o(.text)
    QEI2_Handler                             0x00000f03   Thumb Code     2  startup_tm4c123.o(.text)
    GPIOP0_Handler                           0x00000f05   Thumb Code     2  startup_tm4c123.o(.text)
    GPIOP1_Handler                           0x00000f07   Thumb Code     2  startup_tm4c123.o(.text)
    GPIOP2_Handler                           0x00000f09   Thumb Code     2  startup_tm4c123.o(.text)
    GPIOP3_Handler                           0x00000f0b   Thumb Code     2  startup_tm4c123.o(.text)
    GPIOP4_Handler                           0x00000f0d   Thumb Code     2  startup_tm4c123.o(.text)
    GPIOP5_Handler                           0x00000f0f   Thumb Code     2  startup_tm4c123.o(.text)
    GPIOP6_Handler                           0x00000f11   Thumb Code     2  startup_tm4c123.o(.text)
    GPIOP7_Handler                           0x00000f13   Thumb Code     2  startup_tm4c123.o(.text)
    GPIOQ0_Handler                           0x00000f15   Thumb Code     2  startup_tm4c123.o(.text)
    GPIOQ1_Handler                           0x00000f17   Thumb Code     2  startup_tm4c123.o(.text)
    GPIOQ2_Handler                           0x00000f19   Thumb Code     2  startup_tm4c123.o(.text)
    GPIOQ3_Handler                           0x00000f1b   Thumb Code     2  startup_tm4c123.o(.text)
    GPIOQ4_Handler                           0x00000f1d   Thumb Code     2  startup_tm4c123.o(.text)
    GPIOQ5_Handler                           0x00000f1f   Thumb Code     2  startup_tm4c123.o(.text)
    GPIOQ6_Handler                           0x00000f21   Thumb Code     2  startup_tm4c123.o(.text)
    GPIOQ7_Handler                           0x00000f23   Thumb Code     2  startup_tm4c123.o(.text)
    GPIOR_Handler                            0x00000f25   Thumb Code     2  startup_tm4c123.o(.text)
    GPIOS_Handler                            0x00000f27   Thumb Code     2  startup_tm4c123.o(.text)
    PMW1_0_Handler                           0x00000f29   Thumb Code     2  startup_tm4c123.o(.text)
    PWM1_1_Handler                           0x00000f2b   Thumb Code     2  startup_tm4c123.o(.text)
    PWM1_2_Handler                           0x00000f2d   Thumb Code     2  startup_tm4c123.o(.text)
    PWM1_3_Handler                           0x00000f2f   Thumb Code     2  startup_tm4c123.o(.text)
    PWM1_FAULT_Handler                       0x00000f31   Thumb Code     2  startup_tm4c123.o(.text)
    SystemCoreClockUpdate                    0x00000ff3   Thumb Code   184  system_tm4c123.o(.text)
    SystemInit                               0x000010ab   Thumb Code   112  system_tm4c123.o(.text)
    wait_uS_15                               0x00001189   Thumb Code    14  wireless.o(.text)
    wireless_send_32                         0x000012cd   Thumb Code   302  wireless.o(.text)
    wireless_get_32                          0x000013fb   Thumb Code   130  wireless.o(.text)
    wireless_initialize                      0x0000147d   Thumb Code   194  wireless.o(.text)
    wireless_configure_device                0x0000153f   Thumb Code   222  wireless.o(.text)
    __aeabi_uidiv                            0x000016ed   Thumb Code     0  uidiv.o(.text)
    __aeabi_uidivmod                         0x000016ed   Thumb Code    44  uidiv.o(.text)
    __scatterload                            0x00001719   Thumb Code    28  init.o(.text)
    __scatterload_rt2                        0x00001719   Thumb Code     0  init.o(.text)
    __0printf$1                              0x0000173d   Thumb Code    22  printf1.o(i.__0printf$1)
    __1printf$1                              0x0000173d   Thumb Code     0  printf1.o(i.__0printf$1)
    __2printf                                0x0000173d   Thumb Code     0  printf1.o(i.__0printf$1)
    __scatterload_copy                       0x0000175d   Thumb Code    14  handlers.o(i.__scatterload_copy)
    __scatterload_null                       0x0000176b   Thumb Code     2  handlers.o(i.__scatterload_null)
    __scatterload_zeroinit                   0x0000176d   Thumb Code    14  handlers.o(i.__scatterload_zeroinit)
    malloc                                   0x000018d1   Thumb Code    92  malloc.o(i.malloc)
    Region$$Table$$Base                      0x0000193c   Number         0  anon$$obj.o(Region$$Table)
    Region$$Table$$Limit                     0x0000195c   Number         0  anon$$obj.o(Region$$Table)
    myID                                     0x20000000   Data           5  main.o(.data)
    remoteID                                 0x20000005   Data           5  main.o(.data)
    AlertOneSec                              0x2000000c   Data           1  interrupts.o(.data)
    SystemCoreClock                          0x20000018   Data           4  system_tm4c123.o(.data)
    __stdout                                 0x2000001c   Data           4  stdout.o(.data)
    __microlib_freelist                      0x20000020   Data           4  mvars.o(.data)
    __microlib_freelist_initialised          0x20000024   Data           4  mvars.o(.data)
    UART0_Tx_Buffer                          0x20000028   Data          14  serial_debug.o(.bss)
    UART0_Rx_Buffer                          0x20000036   Data          14  serial_debug.o(.bss)
    __heap_base                              0x20000048   Data           0  startup_tm4c123.o(HEAP)
    __heap_limit                             0x20000048   Data           0  startup_tm4c123.o(HEAP)
    __initial_sp                             0x20000248   Data           0  startup_tm4c123.o(STACK)



==============================================================================

Memory Map of the image

  Image Entry point : 0x00000e41

  Load Region LR_1 (Base: 0x00000000, Size: 0x00001984, Max: 0xffffffff, ABSOLUTE)

    Execution Region ER_RO (Exec base: 0x00000000, Load base: 0x00000000, Size: 0x0000195c, Max: 0xffffffff, ABSOLUTE)

    Exec Addr    Load Addr    Size         Type   Attr      Idx    E Section Name        Object

    0x00000000   0x00000000   0x0000026c   Data   RO          298    RESET               startup_tm4c123.o
    0x0000026c   0x0000026c   0x00000000   Code   RO          409  * .ARM.Collect$$$$00000000  mc_w.l(entry.o)
    0x0000026c   0x0000026c   0x00000004   Code   RO          702    .ARM.Collect$$$$00000001  mc_w.l(entry2.o)
    0x00000270   0x00000270   0x00000004   Code   RO          705    .ARM.Collect$$$$00000004  mc_w.l(entry5.o)
    0x00000274   0x00000274   0x00000000   Code   RO          707    .ARM.Collect$$$$00000008  mc_w.l(entry7b.o)
    0x00000274   0x00000274   0x00000000   Code   RO          709    .ARM.Collect$$$$0000000A  mc_w.l(entry8b.o)
    0x00000274   0x00000274   0x00000008   Code   RO          710    .ARM.Collect$$$$0000000B  mc_w.l(entry9a.o)
    0x0000027c   0x0000027c   0x00000000   Code   RO          712    .ARM.Collect$$$$0000000D  mc_w.l(entry10a.o)
    0x0000027c   0x0000027c   0x00000000   Code   RO          714    .ARM.Collect$$$$0000000F  mc_w.l(entry11a.o)
    0x0000027c   0x0000027c   0x00000004   Code   RO          703    .ARM.Collect$$$$00002712  mc_w.l(entry2.o)
    0x00000280   0x00000280   0x0000019c   Code   RO            4    .text               main.o
    0x0000041c   0x0000041c   0x00000030   Code   RO          109    .text               interrupts.o
    0x0000044c   0x0000044c   0x00000290   Code   RO          148    .text               gpio_port.o
    0x000006dc   0x000006dc   0x0000007c   Code   RO          169    .text               pc_buffer.o
    0x00000758   0x00000758   0x000001b0   Code   RO          187    .text               spi.o
    0x00000908   0x00000908   0x00000278   Code   RO          211    .text               uart.o
    0x00000b80   0x00000b80   0x0000021c   Code   RO          239    .text               serial_debug.o
    0x00000d9c   0x00000d9c   0x000000a4   Code   RO          275    .text               spi_select.o
    0x00000e40   0x00000e40   0x000000fc   Code   RO          299  * .text               startup_tm4c123.o
    0x00000f3c   0x00000f3c   0x0000024c   Code   RO          306    .text               system_tm4c123.o
    0x00001188   0x00001188   0x00000564   Code   RO          336    .text               ece353_nrf24l01p.lib(wireless.o)
    0x000016ec   0x000016ec   0x0000002c   Code   RO          716    .text               mc_w.l(uidiv.o)
    0x00001718   0x00001718   0x00000024   Code   RO          737    .text               mc_w.l(init.o)
    0x0000173c   0x0000173c   0x00000020   Code   RO          458    i.__0printf$1       mc_w.l(printf1.o)
    0x0000175c   0x0000175c   0x0000000e   Code   RO          749    i.__scatterload_copy  mc_w.l(handlers.o)
    0x0000176a   0x0000176a   0x00000002   Code   RO          750    i.__scatterload_null  mc_w.l(handlers.o)
    0x0000176c   0x0000176c   0x0000000e   Code   RO          751    i.__scatterload_zeroinit  mc_w.l(handlers.o)
    0x0000177a   0x0000177a   0x00000002   PAD
    0x0000177c   0x0000177c   0x00000154   Code   RO          465    i._printf_core      mc_w.l(printf1.o)
    0x000018d0   0x000018d0   0x0000006c   Code   RO          675    i.malloc            mc_w.l(malloc.o)
    0x0000193c   0x0000193c   0x00000020   Data   RO          747    Region$$Table       anon$$obj.o


    Execution Region ER_RW (Exec base: 0x20000000, Load base: 0x0000195c, Size: 0x00000028, Max: 0xffffffff, ABSOLUTE)

    Exec Addr    Load Addr    Size         Type   Attr      Idx    E Section Name        Object

    0x20000000   0x0000195c   0x0000000a   Data   RW            5    .data               main.o
    0x2000000a   0x00001966   0x00000002   PAD
    0x2000000c   0x00001968   0x00000008   Data   RW          110    .data               interrupts.o
    0x20000014   0x00001970   0x00000002   Data   RW          241    .data               serial_debug.o
    0x20000016   0x00001972   0x00000002   PAD
    0x20000018   0x00001974   0x00000004   Data   RW          307    .data               system_tm4c123.o
    0x2000001c   0x00001978   0x00000004   Data   RW          412    .data               mc_w.l(stdout.o)
    0x20000020   0x0000197c   0x00000004   Data   RW          724    .data               mc_w.l(mvars.o)
    0x20000024   0x00001980   0x00000004   Data   RW          725    .data               mc_w.l(mvars.o)


    Execution Region ER_ZI (Exec base: 0x20000028, Load base: 0x00001984, Size: 0x00000220, Max: 0xffffffff, ABSOLUTE)

    Exec Addr    Load Addr    Size         Type   Attr      Idx    E Section Name        Object

    0x20000028        -       0x0000001c   Zero   RW          240    .bss                serial_debug.o
    0x20000044   0x00001984   0x00000004   PAD
    0x20000048        -       0x00000000   Zero   RW          297    HEAP                startup_tm4c123.o
    0x20000048        -       0x00000200   Zero   RW          296    STACK               startup_tm4c123.o


==============================================================================

Image component sizes


      Code (inc. data)   RO Data    RW Data    ZI Data      Debug   Object Name

       656         34          0          0          0       5166   gpio_port.o
        48         10          0          8          0        756   interrupts.o
       412        160          0         10          0      65427   main.o
       124          0          0          0          0       1939   pc_buffer.o
       540         26          0          2         28       5813   serial_debug.o
       432         30          0          0          0       1897   spi.o
       164         10          0          0          0        873   spi_select.o
       252         10        620          0        512       5440   startup_tm4c123.o
       588        134          0          4          0       1553   system_tm4c123.o
       632         50          0          0          0      33175   uart.o

    ----------------------------------------------------------------------
      3848        464        652         28        544     122039   Object Totals
         0          0         32          0          0          0   (incl. Generated)
         0          0          0          4          4          0   (incl. Padding)

    ----------------------------------------------------------------------

      Code (inc. data)   RO Data    RW Data    ZI Data      Debug   Library Member Name

      1380         36          0          0          0      15308   wireless.o
         0          0          0          0          0          0   entry.o
         0          0          0          0          0          0   entry10a.o
         0          0          0          0          0          0   entry11a.o
         8          4          0          0          0          0   entry2.o
         4          0          0          0          0          0   entry5.o
         0          0          0          0          0          0   entry7b.o
         0          0          0          0          0          0   entry8b.o
         8          4          0          0          0          0   entry9a.o
        30          0          0          0          0          0   handlers.o
        36          8          0          0          0         68   init.o
       108         16          0          0          0         84   malloc.o
         0          0          0          8          0          0   mvars.o
       372         14          0          0          0        184   printf1.o
         0          0          0          4          0          0   stdout.o
        44          0          0          0          0         80   uidiv.o

    ----------------------------------------------------------------------
      1992         82          0         12          0      15724   Library Totals
         2          0          0          0          0          0   (incl. Padding)

    ----------------------------------------------------------------------

      Code (inc. data)   RO Data    RW Data    ZI Data      Debug   Library Name

      1380         36          0          0          0      15308   ece353_nrf24l01p.lib
       610         46          0         12          0        416   mc_w.l

    ----------------------------------------------------------------------
      1992         82          0         12          0      15724   Library Totals

    ----------------------------------------------------------------------

==============================================================================


      Code (inc. data)   RO Data    RW Data    ZI Data      Debug   

      5840        546        652         40        544     136363   Grand Totals
      5840        546        652         40        544     136363   ELF Image Totals
      5840        546        652         40          0          0   ROM Totals

==============================================================================

    Total RO  Size (Code + RO Data)                 6492 (   6.34kB)
    Total RW  Size (RW Data + ZI Data)               584 (   0.57kB)
    Total ROM Size (Code + RO Data + RW Data)       6532 (   6.38kB)

==============================================================================

