<html>
<body>
<pre>
<h1>µVision Build Log</h1>
<h2>Tool Versions:</h2>
IDE-Version: µVision V5.21.1.0
Copyright (C) 2016 ARM Ltd and ARM Germany GmbH. All rights reserved.
License Information: Joe Krachey, UW-Madison, LIC=----
 
Tool Versions:
Toolchain:       MDK-Lite  Version: 5.21a
Toolchain Path:  C:\Keil_v5\ARM\ARMCC\Bin
C Compiler:      Armcc.exe V5.06 update 3 (build 300)
Assembler:       Armasm.exe V5.06 update 3 (build 300)
Linker/Locator:  ArmLink.exe V5.06 update 3 (build 300)
Library Manager: ArmAr.exe V5.06 update 3 (build 300)
Hex Converter:   FromElf.exe V5.06 update 3 (build 300)
CPU DLL:         SARMCM3.DLL V5.21a
Dialog DLL:      DCM.DLL V1.13.8.0
Target DLL:      lmidk-agdi.dll V???
Dialog DLL:      TCM.DLL V1.14.14.0
 
<h2>Project:</h2>
C:\Users\joe.krachey\Documents\ece353-src\student_S18\ICE-18-I2C-FT6206\ICE-I2C-FT6206.uvprojx
Project File Date:  11/20/2017

<h2>Output:</h2>
*** Using Compiler 'V5.06 update 3 (build 300)', folder: 'C:\Keil_v5\ARM\ARMCC\Bin'
Rebuild target 'ICE-I2C-FT6206'
assembling startup_TM4C123.s...
compiling pc_buffer.c...
..\drivers\c\pc_buffer.c(66): warning:  #940-D: missing return statement at end of non-void function "pc_buffer_empty"
  }
..\drivers\c\pc_buffer.c(76): warning:  #940-D: missing return statement at end of non-void function "pc_buffer_full"
  }
..\drivers\c\pc_buffer.c: 2 warnings, 0 errors
compiling i2c.c...
compiling serial_debug.c...
..\peripherals\c\serial_debug.c(77): warning:  #177-D: variable "uart" was declared but never referenced
    UART0_Type *uart = (UART0_Type *)(uart_base);
..\peripherals\c\serial_debug.c(79): warning:  #550-D: variable "tx_buffer_empty" was set but never used
    bool  tx_buffer_empty;
..\peripherals\c\serial_debug.c(80): warning:  #550-D: variable "fifo_full" was set but never used
    bool  fifo_full;
..\peripherals\c\serial_debug.c(155): warning:  #177-D: variable "uart_base" was declared but never referenced
     uint32_t uart_base;
..\peripherals\c\serial_debug.c(156): warning:  #177-D: variable "tx_buffer" was declared but never referenced
     PC_Buffer *tx_buffer;
..\peripherals\c\serial_debug.c(193): warning:  #177-D: variable "uart" was declared but never referenced
    UART0_Type *uart = (UART0_Type *)(uart_base);
..\peripherals\c\serial_debug.c(210): warning:  #177-D: variable "uart" was declared but never referenced
      UART0_Type *uart = (UART0_Type *)(uart_base);    
..\peripherals\c\serial_debug.c(211): warning:  #177-D: variable "c" was declared but never referenced
      char c;
..\peripherals\c\serial_debug.c(208): warning:  #177-D: function "UART_Tx_Flow" was declared but never referenced
  __INLINE static void UART_Tx_Flow(uint32_t uart_base, PC_Buffer *tx_buffer)
..\peripherals\c\serial_debug.c: 9 warnings, 0 errors
compiling timers.c...
..\drivers\c\timers.c(88): warning:  #550-D: variable "gp_timer" was set but never used
    TIMER0_Type *gp_timer;
..\drivers\c\timers.c(128): warning:  #550-D: variable "gp_timer" was set but never used
    TIMER0_Type *gp_timer;
..\drivers\c\timers.c: 2 warnings, 0 errors
compiling system_TM4C123.c...
compiling ft6x06.c...
..\peripherals\c\ft6x06.c(99): warning:  #940-D: missing return statement at end of non-void function "ft6x06_read_td_status"
  } 
..\peripherals\c\ft6x06.c(111): warning:  #940-D: missing return statement at end of non-void function "ft6x06_read_x"
  } 
..\peripherals\c\ft6x06.c(121): warning:  #940-D: missing return statement at end of non-void function "ft6x06_read_y"
  } 
..\peripherals\c\ft6x06.c(14): warning:  #177-D: function "ft6x06_set_addr" was declared but never referenced
  static i2c_status_t ft6x06_set_addr
..\peripherals\c\ft6x06.c(57): warning:  #177-D: function "ft6x06_read_data" was declared but never referenced
  static i2c_status_t ft6x06_read_data
..\peripherals\c\ft6x06.c: 5 warnings, 0 errors
compiling uart.c...
..\drivers\c\uart.c(184): warning:  #188-D: enumerated type mixed with another type
         return 0;
..\drivers\c\uart.c(274): warning:  #177-D: variable "uart" was declared but never referenced
      UART0_Type *uart = (UART0_Type *)(uart_base);
..\drivers\c\uart.c(275): warning:  #550-D: variable "rcgc_mask" was set but never used
      uint32_t rcgc_mask;
..\drivers\c\uart.c(276): warning:  #550-D: variable "pr_mask" was set but never used
      uint32_t pr_mask;
..\drivers\c\uart.c: 4 warnings, 0 errors
compiling gpio_port.c...
..\drivers\c\gpio_port.c(82): warning:  #188-D: enumerated type mixed with another type
         return 0;
..\drivers\c\gpio_port.c(126): warning:  #177-D: variable "rcgc_mask" was declared but never referenced
    uint32_t rcgc_mask = 0;
..\drivers\c\gpio_port.c(127): warning:  #177-D: variable "pr_mask" was declared but never referenced
    uint32_t pr_mask = 0;
..\drivers\c\gpio_port.c(213): warning:  #177-D: variable "gpioPort" was declared but never referenced
    GPIOA_Type  *gpioPort;
..\drivers\c\gpio_port.c(235): warning:  #177-D: variable "gpioPort" was declared but never referenced
    GPIOA_Type  *gpioPort;
..\drivers\c\gpio_port.c(257): warning:  #177-D: variable "gpioPort" was declared but never referenced
    GPIOA_Type  *gpioPort;
..\drivers\c\gpio_port.c(278): warning:  #177-D: variable "gpioPort" was declared but never referenced
    GPIOA_Type  *gpioPort;
..\drivers\c\gpio_port.c(297): warning:  #177-D: variable "gpioPort" was declared but never referenced
    GPIOA_Type  *gpioPort;
..\drivers\c\gpio_port.c(310): warning:  #177-D: variable "gpioPort" was declared but never referenced
    GPIOA_Type  *gpioPort;
..\drivers\c\gpio_port.c(322): warning:  #177-D: variable "gpioPort" was declared but never referenced
    GPIOA_Type  *gpioPort;
..\drivers\c\gpio_port.c(335): warning:  #177-D: variable "gpioPort" was declared but never referenced
    GPIOA_Type  *gpioPort;
..\drivers\c\gpio_port.c(349): warning:  #177-D: variable "gpioPort" was declared but never referenced
    GPIOA_Type  *gpioPort;
..\drivers\c\gpio_port.c(375): warning:  #177-D: variable "gpioPort" was declared but never referenced
    GPIOA_Type  *gpioPort;
..\drivers\c\gpio_port.c(29): warning:  #177-D: function "verify_base_addr" was declared but never referenced
  static bool verify_base_addr(uint32_t baseAddr)
..\drivers\c\gpio_port.c: 14 warnings, 0 errors
compiling main.c...
main.c(73): warning:  #177-D: variable "x" was declared but never referenced
    uint16_t x,y;
main.c(73): warning:  #177-D: variable "y" was declared but never referenced
    uint16_t x,y;
main.c(74): warning:  #177-D: variable "touch_event" was declared but never referenced
    uint8_t touch_event;
main.c(75): warning:  #177-D: variable "td_status" was declared but never referenced
    i2c_status_t td_status;
main.c(76): warning:  #177-D: variable "x_status" was declared but never referenced
    i2c_status_t x_status;
main.c(77): warning:  #177-D: variable "y_status" was declared but never referenced
    i2c_status_t y_status;
main.c: 6 warnings, 0 errors
linking...
Program Size: Code=14656 RO-data=744 RW-data=952 ZI-data=8192  
".\obj\ece353_base_project.axf" - 0 Error(s), 42 Warning(s).

<h2>Software Packages used:</h2>

Package Vendor: ARM
                http://www.keil.com/pack/ARM.CMSIS.4.5.0.pack
                ARM::CMSIS:CORE:4.3.0
                CMSIS (Cortex Microcontroller Software Interface Standard)
   * Component: CORE Version: 4.3.0

Package Vendor: Keil
                http://www.keil.com/pack/Keil.TM4C_DFP.1.1.0.pack
                Keil::Device:Startup:1.0.1
                Texas Instruments Tiva C Series Device Support and Examples
   * Component: Startup Version: 1.0.1

<h2>Collection of Component include folders:</h2>
  C:\Users\joe.krachey\Documents\ece353-src\student_S18\ICE-18-I2C-FT6206\RTE
  C:\Keil_v5\ARM\PACK\ARM\CMSIS\4.5.0\CMSIS\Include
  C:\Keil_v5\ARM\PACK\Keil\TM4C_DFP\1.1.0\Device\Include\TM4C123

<h2>Collection of Component Files used:</h2>

   * Component: ARM::CMSIS:CORE:4.3.0

   * Component: Keil::Device:Startup:1.0.1
      Include file:  Device\Include\TM4C123\TM4C123.h
      Source file:   Device\Source\system_TM4C123.c
      Source file:   Device\Source\ARM\startup_TM4C123.s
Build Time Elapsed:  00:00:02
</pre>
</body>
</html>
