Component: ARM Compiler 5.06 update 5 (build 528) Tool: armlink [4d35e2]

==============================================================================

Section Cross References

    main.o(.text) refers to init_hardware.o(.text) for initializeBoard
    main.o(.text) refers to hockey_main.o(.text) for hockey_main
    interrupts.o(.text) refers to printf3.o(i.__0printf$3) for __2printf
    interrupts.o(.text) refers to main.o(.text) for DisableInterrupts
    interrupts.o(.text) refers to io_expander.o(.text) for MCP23017_read_push_buttons
    interrupts.o(.text) refers to interrupts.o(.data) for count
    interrupts.o(.text) refers to hockey_main.o(.data) for button_pushed
    init_hardware.o(.text) refers to timers.o(.text) for gp_timer_config_32
    init_hardware.o(.text) refers to lcd.o(.text) for lcd_config_gpio
    init_hardware.o(.text) refers to main.o(.text) for DisableInterrupts
    init_hardware.o(.text) refers to serial_debug.o(.text) for init_serial_debug
    init_hardware.o(.text) refers to eeprom.o(.text) for eeprom_init
    init_hardware.o(.text) refers to ft6x06.o(.text) for ft6x06_init
    init_hardware.o(.text) refers to accel.o(.text) for accel_initialize
    init_hardware.o(.text) refers to io_expander.o(.text) for MCP23017_init
    hockey_main.o(.text) refers to launchpad_io.o(.text) for lp_io_read_pin
    hockey_main.o(.text) refers to lcd.o(.text) for lcd_draw_image
    hockey_main.o(.text) refers to ft6x06.o(.text) for ft6x06_read_td_status
    hockey_main.o(.text) refers to printf3.o(i.__0printf$3) for __2printf
    hockey_main.o(.text) refers to hockey_main.o(.data) for state
    hockey_main.o(.text) refers to images.o(.constdata) for start_screenBitmaps
    hockey_main.o(.text) refers to spi_select.o(.text) for spi_select
    hockey_main.o(.text) refers to accel.o(.text) for accel_read_x
    hockey_main.o(.text) refers to wireless.o(.text) for wireless_get_32
    hockey_main.o(.text) refers to wireless.o(.data) for wireless_error_messages
    hockey_main.o(.text) refers to interrupts.o(.data) for AlertOneSec
    hockey_main.o(.text) refers to main.o(.text) for DisableInterrupts
    hockey_main.o(.text) refers to rand.o(.text) for rand
    hockey_main.o(.text) refers to eeprom.o(.text) for eeprom_byte_write
    hockey_main.o(.text) refers to io_expander.o(.text) for MCP23017_write_leds
    pc_buffer.o(.text) refers to malloc.o(i.malloc) for malloc
    accel.o(.text) refers to spi.o(.text) for spiTx
    accel.o(.text) refers to spi_select.o(.text) for spi_select_init
    accel.o(.text) refers to gpio_port.o(.text) for gpio_enable_port
    eeprom.o(.text) refers to i2c.o(.text) for i2cVerifyBaseAddr
    eeprom.o(.text) refers to gpio_port.o(.text) for gpio_enable_port
    ft6x06.o(.text) refers to i2c.o(.text) for I2CMasterBusy
    ft6x06.o(.text) refers to gpio_port.o(.text) for gpio_enable_port
    lcd.o(.text) refers to lcd.o(i.lcd_write_data_u16) for lcd_write_data_u16
    lcd.o(.text) refers to gpio_port.o(.text) for gpio_enable_port
    serial_debug.o(.text) refers to gpio_port.o(.text) for gpio_enable_port
    serial_debug.o(.text) refers to pc_buffer.o(.text) for pc_buffer_init
    serial_debug.o(.text) refers to uart.o(.text) for uart_init
    serial_debug.o(.text) refers to main.o(.text) for DisableInterrupts
    serial_debug.o(.text) refers to serial_debug.o(.data) for Rx_Interrupts_Enabled
    serial_debug.o(.text) refers to serial_debug.o(.bss) for UART0_Tx_Buffer
    serial_debug.o(.text) refers to stdout.o(.data) for __stdout
    spi_select.o(.text) refers to gpio_port.o(.text) for gpio_enable_port
    io_expander.o(.text) refers to i2c.o(.text) for I2CMasterBusy
    io_expander.o(.text) refers to gpio_port.o(.text) for gpio_enable_port
    startup_tm4c123.o(RESET) refers to startup_tm4c123.o(STACK) for __initial_sp
    startup_tm4c123.o(RESET) refers to startup_tm4c123.o(.text) for Reset_Handler
    startup_tm4c123.o(RESET) refers to interrupts.o(.text) for SysTick_Handler
    startup_tm4c123.o(RESET) refers to serial_debug.o(.text) for UART0_Handler
    startup_tm4c123.o(.text) refers to system_tm4c123.o(.text) for SystemInit
    startup_tm4c123.o(.text) refers to entry.o(.ARM.Collect$$$$00000000) for __main
    system_tm4c123.o(.text) refers to system_tm4c123.o(.data) for SystemCoreClock
    wireless.o(.text) refers to spi.o(.text) for spiTx
    wireless.o(.text) refers to gpio_port.o(.text) for gpio_enable_port
    wireless.o(.data) refers to wireless.o(.conststring) for .conststring
    entry.o(.ARM.Collect$$$$00000000) refers (Special) to entry10a.o(.ARM.Collect$$$$0000000D) for __rt_final_cpp
    entry.o(.ARM.Collect$$$$00000000) refers (Special) to entry11a.o(.ARM.Collect$$$$0000000F) for __rt_final_exit
    entry.o(.ARM.Collect$$$$00000000) refers (Special) to entry7b.o(.ARM.Collect$$$$00000008) for _main_clock
    entry.o(.ARM.Collect$$$$00000000) refers (Special) to entry8b.o(.ARM.Collect$$$$0000000A) for _main_cpp_init
    entry.o(.ARM.Collect$$$$00000000) refers (Special) to entry9a.o(.ARM.Collect$$$$0000000B) for _main_init
    entry.o(.ARM.Collect$$$$00000000) refers (Special) to entry5.o(.ARM.Collect$$$$00000004) for _main_scatterload
    entry.o(.ARM.Collect$$$$00000000) refers (Special) to entry2.o(.ARM.Collect$$$$00000001) for _main_stk
    rand.o(.text) refers to rand.o(.data) for .data
    printfb.o(i.__0fprintf$bare) refers to printfb.o(i._printf_core) for _printf_core
    printfb.o(i.__0fprintf$bare) refers to serial_debug.o(.text) for fputc
    printfb.o(i.__0printf$bare) refers to printfb.o(i._printf_core) for _printf_core
    printfb.o(i.__0printf$bare) refers to serial_debug.o(.text) for fputc
    printfb.o(i.__0printf$bare) refers to stdout.o(.data) for __stdout
    printfb.o(i.__0snprintf$bare) refers to printfb.o(i._printf_core) for _printf_core
    printfb.o(i.__0snprintf$bare) refers to printfb.o(i._snputc) for _snputc
    printfb.o(i.__0sprintf$bare) refers to printfb.o(i._printf_core) for _printf_core
    printfb.o(i.__0sprintf$bare) refers to printfb.o(i._sputc) for _sputc
    printfb.o(i.__0vfprintf$bare) refers to printfb.o(i._printf_core) for _printf_core
    printfb.o(i.__0vfprintf$bare) refers to serial_debug.o(.text) for fputc
    printfb.o(i.__0vprintf$bare) refers to printfb.o(i._printf_core) for _printf_core
    printfb.o(i.__0vprintf$bare) refers to serial_debug.o(.text) for fputc
    printfb.o(i.__0vprintf$bare) refers to stdout.o(.data) for __stdout
    printfb.o(i.__0vsnprintf$bare) refers to printfb.o(i._printf_core) for _printf_core
    printfb.o(i.__0vsnprintf$bare) refers to printfb.o(i._snputc) for _snputc
    printfb.o(i.__0vsprintf$bare) refers to printfb.o(i._printf_core) for _printf_core
    printfb.o(i.__0vsprintf$bare) refers to printfb.o(i._sputc) for _sputc
    printf0.o(i.__0fprintf$0) refers to printf0.o(i._printf_core) for _printf_core
    printf0.o(i.__0fprintf$0) refers to serial_debug.o(.text) for fputc
    printf0.o(i.__0printf$0) refers to printf0.o(i._printf_core) for _printf_core
    printf0.o(i.__0printf$0) refers to serial_debug.o(.text) for fputc
    printf0.o(i.__0printf$0) refers to stdout.o(.data) for __stdout
    printf0.o(i.__0snprintf$0) refers to printf0.o(i._printf_core) for _printf_core
    printf0.o(i.__0snprintf$0) refers to printf0.o(i._snputc) for _snputc
    printf0.o(i.__0sprintf$0) refers to printf0.o(i._printf_core) for _printf_core
    printf0.o(i.__0sprintf$0) refers to printf0.o(i._sputc) for _sputc
    printf0.o(i.__0vfprintf$0) refers to printf0.o(i._printf_core) for _printf_core
    printf0.o(i.__0vfprintf$0) refers to serial_debug.o(.text) for fputc
    printf0.o(i.__0vprintf$0) refers to printf0.o(i._printf_core) for _printf_core
    printf0.o(i.__0vprintf$0) refers to serial_debug.o(.text) for fputc
    printf0.o(i.__0vprintf$0) refers to stdout.o(.data) for __stdout
    printf0.o(i.__0vsnprintf$0) refers to printf0.o(i._printf_core) for _printf_core
    printf0.o(i.__0vsnprintf$0) refers to printf0.o(i._snputc) for _snputc
    printf0.o(i.__0vsprintf$0) refers to printf0.o(i._printf_core) for _printf_core
    printf0.o(i.__0vsprintf$0) refers to printf0.o(i._sputc) for _sputc
    printf1.o(i.__0fprintf$1) refers to printf1.o(i._printf_core) for _printf_core
    printf1.o(i.__0fprintf$1) refers to serial_debug.o(.text) for fputc
    printf1.o(i.__0printf$1) refers to printf1.o(i._printf_core) for _printf_core
    printf1.o(i.__0printf$1) refers to serial_debug.o(.text) for fputc
    printf1.o(i.__0printf$1) refers to stdout.o(.data) for __stdout
    printf1.o(i.__0snprintf$1) refers to printf1.o(i._printf_core) for _printf_core
    printf1.o(i.__0snprintf$1) refers to printf1.o(i._snputc) for _snputc
    printf1.o(i.__0sprintf$1) refers to printf1.o(i._printf_core) for _printf_core
    printf1.o(i.__0sprintf$1) refers to printf1.o(i._sputc) for _sputc
    printf1.o(i.__0vfprintf$1) refers to printf1.o(i._printf_core) for _printf_core
    printf1.o(i.__0vfprintf$1) refers to serial_debug.o(.text) for fputc
    printf1.o(i.__0vprintf$1) refers to printf1.o(i._printf_core) for _printf_core
    printf1.o(i.__0vprintf$1) refers to serial_debug.o(.text) for fputc
    printf1.o(i.__0vprintf$1) refers to stdout.o(.data) for __stdout
    printf1.o(i.__0vsnprintf$1) refers to printf1.o(i._printf_core) for _printf_core
    printf1.o(i.__0vsnprintf$1) refers to printf1.o(i._snputc) for _snputc
    printf1.o(i.__0vsprintf$1) refers to printf1.o(i._printf_core) for _printf_core
    printf1.o(i.__0vsprintf$1) refers to printf1.o(i._sputc) for _sputc
    printf1.o(i._printf_core) refers to uidiv.o(.text) for __aeabi_uidivmod
    printf2.o(i.__0fprintf$2) refers to printf2.o(i._printf_core) for _printf_core
    printf2.o(i.__0fprintf$2) refers to serial_debug.o(.text) for fputc
    printf2.o(i.__0printf$2) refers to printf2.o(i._printf_core) for _printf_core
    printf2.o(i.__0printf$2) refers to serial_debug.o(.text) for fputc
    printf2.o(i.__0printf$2) refers to stdout.o(.data) for __stdout
    printf2.o(i.__0snprintf$2) refers to printf2.o(i._printf_core) for _printf_core
    printf2.o(i.__0snprintf$2) refers to printf2.o(i._snputc) for _snputc
    printf2.o(i.__0sprintf$2) refers to printf2.o(i._printf_core) for _printf_core
    printf2.o(i.__0sprintf$2) refers to printf2.o(i._sputc) for _sputc
    printf2.o(i.__0vfprintf$2) refers to printf2.o(i._printf_core) for _printf_core
    printf2.o(i.__0vfprintf$2) refers to serial_debug.o(.text) for fputc
    printf2.o(i.__0vprintf$2) refers to printf2.o(i._printf_core) for _printf_core
    printf2.o(i.__0vprintf$2) refers to serial_debug.o(.text) for fputc
    printf2.o(i.__0vprintf$2) refers to stdout.o(.data) for __stdout
    printf2.o(i.__0vsnprintf$2) refers to printf2.o(i._printf_core) for _printf_core
    printf2.o(i.__0vsnprintf$2) refers to printf2.o(i._snputc) for _snputc
    printf2.o(i.__0vsprintf$2) refers to printf2.o(i._printf_core) for _printf_core
    printf2.o(i.__0vsprintf$2) refers to printf2.o(i._sputc) for _sputc
    printf3.o(i.__0fprintf$3) refers to printf3.o(i._printf_core) for _printf_core
    printf3.o(i.__0fprintf$3) refers to serial_debug.o(.text) for fputc
    printf3.o(i.__0printf$3) refers to printf3.o(i._printf_core) for _printf_core
    printf3.o(i.__0printf$3) refers to serial_debug.o(.text) for fputc
    printf3.o(i.__0printf$3) refers to stdout.o(.data) for __stdout
    printf3.o(i.__0snprintf$3) refers to printf3.o(i._printf_core) for _printf_core
    printf3.o(i.__0snprintf$3) refers to printf3.o(i._snputc) for _snputc
    printf3.o(i.__0sprintf$3) refers to printf3.o(i._printf_core) for _printf_core
    printf3.o(i.__0sprintf$3) refers to printf3.o(i._sputc) for _sputc
    printf3.o(i.__0vfprintf$3) refers to printf3.o(i._printf_core) for _printf_core
    printf3.o(i.__0vfprintf$3) refers to serial_debug.o(.text) for fputc
    printf3.o(i.__0vprintf$3) refers to printf3.o(i._printf_core) for _printf_core
    printf3.o(i.__0vprintf$3) refers to serial_debug.o(.text) for fputc
    printf3.o(i.__0vprintf$3) refers to stdout.o(.data) for __stdout
    printf3.o(i.__0vsnprintf$3) refers to printf3.o(i._printf_core) for _printf_core
    printf3.o(i.__0vsnprintf$3) refers to printf3.o(i._snputc) for _snputc
    printf3.o(i.__0vsprintf$3) refers to printf3.o(i._printf_core) for _printf_core
    printf3.o(i.__0vsprintf$3) refers to printf3.o(i._sputc) for _sputc
    printf3.o(i._printf_core) refers to uidiv.o(.text) for __aeabi_uidivmod
    printf4.o(i.__0fprintf$4) refers to printf4.o(i._printf_core) for _printf_core
    printf4.o(i.__0fprintf$4) refers to serial_debug.o(.text) for fputc
    printf4.o(i.__0printf$4) refers to printf4.o(i._printf_core) for _printf_core
    printf4.o(i.__0printf$4) refers to serial_debug.o(.text) for fputc
    printf4.o(i.__0printf$4) refers to stdout.o(.data) for __stdout
    printf4.o(i.__0snprintf$4) refers to printf4.o(i._printf_core) for _printf_core
    printf4.o(i.__0snprintf$4) refers to printf4.o(i._snputc) for _snputc
    printf4.o(i.__0sprintf$4) refers to printf4.o(i._printf_core) for _printf_core
    printf4.o(i.__0sprintf$4) refers to printf4.o(i._sputc) for _sputc
    printf4.o(i.__0vfprintf$4) refers to printf4.o(i._printf_core) for _printf_core
    printf4.o(i.__0vfprintf$4) refers to serial_debug.o(.text) for fputc
    printf4.o(i.__0vprintf$4) refers to printf4.o(i._printf_core) for _printf_core
    printf4.o(i.__0vprintf$4) refers to serial_debug.o(.text) for fputc
    printf4.o(i.__0vprintf$4) refers to stdout.o(.data) for __stdout
    printf4.o(i.__0vsnprintf$4) refers to printf4.o(i._printf_core) for _printf_core
    printf4.o(i.__0vsnprintf$4) refers to printf4.o(i._snputc) for _snputc
    printf4.o(i.__0vsprintf$4) refers to printf4.o(i._printf_core) for _printf_core
    printf4.o(i.__0vsprintf$4) refers to printf4.o(i._sputc) for _sputc
    printf4.o(i._printf_core) refers to uldiv.o(.text) for __aeabi_uldivmod
    printf5.o(i.__0fprintf$5) refers to printf5.o(i._printf_core) for _printf_core
    printf5.o(i.__0fprintf$5) refers to serial_debug.o(.text) for fputc
    printf5.o(i.__0printf$5) refers to printf5.o(i._printf_core) for _printf_core
    printf5.o(i.__0printf$5) refers to serial_debug.o(.text) for fputc
    printf5.o(i.__0printf$5) refers to stdout.o(.data) for __stdout
    printf5.o(i.__0snprintf$5) refers to printf5.o(i._printf_core) for _printf_core
    printf5.o(i.__0snprintf$5) refers to printf5.o(i._snputc) for _snputc
    printf5.o(i.__0sprintf$5) refers to printf5.o(i._printf_core) for _printf_core
    printf5.o(i.__0sprintf$5) refers to printf5.o(i._sputc) for _sputc
    printf5.o(i.__0vfprintf$5) refers to printf5.o(i._printf_core) for _printf_core
    printf5.o(i.__0vfprintf$5) refers to serial_debug.o(.text) for fputc
    printf5.o(i.__0vprintf$5) refers to printf5.o(i._printf_core) for _printf_core
    printf5.o(i.__0vprintf$5) refers to serial_debug.o(.text) for fputc
    printf5.o(i.__0vprintf$5) refers to stdout.o(.data) for __stdout
    printf5.o(i.__0vsnprintf$5) refers to printf5.o(i._printf_core) for _printf_core
    printf5.o(i.__0vsnprintf$5) refers to printf5.o(i._snputc) for _snputc
    printf5.o(i.__0vsprintf$5) refers to printf5.o(i._printf_core) for _printf_core
    printf5.o(i.__0vsprintf$5) refers to printf5.o(i._sputc) for _sputc
    printf5.o(i._printf_core) refers to uldiv.o(.text) for __aeabi_uldivmod
    printf6.o(i.__0fprintf$6) refers to printf6.o(i._printf_core) for _printf_core
    printf6.o(i.__0fprintf$6) refers to serial_debug.o(.text) for fputc
    printf6.o(i.__0printf$6) refers to printf6.o(i._printf_core) for _printf_core
    printf6.o(i.__0printf$6) refers to serial_debug.o(.text) for fputc
    printf6.o(i.__0printf$6) refers to stdout.o(.data) for __stdout
    printf6.o(i.__0snprintf$6) refers to printf6.o(i._printf_core) for _printf_core
    printf6.o(i.__0snprintf$6) refers to printf6.o(i._snputc) for _snputc
    printf6.o(i.__0sprintf$6) refers to printf6.o(i._printf_core) for _printf_core
    printf6.o(i.__0sprintf$6) refers to printf6.o(i._sputc) for _sputc
    printf6.o(i.__0vfprintf$6) refers to printf6.o(i._printf_core) for _printf_core
    printf6.o(i.__0vfprintf$6) refers to serial_debug.o(.text) for fputc
    printf6.o(i.__0vprintf$6) refers to printf6.o(i._printf_core) for _printf_core
    printf6.o(i.__0vprintf$6) refers to serial_debug.o(.text) for fputc
    printf6.o(i.__0vprintf$6) refers to stdout.o(.data) for __stdout
    printf6.o(i.__0vsnprintf$6) refers to printf6.o(i._printf_core) for _printf_core
    printf6.o(i.__0vsnprintf$6) refers to printf6.o(i._snputc) for _snputc
    printf6.o(i.__0vsprintf$6) refers to printf6.o(i._printf_core) for _printf_core
    printf6.o(i.__0vsprintf$6) refers to printf6.o(i._sputc) for _sputc
    printf6.o(i._printf_core) refers to printf6.o(i._printf_pre_padding) for _printf_pre_padding
    printf6.o(i._printf_core) refers to uidiv.o(.text) for __aeabi_uidivmod
    printf6.o(i._printf_core) refers to printf6.o(i._printf_post_padding) for _printf_post_padding
    printf7.o(i.__0fprintf$7) refers to printf7.o(i._printf_core) for _printf_core
    printf7.o(i.__0fprintf$7) refers to serial_debug.o(.text) for fputc
    printf7.o(i.__0printf$7) refers to printf7.o(i._printf_core) for _printf_core
    printf7.o(i.__0printf$7) refers to serial_debug.o(.text) for fputc
    printf7.o(i.__0printf$7) refers to stdout.o(.data) for __stdout
    printf7.o(i.__0snprintf$7) refers to printf7.o(i._printf_core) for _printf_core
    printf7.o(i.__0snprintf$7) refers to printf7.o(i._snputc) for _snputc
    printf7.o(i.__0sprintf$7) refers to printf7.o(i._printf_core) for _printf_core
    printf7.o(i.__0sprintf$7) refers to printf7.o(i._sputc) for _sputc
    printf7.o(i.__0vfprintf$7) refers to printf7.o(i._printf_core) for _printf_core
    printf7.o(i.__0vfprintf$7) refers to serial_debug.o(.text) for fputc
    printf7.o(i.__0vprintf$7) refers to printf7.o(i._printf_core) for _printf_core
    printf7.o(i.__0vprintf$7) refers to serial_debug.o(.text) for fputc
    printf7.o(i.__0vprintf$7) refers to stdout.o(.data) for __stdout
    printf7.o(i.__0vsnprintf$7) refers to printf7.o(i._printf_core) for _printf_core
    printf7.o(i.__0vsnprintf$7) refers to printf7.o(i._snputc) for _snputc
    printf7.o(i.__0vsprintf$7) refers to printf7.o(i._printf_core) for _printf_core
    printf7.o(i.__0vsprintf$7) refers to printf7.o(i._sputc) for _sputc
    printf7.o(i._printf_core) refers to printf7.o(i._printf_pre_padding) for _printf_pre_padding
    printf7.o(i._printf_core) refers to uldiv.o(.text) for __aeabi_uldivmod
    printf7.o(i._printf_core) refers to printf7.o(i._printf_post_padding) for _printf_post_padding
    printf8.o(i.__0fprintf$8) refers to printf8.o(i._printf_core) for _printf_core
    printf8.o(i.__0fprintf$8) refers to serial_debug.o(.text) for fputc
    printf8.o(i.__0printf$8) refers to printf8.o(i._printf_core) for _printf_core
    printf8.o(i.__0printf$8) refers to serial_debug.o(.text) for fputc
    printf8.o(i.__0printf$8) refers to stdout.o(.data) for __stdout
    printf8.o(i.__0snprintf$8) refers to printf8.o(i._printf_core) for _printf_core
    printf8.o(i.__0snprintf$8) refers to printf8.o(i._snputc) for _snputc
    printf8.o(i.__0sprintf$8) refers to printf8.o(i._printf_core) for _printf_core
    printf8.o(i.__0sprintf$8) refers to printf8.o(i._sputc) for _sputc
    printf8.o(i.__0vfprintf$8) refers to printf8.o(i._printf_core) for _printf_core
    printf8.o(i.__0vfprintf$8) refers to serial_debug.o(.text) for fputc
    printf8.o(i.__0vprintf$8) refers to printf8.o(i._printf_core) for _printf_core
    printf8.o(i.__0vprintf$8) refers to serial_debug.o(.text) for fputc
    printf8.o(i.__0vprintf$8) refers to stdout.o(.data) for __stdout
    printf8.o(i.__0vsnprintf$8) refers to printf8.o(i._printf_core) for _printf_core
    printf8.o(i.__0vsnprintf$8) refers to printf8.o(i._snputc) for _snputc
    printf8.o(i.__0vsprintf$8) refers to printf8.o(i._printf_core) for _printf_core
    printf8.o(i.__0vsprintf$8) refers to printf8.o(i._sputc) for _sputc
    printf8.o(i._printf_core) refers to printf8.o(i._printf_pre_padding) for _printf_pre_padding
    printf8.o(i._printf_core) refers to uldiv.o(.text) for __aeabi_uldivmod
    printf8.o(i._printf_core) refers to printf8.o(i._printf_post_padding) for _printf_post_padding
    printfa.o(i.__0fprintf) refers (Special) to iusefp.o(.text) for __I$use$fp
    printfa.o(i.__0fprintf) refers to printfa.o(i._printf_core) for _printf_core
    printfa.o(i.__0fprintf) refers to serial_debug.o(.text) for fputc
    printfa.o(i.__0printf) refers (Special) to iusefp.o(.text) for __I$use$fp
    printfa.o(i.__0printf) refers to printfa.o(i._printf_core) for _printf_core
    printfa.o(i.__0printf) refers to serial_debug.o(.text) for fputc
    printfa.o(i.__0printf) refers to stdout.o(.data) for __stdout
    printfa.o(i.__0snprintf) refers (Special) to iusefp.o(.text) for __I$use$fp
    printfa.o(i.__0snprintf) refers to printfa.o(i._printf_core) for _printf_core
    printfa.o(i.__0snprintf) refers to printfa.o(i._snputc) for _snputc
    printfa.o(i.__0sprintf) refers (Special) to iusefp.o(.text) for __I$use$fp
    printfa.o(i.__0sprintf) refers to printfa.o(i._printf_core) for _printf_core
    printfa.o(i.__0sprintf) refers to printfa.o(i._sputc) for _sputc
    printfa.o(i.__0vfprintf) refers (Special) to iusefp.o(.text) for __I$use$fp
    printfa.o(i.__0vfprintf) refers to printfa.o(i._printf_core) for _printf_core
    printfa.o(i.__0vfprintf) refers to serial_debug.o(.text) for fputc
    printfa.o(i.__0vprintf) refers (Special) to iusefp.o(.text) for __I$use$fp
    printfa.o(i.__0vprintf) refers to printfa.o(i._printf_core) for _printf_core
    printfa.o(i.__0vprintf) refers to serial_debug.o(.text) for fputc
    printfa.o(i.__0vprintf) refers to stdout.o(.data) for __stdout
    printfa.o(i.__0vsnprintf) refers (Special) to iusefp.o(.text) for __I$use$fp
    printfa.o(i.__0vsnprintf) refers to printfa.o(i._printf_core) for _printf_core
    printfa.o(i.__0vsnprintf) refers to printfa.o(i._snputc) for _snputc
    printfa.o(i.__0vsprintf) refers (Special) to iusefp.o(.text) for __I$use$fp
    printfa.o(i.__0vsprintf) refers to printfa.o(i._printf_core) for _printf_core
    printfa.o(i.__0vsprintf) refers to printfa.o(i._sputc) for _sputc
    printfa.o(i._fp_digits) refers (Special) to iusefp.o(.text) for __I$use$fp
    printfa.o(i._fp_digits) refers to dmul.o(.text) for __aeabi_dmul
    printfa.o(i._fp_digits) refers to ddiv.o(.text) for __aeabi_ddiv
    printfa.o(i._fp_digits) refers to cdrcmple.o(.text) for __aeabi_cdrcmple
    printfa.o(i._fp_digits) refers to dadd.o(.text) for __aeabi_dadd
    printfa.o(i._fp_digits) refers to dfixul.o(.text) for __aeabi_d2ulz
    printfa.o(i._fp_digits) refers to uldiv.o(.text) for __aeabi_uldivmod
    printfa.o(i._printf_core) refers (Special) to iusefp.o(.text) for __I$use$fp
    printfa.o(i._printf_core) refers to printfa.o(i._printf_pre_padding) for _printf_pre_padding
    printfa.o(i._printf_core) refers to uldiv.o(.text) for __aeabi_uldivmod
    printfa.o(i._printf_core) refers to printfa.o(i._printf_post_padding) for _printf_post_padding
    printfa.o(i._printf_core) refers to printfa.o(i._fp_digits) for _fp_digits
    printfa.o(i._printf_core) refers to uidiv.o(.text) for __aeabi_uidivmod
    printfa.o(i._printf_post_padding) refers (Special) to iusefp.o(.text) for __I$use$fp
    printfa.o(i._printf_pre_padding) refers (Special) to iusefp.o(.text) for __I$use$fp
    printfa.o(i._snputc) refers (Special) to iusefp.o(.text) for __I$use$fp
    printfa.o(i._sputc) refers (Special) to iusefp.o(.text) for __I$use$fp
    malloc.o(i.free) refers to mvars.o(.data) for __microlib_freelist
    malloc.o(i.malloc) refers to mvars.o(.data) for __microlib_freelist_initialised
    malloc.o(i.malloc) refers to mvars.o(.data) for __microlib_freelist
    malloc.o(i.malloc) refers to startup_tm4c123.o(HEAP) for __heap_base
    mallocr.o(i.__free$realloc) refers to mvars.o(.data) for __microlib_freelist
    mallocr.o(i.__malloc$realloc) refers to mallocr.o(i.internal_alloc) for internal_alloc
    mallocr.o(i.__malloc$realloc) refers to mvars.o(.data) for __microlib_freelist_initialised
    mallocr.o(i.__malloc$realloc) refers to startup_tm4c123.o(HEAP) for __heap_base
    mallocr.o(i.__malloc$realloc) refers to mvars.o(.data) for __microlib_freelist
    mallocr.o(i.internal_alloc) refers to memcpya.o(.text) for __aeabi_memcpy
    mallocr.o(i.internal_alloc) refers to mvars.o(.data) for __microlib_freelist
    mallocr.o(i.realloc) refers to mallocr.o(i.__free$realloc) for __free$realloc
    mallocr.o(i.realloc) refers to mallocr.o(i.internal_alloc) for internal_alloc
    mallocr.o(i.realloc) refers to mallocr.o(i.__malloc$realloc) for __malloc$realloc
    mallocr.o(i.realloc) refers to mvars.o(.data) for __microlib_freelist
    malloca.o(i.__aligned_malloc) refers to mvars.o(.data) for __microlib_freelist_initialised
    malloca.o(i.__aligned_malloc) refers to mvars.o(.data) for __microlib_freelist
    malloca.o(i.__aligned_malloc) refers to startup_tm4c123.o(HEAP) for __heap_base
    malloca.o(i.__free$memalign) refers to mvars.o(.data) for __microlib_freelist
    malloca.o(i.__malloc$memalign) refers to malloca.o(i.__aligned_malloc) for __aligned_malloc
    mallocra.o(i.__aligned_malloc$realloc) refers to mallocra.o(i.internal_alloc) for internal_alloc
    mallocra.o(i.__aligned_malloc$realloc) refers to mvars.o(.data) for __microlib_freelist_initialised
    mallocra.o(i.__aligned_malloc$realloc) refers to startup_tm4c123.o(HEAP) for __heap_base
    mallocra.o(i.__aligned_malloc$realloc) refers to mvars.o(.data) for __microlib_freelist
    mallocra.o(i.__free$realloc$memalign) refers to mvars.o(.data) for __microlib_freelist
    mallocra.o(i.__malloc$realloc$memalign) refers to mallocra.o(i.__aligned_malloc$realloc) for __aligned_malloc$realloc
    mallocra.o(i.__realloc$memalign) refers to mallocra.o(i.__free$realloc$memalign) for __free$realloc$memalign
    mallocra.o(i.__realloc$memalign) refers to mallocra.o(i.internal_alloc) for internal_alloc
    mallocra.o(i.__realloc$memalign) refers to mallocra.o(i.__malloc$realloc$memalign) for __malloc$realloc$memalign
    mallocra.o(i.__realloc$memalign) refers to mvars.o(.data) for __microlib_freelist
    mallocra.o(i.internal_alloc) refers to memcpya.o(.text) for __aeabi_memcpy
    mallocra.o(i.internal_alloc) refers to mvars.o(.data) for __microlib_freelist
    entry2.o(.ARM.Collect$$$$00000001) refers to entry2.o(.ARM.Collect$$$$00002712) for __lit__00000000
    entry2.o(.ARM.Collect$$$$00002712) refers to startup_tm4c123.o(STACK) for __initial_sp
    entry2.o(__vectab_stack_and_reset_area) refers to startup_tm4c123.o(STACK) for __initial_sp
    entry2.o(__vectab_stack_and_reset_area) refers to entry.o(.ARM.Collect$$$$00000000) for __main
    entry5.o(.ARM.Collect$$$$00000004) refers to init.o(.text) for __scatterload
    entry9a.o(.ARM.Collect$$$$0000000B) refers to main.o(.text) for main
    entry9b.o(.ARM.Collect$$$$0000000C) refers to main.o(.text) for main
    uldiv.o(.text) refers to llushr.o(.text) for __aeabi_llsr
    uldiv.o(.text) refers to llshl.o(.text) for __aeabi_llsl
    dadd.o(.text) refers to llshl.o(.text) for __aeabi_llsl
    dadd.o(.text) refers to llsshr.o(.text) for __aeabi_lasr
    dadd.o(.text) refers to depilogue.o(.text) for _double_epilogue
    dmul.o(.text) refers to depilogue.o(.text) for _double_epilogue
    ddiv.o(.text) refers to depilogue.o(.text) for _double_round
    dfixul.o(.text) refers to llushr.o(.text) for __aeabi_llsr
    dfixul.o(.text) refers to llshl.o(.text) for __aeabi_llsl
    init.o(.text) refers to entry5.o(.ARM.Collect$$$$00000004) for __main_after_scatterload
    depilogue.o(.text) refers to llshl.o(.text) for __aeabi_llsl
    depilogue.o(.text) refers to llushr.o(.text) for __aeabi_llsr


==============================================================================

Removing Unused input sections from the image.

    Removing main.o(.rev16_text), (4 bytes).
    Removing main.o(.revsh_text), (4 bytes).
    Removing main.o(.rrx_text), (6 bytes).
    Removing interrupts.o(.rev16_text), (4 bytes).
    Removing interrupts.o(.revsh_text), (4 bytes).
    Removing interrupts.o(.rrx_text), (6 bytes).
    Removing init_hardware.o(.rev16_text), (4 bytes).
    Removing init_hardware.o(.revsh_text), (4 bytes).
    Removing init_hardware.o(.rrx_text), (6 bytes).
    Removing init_hardware.o(.constdata), (1 bytes).
    Removing init_hardware.o(.data), (10 bytes).
    Removing hockey_main.o(.rev16_text), (4 bytes).
    Removing hockey_main.o(.revsh_text), (4 bytes).
    Removing hockey_main.o(.rrx_text), (6 bytes).
    Removing hockey_main.o(.constdata), (2 bytes).
    Removing gpio_port.o(.rev16_text), (4 bytes).
    Removing gpio_port.o(.revsh_text), (4 bytes).
    Removing gpio_port.o(.rrx_text), (6 bytes).
    Removing i2c.o(.rev16_text), (4 bytes).
    Removing i2c.o(.revsh_text), (4 bytes).
    Removing i2c.o(.rrx_text), (6 bytes).
    Removing spi.o(.rev16_text), (4 bytes).
    Removing spi.o(.revsh_text), (4 bytes).
    Removing spi.o(.rrx_text), (6 bytes).
    Removing timers.o(.rev16_text), (4 bytes).
    Removing timers.o(.revsh_text), (4 bytes).
    Removing timers.o(.rrx_text), (6 bytes).
    Removing uart.o(.rev16_text), (4 bytes).
    Removing uart.o(.revsh_text), (4 bytes).
    Removing uart.o(.rrx_text), (6 bytes).
    Removing accel.o(.rev16_text), (4 bytes).
    Removing accel.o(.revsh_text), (4 bytes).
    Removing accel.o(.rrx_text), (6 bytes).
    Removing ece353_images.o(.constdata), (5991 bytes).
    Removing eeprom.o(.rev16_text), (4 bytes).
    Removing eeprom.o(.revsh_text), (4 bytes).
    Removing eeprom.o(.rrx_text), (6 bytes).
    Removing ft6x06.o(.rev16_text), (4 bytes).
    Removing ft6x06.o(.revsh_text), (4 bytes).
    Removing ft6x06.o(.rrx_text), (6 bytes).
    Removing launchpad_io.o(.rev16_text), (4 bytes).
    Removing launchpad_io.o(.revsh_text), (4 bytes).
    Removing launchpad_io.o(.rrx_text), (6 bytes).
    Removing lcd.o(.rev16_text), (4 bytes).
    Removing lcd.o(.revsh_text), (4 bytes).
    Removing lcd.o(.rrx_text), (6 bytes).
    Removing lcd_images.o(.constdata), (4864 bytes).
    Removing serial_debug.o(.rev16_text), (4 bytes).
    Removing serial_debug.o(.revsh_text), (4 bytes).
    Removing serial_debug.o(.rrx_text), (6 bytes).
    Removing spi_select.o(.rev16_text), (4 bytes).
    Removing spi_select.o(.revsh_text), (4 bytes).
    Removing spi_select.o(.rrx_text), (6 bytes).
    Removing ws2812b_ice.o(.rev16_text), (4 bytes).
    Removing ws2812b_ice.o(.revsh_text), (4 bytes).
    Removing ws2812b_ice.o(.rrx_text), (6 bytes).
    Removing ws2812b_ice.o(.text), (70 bytes).
    Removing io_expander.o(.rev16_text), (4 bytes).
    Removing io_expander.o(.revsh_text), (4 bytes).
    Removing io_expander.o(.rrx_text), (6 bytes).
    Removing system_tm4c123.o(.rev16_text), (4 bytes).
    Removing system_tm4c123.o(.revsh_text), (4 bytes).
    Removing system_tm4c123.o(.rrx_text), (6 bytes).
    Removing wireless.o(.rev16_text), (4 bytes).
    Removing wireless.o(.revsh_text), (4 bytes).
    Removing wireless.o(.rrx_text), (6 bytes).
    Removing dadd.o(.text), (334 bytes).
    Removing dmul.o(.text), (228 bytes).
    Removing ddiv.o(.text), (222 bytes).
    Removing dfixul.o(.text), (48 bytes).
    Removing cdrcmple.o(.text), (48 bytes).
    Removing depilogue.o(.text), (186 bytes).

72 unused section(s) (total 12284 bytes) removed from the image.

==============================================================================

Image Symbol Table

    Local Symbols

    Symbol Name                              Value     Ov Type        Size  Object(Section)

    RESET                                    0x00000000   Section      620  startup_tm4c123.o(RESET)
    ../clib/microlib/division.c              0x00000000   Number         0  uidiv.o ABSOLUTE
    ../clib/microlib/division.c              0x00000000   Number         0  uldiv.o ABSOLUTE
    ../clib/microlib/init/entry.s            0x00000000   Number         0  entry8b.o ABSOLUTE
    ../clib/microlib/init/entry.s            0x00000000   Number         0  entry9a.o ABSOLUTE
    ../clib/microlib/init/entry.s            0x00000000   Number         0  entry10a.o ABSOLUTE
    ../clib/microlib/init/entry.s            0x00000000   Number         0  entry.o ABSOLUTE
    ../clib/microlib/init/entry.s            0x00000000   Number         0  entry5.o ABSOLUTE
    ../clib/microlib/init/entry.s            0x00000000   Number         0  entry2.o ABSOLUTE
    ../clib/microlib/init/entry.s            0x00000000   Number         0  entry9b.o ABSOLUTE
    ../clib/microlib/init/entry.s            0x00000000   Number         0  entry7a.o ABSOLUTE
    ../clib/microlib/init/entry.s            0x00000000   Number         0  entry11b.o ABSOLUTE
    ../clib/microlib/init/entry.s            0x00000000   Number         0  entry11a.o ABSOLUTE
    ../clib/microlib/init/entry.s            0x00000000   Number         0  entry7b.o ABSOLUTE
    ../clib/microlib/init/entry.s            0x00000000   Number         0  entry8a.o ABSOLUTE
    ../clib/microlib/init/entry.s            0x00000000   Number         0  entry10b.o ABSOLUTE
    ../clib/microlib/longlong.c              0x00000000   Number         0  llsshr.o ABSOLUTE
    ../clib/microlib/longlong.c              0x00000000   Number         0  llushr.o ABSOLUTE
    ../clib/microlib/longlong.c              0x00000000   Number         0  llshl.o ABSOLUTE
    ../clib/microlib/malloc/malloc.c         0x00000000   Number         0  malloc.o ABSOLUTE
    ../clib/microlib/malloc/malloc.c         0x00000000   Number         0  mallocr.o ABSOLUTE
    ../clib/microlib/malloc/malloc.c         0x00000000   Number         0  mallocra.o ABSOLUTE
    ../clib/microlib/malloc/malloc.c         0x00000000   Number         0  malloca.o ABSOLUTE
    ../clib/microlib/malloc/mvars.c          0x00000000   Number         0  mvars.o ABSOLUTE
    ../clib/microlib/printf/printf.c         0x00000000   Number         0  printfa.o ABSOLUTE
    ../clib/microlib/printf/printf.c         0x00000000   Number         0  printf8.o ABSOLUTE
    ../clib/microlib/printf/printf.c         0x00000000   Number         0  printf7.o ABSOLUTE
    ../clib/microlib/printf/printf.c         0x00000000   Number         0  printf6.o ABSOLUTE
    ../clib/microlib/printf/printf.c         0x00000000   Number         0  printf5.o ABSOLUTE
    ../clib/microlib/printf/printf.c         0x00000000   Number         0  printf4.o ABSOLUTE
    ../clib/microlib/printf/printf.c         0x00000000   Number         0  printf2.o ABSOLUTE
    ../clib/microlib/printf/printf.c         0x00000000   Number         0  printf1.o ABSOLUTE
    ../clib/microlib/printf/printf.c         0x00000000   Number         0  printf0.o ABSOLUTE
    ../clib/microlib/printf/printf.c         0x00000000   Number         0  printfb.o ABSOLUTE
    ../clib/microlib/printf/printf.c         0x00000000   Number         0  printf3.o ABSOLUTE
    ../clib/microlib/printf/stubs.s          0x00000000   Number         0  stubs.o ABSOLUTE
    ../clib/microlib/stdio/streams.c         0x00000000   Number         0  stdout.o ABSOLUTE
    ../clib/microlib/stdlib/rand.c           0x00000000   Number         0  rand.o ABSOLUTE
    ../clib/microlib/string/memcpy.c         0x00000000   Number         0  memcpya.o ABSOLUTE
    ../clib/microlib/string/memcpy.c         0x00000000   Number         0  memcpyb.o ABSOLUTE
    ../clib/microlib/stubs.s                 0x00000000   Number         0  iusefp.o ABSOLUTE
    ../fplib/microlib/fpadd.c                0x00000000   Number         0  dadd.o ABSOLUTE
    ../fplib/microlib/fpdiv.c                0x00000000   Number         0  ddiv.o ABSOLUTE
    ../fplib/microlib/fpepilogue.c           0x00000000   Number         0  depilogue.o ABSOLUTE
    ../fplib/microlib/fpfix.c                0x00000000   Number         0  dfixul.o ABSOLUTE
    ../fplib/microlib/fpmul.c                0x00000000   Number         0  dmul.o ABSOLUTE
    ..\\drivers\\c\\gpio_port.c              0x00000000   Number         0  gpio_port.o ABSOLUTE
    ..\\drivers\\c\\i2c.c                    0x00000000   Number         0  i2c.o ABSOLUTE
    ..\\drivers\\c\\spi.c                    0x00000000   Number         0  spi.o ABSOLUTE
    ..\\drivers\\c\\timers.c                 0x00000000   Number         0  timers.o ABSOLUTE
    ..\\drivers\\c\\uart.c                   0x00000000   Number         0  uart.o ABSOLUTE
    ..\\peripherals\\c\\accel.c              0x00000000   Number         0  accel.o ABSOLUTE
    ..\\peripherals\\c\\eeprom.c             0x00000000   Number         0  eeprom.o ABSOLUTE
    ..\\peripherals\\c\\ft6x06.c             0x00000000   Number         0  ft6x06.o ABSOLUTE
    ..\\peripherals\\c\\launchpad_io.c       0x00000000   Number         0  launchpad_io.o ABSOLUTE
    ..\\peripherals\\c\\lcd.c                0x00000000   Number         0  lcd.o ABSOLUTE
    ..\\peripherals\\c\\serial_debug.c       0x00000000   Number         0  serial_debug.o ABSOLUTE
    ..\\peripherals\\c\\spi_select.c         0x00000000   Number         0  spi_select.o ABSOLUTE
    ..\\peripherals\\c\\ws2812b_ice.c        0x00000000   Number         0  ws2812b_ice.o ABSOLUTE
    ..\drivers\c\gpio_port.c                 0x00000000   Number         0  gpio_port.o ABSOLUTE
    ..\drivers\c\i2c.c                       0x00000000   Number         0  i2c.o ABSOLUTE
    ..\drivers\c\pc_buffer.c                 0x00000000   Number         0  pc_buffer.o ABSOLUTE
    ..\drivers\c\spi.c                       0x00000000   Number         0  spi.o ABSOLUTE
    ..\drivers\c\timers.c                    0x00000000   Number         0  timers.o ABSOLUTE
    ..\drivers\c\uart.c                      0x00000000   Number         0  uart.o ABSOLUTE
    ..\peripherals\c\accel.c                 0x00000000   Number         0  accel.o ABSOLUTE
    ..\peripherals\c\ece353_images.c         0x00000000   Number         0  ece353_images.o ABSOLUTE
    ..\peripherals\c\eeprom.c                0x00000000   Number         0  eeprom.o ABSOLUTE
    ..\peripherals\c\ft6x06.c                0x00000000   Number         0  ft6x06.o ABSOLUTE
    ..\peripherals\c\launchpad_io.c          0x00000000   Number         0  launchpad_io.o ABSOLUTE
    ..\peripherals\c\lcd.c                   0x00000000   Number         0  lcd.o ABSOLUTE
    ..\peripherals\c\lcd_images.c            0x00000000   Number         0  lcd_images.o ABSOLUTE
    ..\peripherals\c\serial_debug.c          0x00000000   Number         0  serial_debug.o ABSOLUTE
    ..\peripherals\c\spi_select.c            0x00000000   Number         0  spi_select.o ABSOLUTE
    ..\peripherals\c\ws2812b_ice.c           0x00000000   Number         0  ws2812b_ice.o ABSOLUTE
    IO_Expander.c                            0x00000000   Number         0  io_expander.o ABSOLUTE
    IO_Expander.c                            0x00000000   Number         0  io_expander.o ABSOLUTE
    RTE\Device\TM4C123GH6PM\startup_TM4C123.s 0x00000000   Number         0  startup_tm4c123.o ABSOLUTE
    RTE\Device\TM4C123GH6PM\system_TM4C123.c 0x00000000   Number         0  system_tm4c123.o ABSOLUTE
    RTE\\Device\\TM4C123GH6PM\\system_TM4C123.c 0x00000000   Number         0  system_tm4c123.o ABSOLUTE
    cdrcmple.s                               0x00000000   Number         0  cdrcmple.o ABSOLUTE
    dc.s                                     0x00000000   Number         0  dc.o ABSOLUTE
    handlers.s                               0x00000000   Number         0  handlers.o ABSOLUTE
    hockey_main.c                            0x00000000   Number         0  hockey_main.o ABSOLUTE
    hockey_main.c                            0x00000000   Number         0  hockey_main.o ABSOLUTE
    images.c                                 0x00000000   Number         0  images.o ABSOLUTE
    init.s                                   0x00000000   Number         0  init.o ABSOLUTE
    init_hardware.c                          0x00000000   Number         0  init_hardware.o ABSOLUTE
    init_hardware.c                          0x00000000   Number         0  init_hardware.o ABSOLUTE
    interrupts.c                             0x00000000   Number         0  interrupts.o ABSOLUTE
    interrupts.c                             0x00000000   Number         0  interrupts.o ABSOLUTE
    main.c                                   0x00000000   Number         0  main.o ABSOLUTE
    main.c                                   0x00000000   Number         0  main.o ABSOLUTE
    wireless.c                               0x00000000   Number         0  wireless.o ABSOLUTE
    wireless.c                               0x00000000   Number         0  wireless.o ABSOLUTE
    .ARM.Collect$$$$00000000                 0x0000026c   Section        0  entry.o(.ARM.Collect$$$$00000000)
    .ARM.Collect$$$$00000001                 0x0000026c   Section        4  entry2.o(.ARM.Collect$$$$00000001)
    .ARM.Collect$$$$00000004                 0x00000270   Section        4  entry5.o(.ARM.Collect$$$$00000004)
    .ARM.Collect$$$$00000008                 0x00000274   Section        0  entry7b.o(.ARM.Collect$$$$00000008)
    .ARM.Collect$$$$0000000A                 0x00000274   Section        0  entry8b.o(.ARM.Collect$$$$0000000A)
    .ARM.Collect$$$$0000000B                 0x00000274   Section        8  entry9a.o(.ARM.Collect$$$$0000000B)
    .ARM.Collect$$$$0000000D                 0x0000027c   Section        0  entry10a.o(.ARM.Collect$$$$0000000D)
    .ARM.Collect$$$$0000000F                 0x0000027c   Section        0  entry11a.o(.ARM.Collect$$$$0000000F)
    .ARM.Collect$$$$00002712                 0x0000027c   Section        4  entry2.o(.ARM.Collect$$$$00002712)
    __lit__00000000                          0x0000027c   Data           4  entry2.o(.ARM.Collect$$$$00002712)
    .text                                    0x00000280   Section        0  main.o(.text)
    .text                                    0x00000298   Section        0  interrupts.o(.text)
    .text                                    0x00000388   Section        0  init_hardware.o(.text)
    __NVIC_SetPriority                       0x00000389   Thumb Code    32  init_hardware.o(.text)
    __NVIC_EnableIRQ                         0x000004ed   Thumb Code    26  init_hardware.o(.text)
    .text                                    0x0000052c   Section        0  hockey_main.o(.text)
    .text                                    0x000017a0   Section        0  gpio_port.o(.text)
    verify_base_addr                         0x000017a1   Thumb Code    64  gpio_port.o(.text)
    .text                                    0x00001a68   Section        0  i2c.o(.text)
    .text                                    0x00001c70   Section        0  pc_buffer.o(.text)
    .text                                    0x00001cec   Section        0  spi.o(.text)
    .text                                    0x00001e7c   Section        0  timers.o(.text)
    verify_base_addr                         0x00001e7d   Thumb Code    64  timers.o(.text)
    get_clock_masks                          0x00001ebd   Thumb Code   106  timers.o(.text)
    .text                                    0x00002098   Section        0  uart.o(.text)
    .text                                    0x00002314   Section        0  accel.o(.text)
    accel_reg_read                           0x00002315   Thumb Code    48  accel.o(.text)
    accel_reg_write                          0x00002345   Thumb Code    40  accel.o(.text)
    accel_CSN_low                            0x00002497   Thumb Code    18  accel.o(.text)
    accel_CSN_high                           0x000024a9   Thumb Code    18  accel.o(.text)
    .text                                    0x000024c4   Section        0  eeprom.o(.text)
    eeprom_wait_for_write                    0x000024c5   Thumb Code    68  eeprom.o(.text)
    .text                                    0x00002684   Section        0  ft6x06.o(.text)
    ft6x06_set_addr                          0x00002685   Thumb Code    52  ft6x06.o(.text)
    ft6x06_read_data                         0x000026b9   Thumb Code    52  ft6x06.o(.text)
    .text                                    0x00002800   Section        0  launchpad_io.o(.text)
    .text                                    0x000028c4   Section        0  lcd.o(.text)
    delayms                                  0x000028c5   Thumb Code    26  lcd.o(.text)
    lcd_write_cmd_u8                         0x000028df   Thumb Code    34  lcd.o(.text)
    lcd_write_data_u8                        0x00002901   Thumb Code    36  lcd.o(.text)
    .text                                    0x00002d58   Section        0  serial_debug.o(.text)
    .text                                    0x00002f74   Section        0  spi_select.o(.text)
    .text                                    0x00003018   Section        0  io_expander.o(.text)
    .text                                    0x00003190   Section      252  startup_tm4c123.o(.text)
    $v0                                      0x00003190   Number         0  startup_tm4c123.o(.text)
    .text                                    0x0000328c   Section        0  system_tm4c123.o(.text)
    getOscClk                                0x0000328d   Thumb Code   182  system_tm4c123.o(.text)
    .text                                    0x000034d8   Section        0  wireless.o(.text)
    wireless_reg_read                        0x000034e7   Thumb Code    40  wireless.o(.text)
    wireless_reg_write                       0x0000350f   Thumb Code    40  wireless.o(.text)
    wireless_rx_data_payload                 0x00003537   Thumb Code    80  wireless.o(.text)
    wireless_set_rx_addr                     0x00003587   Thumb Code   118  wireless.o(.text)
    wireless_get_status                      0x000035fd   Thumb Code    32  wireless.o(.text)
    wireless_CSN_low                         0x0000396d   Thumb Code    18  wireless.o(.text)
    wireless_CSN_high                        0x0000397f   Thumb Code    18  wireless.o(.text)
    wireless_CE_low                          0x00003991   Thumb Code    16  wireless.o(.text)
    wireless_CE_high                         0x000039a1   Thumb Code    16  wireless.o(.text)
    wireless_flush_tx_fifo                   0x000039b1   Thumb Code    28  wireless.o(.text)
    wireless_flush_rx_fifo                   0x000039cd   Thumb Code    28  wireless.o(.text)
    wireless_rx_fifo_empty                   0x000039e9   Thumb Code    24  wireless.o(.text)
    wireless_status_tx_ds_asserted           0x00003a01   Thumb Code    16  wireless.o(.text)
    wireless_status_tx_full_asserted         0x00003a11   Thumb Code    16  wireless.o(.text)
    wireless_clear_max_rt                    0x00003a21   Thumb Code    12  wireless.o(.text)
    .text                                    0x00003a3c   Section        0  rand.o(.text)
    .text                                    0x00003a60   Section        0  uidiv.o(.text)
    .text                                    0x00003a8c   Section       36  init.o(.text)
    i.__0printf$3                            0x00003ab0   Section        0  printf3.o(i.__0printf$3)
    i.__scatterload_copy                     0x00003ad0   Section       14  handlers.o(i.__scatterload_copy)
    i.__scatterload_null                     0x00003ade   Section        2  handlers.o(i.__scatterload_null)
    i.__scatterload_zeroinit                 0x00003ae0   Section       14  handlers.o(i.__scatterload_zeroinit)
    i._printf_core                           0x00003af0   Section        0  printf3.o(i._printf_core)
    _printf_core                             0x00003af1   Thumb Code   436  printf3.o(i._printf_core)
    i.lcd_write_data_u16                     0x00003ca8   Section        0  lcd.o(i.lcd_write_data_u16)
    i.malloc                                 0x00003cf4   Section        0  malloc.o(i.malloc)
    .constdata                               0x00003d60   Section     7332  images.o(.constdata)
    .conststring                             0x00005a04   Section      127  wireless.o(.conststring)
    .data                                    0x20000000   Section       12  interrupts.o(.data)
    count                                    0x20000000   Data           4  interrupts.o(.data)
    count                                    0x20000008   Data           4  interrupts.o(.data)
    .data                                    0x2000000c   Section       62  hockey_main.o(.data)
    state                                    0x20000048   Data           1  hockey_main.o(.data)
    state                                    0x20000049   Data           1  hockey_main.o(.data)
    .data                                    0x2000004a   Section        2  serial_debug.o(.data)
    Rx_Interrupts_Enabled                    0x2000004a   Data           1  serial_debug.o(.data)
    Tx_Interrupts_Enabled                    0x2000004b   Data           1  serial_debug.o(.data)
    .data                                    0x2000004c   Section        4  system_tm4c123.o(.data)
    .data                                    0x20000050   Section       24  wireless.o(.data)
    .data                                    0x20000068   Section        4  stdout.o(.data)
    .data                                    0x2000006c   Section        4  rand.o(.data)
    _rand_state                              0x2000006c   Data           4  rand.o(.data)
    .data                                    0x20000070   Section        4  mvars.o(.data)
    .data                                    0x20000074   Section        4  mvars.o(.data)
    .bss                                     0x20000078   Section       28  serial_debug.o(.bss)
    HEAP                                     0x20000098   Section        0  startup_tm4c123.o(HEAP)
    STACK                                    0x20000098   Section      512  startup_tm4c123.o(STACK)

    Global Symbols

    Symbol Name                              Value     Ov Type        Size  Object(Section)

    BuildAttributes$$THM_ISAv4$E$P$D$K$B$S$7EM$VFPi3$EXTD16$VFPS$VFMA$PE$A:L22UL41UL21$X:L11$S22US41US21$IEEE1$IW$USESV6$~STKCKD$USESV7$~SHL$OSPACE$ROPI$EBA8$MICROLIB$REQ8$PRES8$EABIv2 0x00000000   Number         0  anon$$obj.o ABSOLUTE
    __ARM_use_no_argv                        0x00000000   Number         0  main.o ABSOLUTE
    __Vectors                                0x00000000   Data           4  startup_tm4c123.o(RESET)
    _printf_a                                0x00000000   Number         0  stubs.o ABSOLUTE
    _printf_c                                0x00000000   Number         0  stubs.o ABSOLUTE
    _printf_charcount                        0x00000000   Number         0  stubs.o ABSOLUTE
    _printf_d                                0x00000000   Number         0  stubs.o ABSOLUTE
    _printf_e                                0x00000000   Number         0  stubs.o ABSOLUTE
    _printf_f                                0x00000000   Number         0  stubs.o ABSOLUTE
    _printf_flags                            0x00000000   Number         0  stubs.o ABSOLUTE
    _printf_fp_dec                           0x00000000   Number         0  stubs.o ABSOLUTE
    _printf_fp_hex                           0x00000000   Number         0  stubs.o ABSOLUTE
    _printf_g                                0x00000000   Number         0  stubs.o ABSOLUTE
    _printf_i                                0x00000000   Number         0  stubs.o ABSOLUTE
    _printf_int_dec                          0x00000000   Number         0  stubs.o ABSOLUTE
    _printf_l                                0x00000000   Number         0  stubs.o ABSOLUTE
    _printf_lc                               0x00000000   Number         0  stubs.o ABSOLUTE
    _printf_ll                               0x00000000   Number         0  stubs.o ABSOLUTE
    _printf_lld                              0x00000000   Number         0  stubs.o ABSOLUTE
    _printf_lli                              0x00000000   Number         0  stubs.o ABSOLUTE
    _printf_llo                              0x00000000   Number         0  stubs.o ABSOLUTE
    _printf_llu                              0x00000000   Number         0  stubs.o ABSOLUTE
    _printf_llx                              0x00000000   Number         0  stubs.o ABSOLUTE
    _printf_longlong_dec                     0x00000000   Number         0  stubs.o ABSOLUTE
    _printf_longlong_hex                     0x00000000   Number         0  stubs.o ABSOLUTE
    _printf_longlong_oct                     0x00000000   Number         0  stubs.o ABSOLUTE
    _printf_ls                               0x00000000   Number         0  stubs.o ABSOLUTE
    _printf_mbtowc                           0x00000000   Number         0  stubs.o ABSOLUTE
    _printf_n                                0x00000000   Number         0  stubs.o ABSOLUTE
    _printf_o                                0x00000000   Number         0  stubs.o ABSOLUTE
    _printf_p                                0x00000000   Number         0  stubs.o ABSOLUTE
    _printf_percent                          0x00000000   Number         0  stubs.o ABSOLUTE
    _printf_pre_padding                      0x00000000   Number         0  stubs.o ABSOLUTE
    _printf_return_value                     0x00000000   Number         0  stubs.o ABSOLUTE
    _printf_s                                0x00000000   Number         0  stubs.o ABSOLUTE
    _printf_sizespec                         0x00000000   Number         0  stubs.o ABSOLUTE
    _printf_str                              0x00000000   Number         0  stubs.o ABSOLUTE
    _printf_truncate_signed                  0x00000000   Number         0  stubs.o ABSOLUTE
    _printf_truncate_unsigned                0x00000000   Number         0  stubs.o ABSOLUTE
    _printf_u                                0x00000000   Number         0  stubs.o ABSOLUTE
    _printf_wc                               0x00000000   Number         0  stubs.o ABSOLUTE
    _printf_wctomb                           0x00000000   Number         0  stubs.o ABSOLUTE
    _printf_widthprec                        0x00000000   Number         0  stubs.o ABSOLUTE
    _printf_x                                0x00000000   Number         0  stubs.o ABSOLUTE
    __cpp_initialize__aeabi_                  - Undefined Weak Reference
    __cxa_finalize                            - Undefined Weak Reference
    __decompress                              - Undefined Weak Reference
    _clock_init                               - Undefined Weak Reference
    _microlib_exit                            - Undefined Weak Reference
    __Vectors_End                            0x0000026c   Data           0  startup_tm4c123.o(RESET)
    __Vectors_Size                           0x0000026c   Number         0  startup_tm4c123.o ABSOLUTE
    __main                                   0x0000026d   Thumb Code     0  entry.o(.ARM.Collect$$$$00000000)
    _main_stk                                0x0000026d   Thumb Code     0  entry2.o(.ARM.Collect$$$$00000001)
    _main_scatterload                        0x00000271   Thumb Code     0  entry5.o(.ARM.Collect$$$$00000004)
    __main_after_scatterload                 0x00000275   Thumb Code     0  entry5.o(.ARM.Collect$$$$00000004)
    _main_clock                              0x00000275   Thumb Code     0  entry7b.o(.ARM.Collect$$$$00000008)
    _main_cpp_init                           0x00000275   Thumb Code     0  entry8b.o(.ARM.Collect$$$$0000000A)
    _main_init                               0x00000275   Thumb Code     0  entry9a.o(.ARM.Collect$$$$0000000B)
    __rt_final_cpp                           0x0000027d   Thumb Code     0  entry10a.o(.ARM.Collect$$$$0000000D)
    __rt_final_exit                          0x0000027d   Thumb Code     0  entry11a.o(.ARM.Collect$$$$0000000F)
    DisableInterrupts                        0x00000281   Thumb Code     4  main.o(.text)
    EnableInterrupts                         0x00000285   Thumb Code     4  main.o(.text)
    main                                     0x00000289   Thumb Code    14  main.o(.text)
    SysTick_Handler                          0x00000299   Thumb Code    46  interrupts.o(.text)
    GPIOF_Handler                            0x000002c7   Thumb Code    34  interrupts.o(.text)
    TIMER1A_Handler                          0x000002e9   Thumb Code    12  interrupts.o(.text)
    TIMER4A_Handler                          0x000002f5   Thumb Code    18  interrupts.o(.text)
    TIMER2A_Handler                          0x00000307   Thumb Code    50  interrupts.o(.text)
    TIMER3A_Handler                          0x00000339   Thumb Code    20  interrupts.o(.text)
    init_timer1                              0x000003a9   Thumb Code    80  init_hardware.o(.text)
    init_timer2                              0x000003f9   Thumb Code    42  init_hardware.o(.text)
    init_timer3                              0x00000423   Thumb Code    40  init_hardware.o(.text)
    init_timer4                              0x0000044b   Thumb Code    88  init_hardware.o(.text)
    init_lcd                                 0x000004a3   Thumb Code    18  init_hardware.o(.text)
    initializeBoard                          0x000004b5   Thumb Code    56  init_hardware.o(.text)
    sw1_debounce_fsm                         0x0000052d   Thumb Code   124  hockey_main.o(.text)
    debounce_wait                            0x000005a9   Thumb Code    14  hockey_main.o(.text)
    start_screen                             0x000005b7   Thumb Code   662  hockey_main.o(.text)
    draw_timer                               0x0000084d   Thumb Code   530  hockey_main.o(.text)
    draw_score                               0x00000a5f   Thumb Code   266  hockey_main.o(.text)
    move_image                               0x00000b69   Thumb Code    40  hockey_main.o(.text)
    update_puck                              0x00000b91   Thumb Code   710  hockey_main.o(.text)
    update_paddle                            0x00000e57   Thumb Code   110  hockey_main.o(.text)
    wait_screen                              0x00000ec5   Thumb Code   528  hockey_main.o(.text)
    game_over                                0x000010d5   Thumb Code   818  hockey_main.o(.text)
    hockey_main                              0x00001407   Thumb Code   916  hockey_main.o(.text)
    gpio_get_irq_num                         0x000017e1   Thumb Code    74  gpio_port.o(.text)
    gpio_enable_port                         0x0000182b   Thumb Code   156  gpio_port.o(.text)
    gpio_config_digital_enable               0x000018c7   Thumb Code    34  gpio_port.o(.text)
    gpio_config_enable_output                0x000018e9   Thumb Code    34  gpio_port.o(.text)
    gpio_config_enable_input                 0x0000190b   Thumb Code    34  gpio_port.o(.text)
    gpio_config_enable_pullup                0x0000192d   Thumb Code    34  gpio_port.o(.text)
    gpio_config_enable_pulldown              0x0000194f   Thumb Code    34  gpio_port.o(.text)
    gpio_config_analog_enable                0x00001971   Thumb Code    34  gpio_port.o(.text)
    gpio_config_alternate_function           0x00001993   Thumb Code    34  gpio_port.o(.text)
    gpio_config_port_control                 0x000019b5   Thumb Code    50  gpio_port.o(.text)
    gpio_config_open_drain                   0x000019e7   Thumb Code    34  gpio_port.o(.text)
    gpio_config_falling_edge_irq             0x00001a09   Thumb Code    62  gpio_port.o(.text)
    initializeI2CMaster                      0x00001a69   Thumb Code   160  i2c.o(.text)
    i2cVerifyBaseAddr                        0x00001b09   Thumb Code    36  i2c.o(.text)
    i2cSetSlaveAddr                          0x00001b2d   Thumb Code    30  i2c.o(.text)
    i2cStop                                  0x00001b4b   Thumb Code    26  i2c.o(.text)
    I2CMasterBusy                            0x00001b65   Thumb Code    34  i2c.o(.text)
    I2CMasterAdrAck                          0x00001b87   Thumb Code    34  i2c.o(.text)
    I2CMasterDatAck                          0x00001ba9   Thumb Code    34  i2c.o(.text)
    i2cSendByte                              0x00001bcb   Thumb Code    82  i2c.o(.text)
    i2cGetByte                               0x00001c1d   Thumb Code    60  i2c.o(.text)
    pc_buffer_init                           0x00001c71   Thumb Code    26  pc_buffer.o(.text)
    pc_buffer_add                            0x00001c8b   Thumb Code    28  pc_buffer.o(.text)
    pc_buffer_remove                         0x00001ca7   Thumb Code    30  pc_buffer.o(.text)
    pc_buffer_empty                          0x00001cc5   Thumb Code    18  pc_buffer.o(.text)
    pc_buffer_full                           0x00001cd7   Thumb Code    22  pc_buffer.o(.text)
    spiVerifyBaseAddr                        0x00001ced   Thumb Code    34  spi.o(.text)
    initialize_spi                           0x00001d0f   Thumb Code   244  spi.o(.text)
    spiTx                                    0x00001e03   Thumb Code    94  spi.o(.text)
    gp_timer_wait                            0x00001f27   Thumb Code    64  timers.o(.text)
    gp_timer_config_32                       0x00001f67   Thumb Code   144  timers.o(.text)
    gp_timer_config_16                       0x00001ff7   Thumb Code   144  timers.o(.text)
    verify_uart_base                         0x00002099   Thumb Code    54  uart.o(.text)
    uart_get_rcgc_mask                       0x000020cf   Thumb Code    68  uart.o(.text)
    uart_get_pr_mask                         0x00002113   Thumb Code    68  uart.o(.text)
    uart_get_irq_num                         0x00002157   Thumb Code    68  uart.o(.text)
    uart_tx_poll                             0x0000219b   Thumb Code    38  uart.o(.text)
    uart_tx_poll_string                      0x000021c1   Thumb Code    50  uart.o(.text)
    uart_rx_poll                             0x000021f3   Thumb Code    70  uart.o(.text)
    uart_init                                0x00002239   Thumb Code   202  uart.o(.text)
    accel_read_x                             0x0000236d   Thumb Code    24  accel.o(.text)
    accel_read_y                             0x00002385   Thumb Code    24  accel.o(.text)
    accel_read_z                             0x0000239d   Thumb Code    24  accel.o(.text)
    accel_initialize                         0x000023b5   Thumb Code   226  accel.o(.text)
    eeprom_byte_write                        0x00002509   Thumb Code   100  eeprom.o(.text)
    eeprom_byte_read                         0x0000256d   Thumb Code   118  eeprom.o(.text)
    eeprom_init                              0x000025e3   Thumb Code   156  eeprom.o(.text)
    ft6x06_read_td_status                    0x000026ed   Thumb Code    24  ft6x06.o(.text)
    ft6x06_read_x                            0x00002705   Thumb Code    46  ft6x06.o(.text)
    ft6x06_read_y                            0x00002733   Thumb Code    46  ft6x06.o(.text)
    ft6x06_init                              0x00002761   Thumb Code   156  ft6x06.o(.text)
    lp_io_set_pin                            0x00002801   Thumb Code    18  launchpad_io.o(.text)
    lp_io_clear_pin                          0x00002813   Thumb Code    18  launchpad_io.o(.text)
    lp_io_read_pin                           0x00002825   Thumb Code    22  launchpad_io.o(.text)
    lp_io_init                               0x0000283b   Thumb Code   114  launchpad_io.o(.text)
    lcd_set_pos                              0x00002925   Thumb Code    58  lcd.o(.text)
    lcd_clear_screen                         0x0000295f   Thumb Code    52  lcd.o(.text)
    lcd_draw_image                           0x00002993   Thumb Code   242  lcd.o(.text)
    lcd_config_gpio                          0x00002a85   Thumb Code   152  lcd.o(.text)
    lcd_config_screen                        0x00002b1d   Thumb Code   566  lcd.o(.text)
    init_serial_debug                        0x00002d59   Thumb Code   122  serial_debug.o(.text)
    serial_debug_rx                          0x00002dd3   Thumb Code    46  serial_debug.o(.text)
    serial_debug_tx                          0x00002e01   Thumb Code    84  serial_debug.o(.text)
    fputc                                    0x00002e55   Thumb Code    66  serial_debug.o(.text)
    fgetc                                    0x00002e97   Thumb Code    50  serial_debug.o(.text)
    UART0_Handler                            0x00002ec9   Thumb Code   146  serial_debug.o(.text)
    spi_select                               0x00002f75   Thumb Code    62  spi_select.o(.text)
    spi_select_init                          0x00002fb3   Thumb Code    92  spi_select.o(.text)
    MCP23017_byte_write                      0x00003019   Thumb Code    76  io_expander.o(.text)
    MCP23017_byte_read                       0x00003065   Thumb Code    94  io_expander.o(.text)
    MCP23017_read_push_buttons               0x000030c3   Thumb Code    18  io_expander.o(.text)
    MCP23017_write_leds                      0x000030d5   Thumb Code    16  io_expander.o(.text)
    MCP23017_init                            0x000030e5   Thumb Code   154  io_expander.o(.text)
    Reset_Handler                            0x00003191   Thumb Code     8  startup_tm4c123.o(.text)
    NMI_Handler                              0x00003199   Thumb Code     2  startup_tm4c123.o(.text)
    HardFault_Handler                        0x0000319b   Thumb Code     2  startup_tm4c123.o(.text)
    MemManage_Handler                        0x0000319d   Thumb Code     2  startup_tm4c123.o(.text)
    BusFault_Handler                         0x0000319f   Thumb Code     2  startup_tm4c123.o(.text)
    UsageFault_Handler                       0x000031a1   Thumb Code     2  startup_tm4c123.o(.text)
    SVC_Handler                              0x000031a3   Thumb Code     2  startup_tm4c123.o(.text)
    DebugMon_Handler                         0x000031a5   Thumb Code     2  startup_tm4c123.o(.text)
    PendSV_Handler                           0x000031a7   Thumb Code     2  startup_tm4c123.o(.text)
    GPIOA_Handler                            0x000031ab   Thumb Code     2  startup_tm4c123.o(.text)
    GPIOB_Handler                            0x000031ad   Thumb Code     2  startup_tm4c123.o(.text)
    GPIOC_Handler                            0x000031af   Thumb Code     2  startup_tm4c123.o(.text)
    GPIOD_Handler                            0x000031b1   Thumb Code     2  startup_tm4c123.o(.text)
    GPIOE_Handler                            0x000031b3   Thumb Code     2  startup_tm4c123.o(.text)
    UART1_Handler                            0x000031b7   Thumb Code     2  startup_tm4c123.o(.text)
    SSI0_Handler                             0x000031b9   Thumb Code     2  startup_tm4c123.o(.text)
    I2C0_Handler                             0x000031bb   Thumb Code     2  startup_tm4c123.o(.text)
    PMW0_FAULT_Handler                       0x000031bd   Thumb Code     2  startup_tm4c123.o(.text)
    PWM0_0_Handler                           0x000031bf   Thumb Code     2  startup_tm4c123.o(.text)
    PWM0_1_Handler                           0x000031c1   Thumb Code     2  startup_tm4c123.o(.text)
    PWM0_2_Handler                           0x000031c3   Thumb Code     2  startup_tm4c123.o(.text)
    QEI0_Handler                             0x000031c5   Thumb Code     2  startup_tm4c123.o(.text)
    ADC0SS0_Handler                          0x000031c7   Thumb Code     2  startup_tm4c123.o(.text)
    ADC0SS1_Handler                          0x000031c9   Thumb Code     2  startup_tm4c123.o(.text)
    ADC0SS2_Handler                          0x000031cb   Thumb Code     2  startup_tm4c123.o(.text)
    ADC0SS3_Handler                          0x000031cd   Thumb Code     2  startup_tm4c123.o(.text)
    WDT0_Handler                             0x000031cf   Thumb Code     2  startup_tm4c123.o(.text)
    TIMER0A_Handler                          0x000031d1   Thumb Code     2  startup_tm4c123.o(.text)
    TIMER0B_Handler                          0x000031d3   Thumb Code     2  startup_tm4c123.o(.text)
    TIMER1B_Handler                          0x000031d7   Thumb Code     2  startup_tm4c123.o(.text)
    TIMER2B_Handler                          0x000031db   Thumb Code     2  startup_tm4c123.o(.text)
    COMP0_Handler                            0x000031dd   Thumb Code     2  startup_tm4c123.o(.text)
    COMP1_Handler                            0x000031df   Thumb Code     2  startup_tm4c123.o(.text)
    COMP2_Handler                            0x000031e1   Thumb Code     2  startup_tm4c123.o(.text)
    SYSCTL_Handler                           0x000031e3   Thumb Code     2  startup_tm4c123.o(.text)
    FLASH_Handler                            0x000031e5   Thumb Code     2  startup_tm4c123.o(.text)
    GPIOG_Handler                            0x000031e9   Thumb Code     2  startup_tm4c123.o(.text)
    GPIOH_Handler                            0x000031eb   Thumb Code     2  startup_tm4c123.o(.text)
    UART2_Handler                            0x000031ed   Thumb Code     2  startup_tm4c123.o(.text)
    SSI1_Handler                             0x000031ef   Thumb Code     2  startup_tm4c123.o(.text)
    TIMER3B_Handler                          0x000031f3   Thumb Code     2  startup_tm4c123.o(.text)
    I2C1_Handler                             0x000031f5   Thumb Code     2  startup_tm4c123.o(.text)
    QEI1_Handler                             0x000031f7   Thumb Code     2  startup_tm4c123.o(.text)
    CAN0_Handler                             0x000031f9   Thumb Code     2  startup_tm4c123.o(.text)
    CAN1_Handler                             0x000031fb   Thumb Code     2  startup_tm4c123.o(.text)
    CAN2_Handler                             0x000031fd   Thumb Code     2  startup_tm4c123.o(.text)
    HIB_Handler                              0x000031ff   Thumb Code     2  startup_tm4c123.o(.text)
    USB0_Handler                             0x00003201   Thumb Code     2  startup_tm4c123.o(.text)
    PWM0_3_Handler                           0x00003203   Thumb Code     2  startup_tm4c123.o(.text)
    UDMA_Handler                             0x00003205   Thumb Code     2  startup_tm4c123.o(.text)
    UDMAERR_Handler                          0x00003207   Thumb Code     2  startup_tm4c123.o(.text)
    ADC1SS0_Handler                          0x00003209   Thumb Code     2  startup_tm4c123.o(.text)
    ADC1SS1_Handler                          0x0000320b   Thumb Code     2  startup_tm4c123.o(.text)
    ADC1SS2_Handler                          0x0000320d   Thumb Code     2  startup_tm4c123.o(.text)
    ADC1SS3_Handler                          0x0000320f   Thumb Code     2  startup_tm4c123.o(.text)
    GPIOJ_Handler                            0x00003211   Thumb Code     2  startup_tm4c123.o(.text)
    GPIOK_Handler                            0x00003213   Thumb Code     2  startup_tm4c123.o(.text)
    GPIOL_Handler                            0x00003215   Thumb Code     2  startup_tm4c123.o(.text)
    SSI2_Handler                             0x00003217   Thumb Code     2  startup_tm4c123.o(.text)
    SSI3_Handler                             0x00003219   Thumb Code     2  startup_tm4c123.o(.text)
    UART3_Handler                            0x0000321b   Thumb Code     2  startup_tm4c123.o(.text)
    UART4_Handler                            0x0000321d   Thumb Code     2  startup_tm4c123.o(.text)
    UART5_Handler                            0x0000321f   Thumb Code     2  startup_tm4c123.o(.text)
    UART6_Handler                            0x00003221   Thumb Code     2  startup_tm4c123.o(.text)
    UART7_Handler                            0x00003223   Thumb Code     2  startup_tm4c123.o(.text)
    I2C2_Handler                             0x00003225   Thumb Code     2  startup_tm4c123.o(.text)
    I2C3_Handler                             0x00003227   Thumb Code     2  startup_tm4c123.o(.text)
    TIMER4B_Handler                          0x0000322b   Thumb Code     2  startup_tm4c123.o(.text)
    TIMER5A_Handler                          0x0000322d   Thumb Code     2  startup_tm4c123.o(.text)
    TIMER5B_Handler                          0x0000322f   Thumb Code     2  startup_tm4c123.o(.text)
    WTIMER0A_Handler                         0x00003231   Thumb Code     2  startup_tm4c123.o(.text)
    WTIMER0B_Handler                         0x00003233   Thumb Code     2  startup_tm4c123.o(.text)
    WTIMER1A_Handler                         0x00003235   Thumb Code     2  startup_tm4c123.o(.text)
    WTIMER1B_Handler                         0x00003237   Thumb Code     2  startup_tm4c123.o(.text)
    WTIMER2A_Handler                         0x00003239   Thumb Code     2  startup_tm4c123.o(.text)
    WTIMER2B_Handler                         0x0000323b   Thumb Code     2  startup_tm4c123.o(.text)
    WTIMER3A_Handler                         0x0000323d   Thumb Code     2  startup_tm4c123.o(.text)
    WTIMER3B_Handler                         0x0000323f   Thumb Code     2  startup_tm4c123.o(.text)
    WTIMER4A_Handler                         0x00003241   Thumb Code     2  startup_tm4c123.o(.text)
    WTIMER4B_Handler                         0x00003243   Thumb Code     2  startup_tm4c123.o(.text)
    WTIMER5A_Handler                         0x00003245   Thumb Code     2  startup_tm4c123.o(.text)
    WTIMER5B_Handler                         0x00003247   Thumb Code     2  startup_tm4c123.o(.text)
    FPU_Handler                              0x00003249   Thumb Code     2  startup_tm4c123.o(.text)
    I2C4_Handler                             0x0000324b   Thumb Code     2  startup_tm4c123.o(.text)
    I2C5_Handler                             0x0000324d   Thumb Code     2  startup_tm4c123.o(.text)
    GPIOM_Handler                            0x0000324f   Thumb Code     2  startup_tm4c123.o(.text)
    GPION_Handler                            0x00003251   Thumb Code     2  startup_tm4c123.o(.text)
    QEI2_Handler                             0x00003253   Thumb Code     2  startup_tm4c123.o(.text)
    GPIOP0_Handler                           0x00003255   Thumb Code     2  startup_tm4c123.o(.text)
    GPIOP1_Handler                           0x00003257   Thumb Code     2  startup_tm4c123.o(.text)
    GPIOP2_Handler                           0x00003259   Thumb Code     2  startup_tm4c123.o(.text)
    GPIOP3_Handler                           0x0000325b   Thumb Code     2  startup_tm4c123.o(.text)
    GPIOP4_Handler                           0x0000325d   Thumb Code     2  startup_tm4c123.o(.text)
    GPIOP5_Handler                           0x0000325f   Thumb Code     2  startup_tm4c123.o(.text)
    GPIOP6_Handler                           0x00003261   Thumb Code     2  startup_tm4c123.o(.text)
    GPIOP7_Handler                           0x00003263   Thumb Code     2  startup_tm4c123.o(.text)
    GPIOQ0_Handler                           0x00003265   Thumb Code     2  startup_tm4c123.o(.text)
    GPIOQ1_Handler                           0x00003267   Thumb Code     2  startup_tm4c123.o(.text)
    GPIOQ2_Handler                           0x00003269   Thumb Code     2  startup_tm4c123.o(.text)
    GPIOQ3_Handler                           0x0000326b   Thumb Code     2  startup_tm4c123.o(.text)
    GPIOQ4_Handler                           0x0000326d   Thumb Code     2  startup_tm4c123.o(.text)
    GPIOQ5_Handler                           0x0000326f   Thumb Code     2  startup_tm4c123.o(.text)
    GPIOQ6_Handler                           0x00003271   Thumb Code     2  startup_tm4c123.o(.text)
    GPIOQ7_Handler                           0x00003273   Thumb Code     2  startup_tm4c123.o(.text)
    GPIOR_Handler                            0x00003275   Thumb Code     2  startup_tm4c123.o(.text)
    GPIOS_Handler                            0x00003277   Thumb Code     2  startup_tm4c123.o(.text)
    PMW1_0_Handler                           0x00003279   Thumb Code     2  startup_tm4c123.o(.text)
    PWM1_1_Handler                           0x0000327b   Thumb Code     2  startup_tm4c123.o(.text)
    PWM1_2_Handler                           0x0000327d   Thumb Code     2  startup_tm4c123.o(.text)
    PWM1_3_Handler                           0x0000327f   Thumb Code     2  startup_tm4c123.o(.text)
    PWM1_FAULT_Handler                       0x00003281   Thumb Code     2  startup_tm4c123.o(.text)
    SystemCoreClockUpdate                    0x00003343   Thumb Code   184  system_tm4c123.o(.text)
    SystemInit                               0x000033fb   Thumb Code   112  system_tm4c123.o(.text)
    wait_uS_15                               0x000034d9   Thumb Code    14  wireless.o(.text)
    wireless_send_32                         0x0000361d   Thumb Code   302  wireless.o(.text)
    wireless_get_32                          0x0000374b   Thumb Code   130  wireless.o(.text)
    wireless_initialize                      0x000037cd   Thumb Code   194  wireless.o(.text)
    wireless_configure_device                0x0000388f   Thumb Code   222  wireless.o(.text)
    rand                                     0x00003a3d   Thumb Code    20  rand.o(.text)
    srand                                    0x00003a51   Thumb Code     6  rand.o(.text)
    __aeabi_uidiv                            0x00003a61   Thumb Code     0  uidiv.o(.text)
    __aeabi_uidivmod                         0x00003a61   Thumb Code    44  uidiv.o(.text)
    __scatterload                            0x00003a8d   Thumb Code    28  init.o(.text)
    __scatterload_rt2                        0x00003a8d   Thumb Code     0  init.o(.text)
    __0printf$3                              0x00003ab1   Thumb Code    22  printf3.o(i.__0printf$3)
    __1printf$3                              0x00003ab1   Thumb Code     0  printf3.o(i.__0printf$3)
    __2printf                                0x00003ab1   Thumb Code     0  printf3.o(i.__0printf$3)
    __scatterload_copy                       0x00003ad1   Thumb Code    14  handlers.o(i.__scatterload_copy)
    __scatterload_null                       0x00003adf   Thumb Code     2  handlers.o(i.__scatterload_null)
    __scatterload_zeroinit                   0x00003ae1   Thumb Code    14  handlers.o(i.__scatterload_zeroinit)
    lcd_write_data_u16                       0x00003ca9   Thumb Code    60  lcd.o(i.lcd_write_data_u16)
    malloc                                   0x00003cf5   Thumb Code    92  malloc.o(i.malloc)
    paddleBitmaps                            0x00003d60   Data         160  images.o(.constdata)
    paddleWidthPixels                        0x00003e00   Data           1  images.o(.constdata)
    paddleHeightPixels                       0x00003e01   Data           1  images.o(.constdata)
    number_0                                 0x00003e02   Data           7  images.o(.constdata)
    number_1                                 0x00003e09   Data           7  images.o(.constdata)
    number_2                                 0x00003e10   Data           7  images.o(.constdata)
    number_3                                 0x00003e17   Data           7  images.o(.constdata)
    number_4                                 0x00003e1e   Data           7  images.o(.constdata)
    number_5                                 0x00003e25   Data           7  images.o(.constdata)
    number_6                                 0x00003e2c   Data           7  images.o(.constdata)
    number_7                                 0x00003e33   Data           7  images.o(.constdata)
    number_8                                 0x00003e3a   Data           7  images.o(.constdata)
    number_9                                 0x00003e41   Data           7  images.o(.constdata)
    colon                                    0x00003e48   Data           7  images.o(.constdata)
    letter_E                                 0x00003e4f   Data           7  images.o(.constdata)
    letter_I                                 0x00003e56   Data           7  images.o(.constdata)
    letter_M                                 0x00003e5d   Data           7  images.o(.constdata)
    letter_T                                 0x00003e64   Data           7  images.o(.constdata)
    letter_S                                 0x00003e6b   Data           7  images.o(.constdata)
    letter_c                                 0x00003e72   Data           7  images.o(.constdata)
    letter_e                                 0x00003e79   Data           7  images.o(.constdata)
    letter_l                                 0x00003e80   Data           7  images.o(.constdata)
    letter_o                                 0x00003e87   Data           7  images.o(.constdata)
    letter_r                                 0x00003e8e   Data           7  images.o(.constdata)
    letter_t                                 0x00003e95   Data           7  images.o(.constdata)
    colorboxBitmaps                          0x00003e9c   Data        1358  images.o(.constdata)
    colorboxWidthPixels                      0x000043ea   Data           1  images.o(.constdata)
    colorboxHeightPixels                     0x000043eb   Data           1  images.o(.constdata)
    borderBitmaps                            0x000043ec   Data         120  images.o(.constdata)
    borderWidthPixels                        0x00004464   Data           1  images.o(.constdata)
    borderHeightPixels                       0x00004465   Data           1  images.o(.constdata)
    start                                    0x00004466   Data         104  images.o(.constdata)
    puckBitmaps                              0x000044ce   Data          68  images.o(.constdata)
    puckWidthPixels                          0x00004512   Data           1  images.o(.constdata)
    puckHeightPixels                         0x00004513   Data           1  images.o(.constdata)
    numbers                                  0x00004514   Data         544  images.o(.constdata)
    start_screenBitmaps                      0x00004734   Data        3050  images.o(.constdata)
    start_screenWidthPixels                  0x0000531e   Data           1  images.o(.constdata)
    start_screenHeightPixels                 0x0000531f   Data           1  images.o(.constdata)
    text14ptBitmaps                          0x00005320   Data        1764  images.o(.constdata)
    Region$$Table$$Base                      0x00005a84   Number         0  anon$$obj.o(Region$$Table)
    Region$$Table$$Limit                     0x00005aa4   Number         0  anon$$obj.o(Region$$Table)
    AlertOneSec                              0x20000004   Data           1  interrupts.o(.data)
    push_buttons                             0x2000000c   Data           1  hockey_main.o(.data)
    button_pushed                            0x2000000d   Data           1  hockey_main.o(.data)
    x_data                                   0x2000000e   Data           2  hockey_main.o(.data)
    get_x_data                               0x20000010   Data           1  hockey_main.o(.data)
    draw_puck                                0x20000011   Data           1  hockey_main.o(.data)
    player1_ready                            0x20000012   Data           1  hockey_main.o(.data)
    player2_ready                            0x20000013   Data           1  hockey_main.o(.data)
    color_selected                           0x20000014   Data           1  hockey_main.o(.data)
    touch_start                              0x20000015   Data           1  hockey_main.o(.data)
    move_paddle                              0x20000016   Data           1  hockey_main.o(.data)
    move_puck                                0x20000017   Data           1  hockey_main.o(.data)
    scored                                   0x20000018   Data           1  hockey_main.o(.data)
    speed_count                              0x2000001c   Data           4  hockey_main.o(.data)
    PADDLE_X_COORD                           0x20000020   Data           4  hockey_main.o(.data)
    PADDLE_Y_COORD                           0x20000024   Data           4  hockey_main.o(.data)
    PADDLE2_X_COORD                          0x20000028   Data           4  hockey_main.o(.data)
    PADDLE2_Y_COORD                          0x2000002c   Data           4  hockey_main.o(.data)
    PADDLE_PADDING                           0x20000030   Data           4  hockey_main.o(.data)
    PUCK_X_COORD                             0x20000034   Data           4  hockey_main.o(.data)
    PUCK_Y_COORD                             0x20000038   Data           4  hockey_main.o(.data)
    PUCK_DX                                  0x2000003c   Data           4  hockey_main.o(.data)
    PUCK_DY                                  0x20000040   Data           4  hockey_main.o(.data)
    draw_color                               0x20000044   Data           4  hockey_main.o(.data)
    SystemCoreClock                          0x2000004c   Data           4  system_tm4c123.o(.data)
    wireless_error_messages                  0x20000050   Data          24  wireless.o(.data)
    __stdout                                 0x20000068   Data           4  stdout.o(.data)
    __microlib_freelist                      0x20000070   Data           4  mvars.o(.data)
    __microlib_freelist_initialised          0x20000074   Data           4  mvars.o(.data)
    UART0_Tx_Buffer                          0x20000078   Data          14  serial_debug.o(.bss)
    UART0_Rx_Buffer                          0x20000086   Data          14  serial_debug.o(.bss)
    __heap_base                              0x20000098   Data           0  startup_tm4c123.o(HEAP)
    __heap_limit                             0x20000098   Data           0  startup_tm4c123.o(HEAP)
    __initial_sp                             0x20000298   Data           0  startup_tm4c123.o(STACK)



==============================================================================

Memory Map of the image

  Image Entry point : 0x00003191

  Load Region LR_1 (Base: 0x00000000, Size: 0x00005b1c, Max: 0xffffffff, ABSOLUTE)

    Execution Region ER_RO (Exec base: 0x00000000, Load base: 0x00000000, Size: 0x00005aa4, Max: 0xffffffff, ABSOLUTE)

    Exec Addr    Load Addr    Size         Type   Attr      Idx    E Section Name        Object

    0x00000000   0x00000000   0x0000026c   Data   RO          655    RESET               startup_tm4c123.o
    0x0000026c   0x0000026c   0x00000000   Code   RO          766  * .ARM.Collect$$$$00000000  mc_w.l(entry.o)
    0x0000026c   0x0000026c   0x00000004   Code   RO         1062    .ARM.Collect$$$$00000001  mc_w.l(entry2.o)
    0x00000270   0x00000270   0x00000004   Code   RO         1065    .ARM.Collect$$$$00000004  mc_w.l(entry5.o)
    0x00000274   0x00000274   0x00000000   Code   RO         1067    .ARM.Collect$$$$00000008  mc_w.l(entry7b.o)
    0x00000274   0x00000274   0x00000000   Code   RO         1069    .ARM.Collect$$$$0000000A  mc_w.l(entry8b.o)
    0x00000274   0x00000274   0x00000008   Code   RO         1070    .ARM.Collect$$$$0000000B  mc_w.l(entry9a.o)
    0x0000027c   0x0000027c   0x00000000   Code   RO         1072    .ARM.Collect$$$$0000000D  mc_w.l(entry10a.o)
    0x0000027c   0x0000027c   0x00000000   Code   RO         1074    .ARM.Collect$$$$0000000F  mc_w.l(entry11a.o)
    0x0000027c   0x0000027c   0x00000004   Code   RO         1063    .ARM.Collect$$$$00002712  mc_w.l(entry2.o)
    0x00000280   0x00000280   0x00000016   Code   RO            4    .text               main.o
    0x00000296   0x00000296   0x00000002   PAD
    0x00000298   0x00000298   0x000000f0   Code   RO          144    .text               interrupts.o
    0x00000388   0x00000388   0x000001a4   Code   RO          175    .text               init_hardware.o
    0x0000052c   0x0000052c   0x00001274   Code   RO          207    .text               hockey_main.o
    0x000017a0   0x000017a0   0x000002c8   Code   RO          252    .text               gpio_port.o
    0x00001a68   0x00001a68   0x00000208   Code   RO          280    .text               i2c.o
    0x00001c70   0x00001c70   0x0000007c   Code   RO          301    .text               pc_buffer.o
    0x00001cec   0x00001cec   0x00000190   Code   RO          319    .text               spi.o
    0x00001e7c   0x00001e7c   0x0000021c   Code   RO          343    .text               timers.o
    0x00002098   0x00002098   0x0000027c   Code   RO          367    .text               uart.o
    0x00002314   0x00002314   0x000001b0   Code   RO          395    .text               accel.o
    0x000024c4   0x000024c4   0x000001c0   Code   RO          431    .text               eeprom.o
    0x00002684   0x00002684   0x0000017c   Code   RO          455    .text               ft6x06.o
    0x00002800   0x00002800   0x000000c4   Code   RO          479    .text               launchpad_io.o
    0x000028c4   0x000028c4   0x00000494   Code   RO          503    .text               lcd.o
    0x00002d58   0x00002d58   0x0000021c   Code   RO          545    .text               serial_debug.o
    0x00002f74   0x00002f74   0x000000a4   Code   RO          581    .text               spi_select.o
    0x00003018   0x00003018   0x00000178   Code   RO          632    .text               io_expander.o
    0x00003190   0x00003190   0x000000fc   Code   RO          656  * .text               startup_tm4c123.o
    0x0000328c   0x0000328c   0x0000024c   Code   RO          663    .text               system_tm4c123.o
    0x000034d8   0x000034d8   0x00000564   Code   RO          693    .text               ece353_nrf24l01p.lib(wireless.o)
    0x00003a3c   0x00003a3c   0x00000024   Code   RO          770    .text               mc_w.l(rand.o)
    0x00003a60   0x00003a60   0x0000002c   Code   RO         1076    .text               mc_w.l(uidiv.o)
    0x00003a8c   0x00003a8c   0x00000024   Code   RO         1097    .text               mc_w.l(init.o)
    0x00003ab0   0x00003ab0   0x00000020   Code   RO          862    i.__0printf$3       mc_w.l(printf3.o)
    0x00003ad0   0x00003ad0   0x0000000e   Code   RO         1109    i.__scatterload_copy  mc_w.l(handlers.o)
    0x00003ade   0x00003ade   0x00000002   Code   RO         1110    i.__scatterload_null  mc_w.l(handlers.o)
    0x00003ae0   0x00003ae0   0x0000000e   Code   RO         1111    i.__scatterload_zeroinit  mc_w.l(handlers.o)
    0x00003aee   0x00003aee   0x00000002   PAD
    0x00003af0   0x00003af0   0x000001b8   Code   RO          869    i._printf_core      mc_w.l(printf3.o)
    0x00003ca8   0x00003ca8   0x0000004c   Code   RO          521    i.lcd_write_data_u16  lcd.o
    0x00003cf4   0x00003cf4   0x0000006c   Code   RO         1035    i.malloc            mc_w.l(malloc.o)
    0x00003d60   0x00003d60   0x00001ca4   Data   RO          236    .constdata          images.o
    0x00005a04   0x00005a04   0x0000007f   Data   RO          694    .conststring        ece353_nrf24l01p.lib(wireless.o)
    0x00005a83   0x00005a83   0x00000001   PAD
    0x00005a84   0x00005a84   0x00000020   Data   RO         1107    Region$$Table       anon$$obj.o


    Execution Region ER_RW (Exec base: 0x20000000, Load base: 0x00005aa4, Size: 0x00000078, Max: 0xffffffff, ABSOLUTE)

    Exec Addr    Load Addr    Size         Type   Attr      Idx    E Section Name        Object

    0x20000000   0x00005aa4   0x0000000c   Data   RW          145    .data               interrupts.o
    0x2000000c   0x00005ab0   0x0000003e   Data   RW          209    .data               hockey_main.o
    0x2000004a   0x00005aee   0x00000002   Data   RW          547    .data               serial_debug.o
    0x2000004c   0x00005af0   0x00000004   Data   RW          664    .data               system_tm4c123.o
    0x20000050   0x00005af4   0x00000018   Data   RW          695    .data               ece353_nrf24l01p.lib(wireless.o)
    0x20000068   0x00005b0c   0x00000004   Data   RW          769    .data               mc_w.l(stdout.o)
    0x2000006c   0x00005b10   0x00000004   Data   RW          771    .data               mc_w.l(rand.o)
    0x20000070   0x00005b14   0x00000004   Data   RW         1084    .data               mc_w.l(mvars.o)
    0x20000074   0x00005b18   0x00000004   Data   RW         1085    .data               mc_w.l(mvars.o)


    Execution Region ER_ZI (Exec base: 0x20000078, Load base: 0x00005b1c, Size: 0x00000220, Max: 0xffffffff, ABSOLUTE)

    Exec Addr    Load Addr    Size         Type   Attr      Idx    E Section Name        Object

    0x20000078        -       0x0000001c   Zero   RW          546    .bss                serial_debug.o
    0x20000094   0x00005b1c   0x00000004   PAD
    0x20000098        -       0x00000000   Zero   RW          654    HEAP                startup_tm4c123.o
    0x20000098        -       0x00000200   Zero   RW          653    STACK               startup_tm4c123.o


==============================================================================

Image component sizes


      Code (inc. data)   RO Data    RW Data    ZI Data      Debug   Object Name

       432         10          0          0          0       2098   accel.o
       448          6          0          0          0       2105   eeprom.o
       380          4          0          0          0       2144   ft6x06.o
       712         34          0          0          0       5274   gpio_port.o
      4724        524          0         62          0       7239   hockey_main.o
       520         24          0          0          0       3657   i2c.o
         0          0       7332          0          0       2368   images.o
       420         38          0          0          0      31642   init_hardware.o
       240         60          0         12          0       1977   interrupts.o
       376         18          0          0          0       2194   io_expander.o
       196         24          0          0          0       1798   launchpad_io.o
      1248         38          0          0          0       3785   lcd.o
        22          0          0          0          0      35388   main.o
       124          0          0          0          0       1923   pc_buffer.o
       540         26          0          2         28       5785   serial_debug.o
       400         28          0          0          0       1873   spi.o
       164         10          0          0          0        865   spi_select.o
       252         10        620          0        512       5432   startup_tm4c123.o
       588        134          0          4          0       1537   system_tm4c123.o
       540         18          0          0          0       2626   timers.o
       636         50          0          0          0      33159   uart.o

    ----------------------------------------------------------------------
     12964       1056       7984         80        544     154869   Object Totals
         0          0         32          0          0          0   (incl. Generated)
         2          0          0          0          4          0   (incl. Padding)

    ----------------------------------------------------------------------

      Code (inc. data)   RO Data    RW Data    ZI Data      Debug   Library Member Name

      1380         36        127         24          0      15550   wireless.o
         0          0          0          0          0          0   entry.o
         0          0          0          0          0          0   entry10a.o
         0          0          0          0          0          0   entry11a.o
         8          4          0          0          0          0   entry2.o
         4          0          0          0          0          0   entry5.o
         0          0          0          0          0          0   entry7b.o
         0          0          0          0          0          0   entry8b.o
         8          4          0          0          0          0   entry9a.o
        30          0          0          0          0          0   handlers.o
        36          8          0          0          0         68   init.o
       108         16          0          0          0         84   malloc.o
         0          0          0          8          0          0   mvars.o
       472         14          0          0          0        184   printf3.o
        36         10          0          4          0        136   rand.o
         0          0          0          4          0          0   stdout.o
        44          0          0          0          0         80   uidiv.o

    ----------------------------------------------------------------------
      2128         92        128         40          0      16102   Library Totals
         2          0          1          0          0          0   (incl. Padding)

    ----------------------------------------------------------------------

      Code (inc. data)   RO Data    RW Data    ZI Data      Debug   Library Name

      1380         36        127         24          0      15550   ece353_nrf24l01p.lib
       746         56          0         16          0        552   mc_w.l

    ----------------------------------------------------------------------
      2128         92        128         40          0      16102   Library Totals

    ----------------------------------------------------------------------

==============================================================================


      Code (inc. data)   RO Data    RW Data    ZI Data      Debug   

     15092       1148       8112        120        544     167971   Grand Totals
     15092       1148       8112        120        544     167971   ELF Image Totals
     15092       1148       8112        120          0          0   ROM Totals

==============================================================================

    Total RO  Size (Code + RO Data)                23204 (  22.66kB)
    Total RW  Size (RW Data + ZI Data)               664 (   0.65kB)
    Total ROM Size (Code + RO Data + RW Data)      23324 (  22.78kB)

==============================================================================

